$ date -R
Thu, 20 Oct 2016 09:34:40 +1100
$ git checkout master
Already on 'master'
$ git reset --hard stable
HEAD is now at 1a1891d762d6 Merge tag 'for-f2fs-4.9-rc2' of git://git.kernel.org/pub/scm/linux/kernel/git/jaegeuk/f2fs
Merging origin/master (c3f8f7fa8b19 Merge tag 'platform-drivers-x86-v4.9-2' of git://git.infradead.org/users/dvhart/linux-platform-drivers-x86)
$ git merge origin/master
Updating 1a1891d762d6..c3f8f7fa8b19
Fast-forward
 .../devicetree/bindings/pinctrl/pinctrl-aspeed.txt |   4 +-
 arch/alpha/kernel/ptrace.c                         |   9 +-
 arch/blackfin/kernel/ptrace.c                      |   5 +-
 arch/cris/arch-v32/drivers/cryptocop.c             |   4 +-
 arch/cris/arch-v32/kernel/ptrace.c                 |   4 +-
 arch/ia64/kernel/err_inject.c                      |   2 +-
 arch/ia64/kernel/ptrace.c                          |  14 +--
 arch/m32r/kernel/ptrace.c                          |  15 ++--
 arch/mips/kernel/ptrace32.c                        |   5 +-
 arch/mips/mm/gup.c                                 |   2 +-
 arch/powerpc/kernel/ptrace32.c                     |   5 +-
 arch/s390/mm/gup.c                                 |   3 +-
 arch/score/kernel/ptrace.c                         |  10 ++-
 arch/sh/Makefile                                   |   2 +-
 arch/sh/boards/Kconfig                             |  10 +++
 arch/sh/configs/j2_defconfig                       |   2 +
 arch/sh/mm/gup.c                                   |   3 +-
 arch/sparc/kernel/ptrace_64.c                      |  24 +++--
 arch/sparc/mm/gup.c                                |   3 +-
 arch/x86/kernel/step.c                             |   3 +-
 arch/x86/mm/gup.c                                  |   2 +-
 arch/x86/mm/mpx.c                                  |   5 +-
 arch/x86/um/ptrace_32.c                            |   3 +-
 arch/x86/um/ptrace_64.c                            |   3 +-
 drivers/gpu/drm/amd/amdgpu/amdgpu_ttm.c            |   7 +-
 drivers/gpu/drm/etnaviv/etnaviv_gem.c              |   7 +-
 drivers/gpu/drm/exynos/exynos_drm_g2d.c            |   3 +-
 drivers/gpu/drm/i915/i915_gem_userptr.c            |   6 +-
 drivers/gpu/drm/radeon/radeon_ttm.c                |   3 +-
 drivers/gpu/drm/via/via_dmablit.c                  |   4 +-
 drivers/hid/hid-dr.c                               |  83 ++++++-----------
 drivers/hid/hid-ids.h                              |   3 +
 drivers/hid/hid-led.c                              |  23 ++++-
 drivers/hid/usbhid/hid-quirks.c                    |   1 +
 drivers/infiniband/core/umem.c                     |   6 +-
 drivers/infiniband/core/umem_odp.c                 |   7 +-
 drivers/infiniband/hw/mthca/mthca_memfree.c        |   2 +-
 drivers/infiniband/hw/qib/qib_user_pages.c         |   3 +-
 drivers/infiniband/hw/usnic/usnic_uiom.c           |   5 +-
 drivers/media/pci/ivtv/ivtv-udma.c                 |   4 +-
 drivers/media/pci/ivtv/ivtv-yuv.c                  |   5 +-
 drivers/media/platform/omap/omap_vout.c            |   2 +-
 drivers/media/v4l2-core/videobuf-dma-sg.c          |   7 +-
 drivers/media/v4l2-core/videobuf2-memops.c         |   6 +-
 drivers/misc/mic/scif/scif_rma.c                   |   3 +-
 drivers/misc/sgi-gru/grufault.c                    |   2 +-
 drivers/pinctrl/aspeed/pinctrl-aspeed-g5.c         | 100 +++++++++++++++++----
 drivers/pinctrl/aspeed/pinctrl-aspeed.c            |  12 +--
 drivers/pinctrl/intel/pinctrl-baytrail.c           |   3 +-
 drivers/pinctrl/intel/pinctrl-intel.c              |  25 +++++-
 drivers/platform/goldfish/goldfish_pipe.c          |   3 +-
 drivers/platform/x86/Kconfig                       |   1 +
 drivers/platform/x86/ideapad-laptop.c              |   7 ++
 drivers/rapidio/devices/rio_mport_cdev.c           |   3 +-
 drivers/scsi/st.c                                  |   5 +-
 .../interface/vchiq_arm/vchiq_2835_arm.c           |   3 +-
 .../vc04_services/interface/vchiq_arm/vchiq_arm.c  |   3 +-
 drivers/video/fbdev/pvr2fb.c                       |   4 +-
 drivers/virt/fsl_hypervisor.c                      |   4 +-
 fs/exec.c                                          |   9 +-
 fs/proc/base.c                                     |  19 ++--
 include/linux/mm.h                                 |  19 ++--
 kernel/events/uprobes.c                            |   6 +-
 kernel/printk/printk.c                             |   4 +
 kernel/ptrace.c                                    |  16 ++--
 kernel/sched/fair.c                                |   9 +-
 mm/frame_vector.c                                  |   9 +-
 mm/gup.c                                           |  64 ++++++-------
 mm/memory.c                                        |  16 ++--
 mm/mempolicy.c                                     |   2 +-
 mm/nommu.c                                         |  38 ++++----
 mm/process_vm_access.c                             |   7 +-
 mm/util.c                                          |   8 +-
 net/ceph/pagevec.c                                 |   2 +-
 security/tomoyo/domain.c                           |   2 +-
 virt/kvm/async_pf.c                                |   3 +-
 virt/kvm/kvm_main.c                                |  11 ++-
 77 files changed, 474 insertions(+), 277 deletions(-)
Merging fixes/master (30066ce675d3 Merge branch 'linus' of git://git.kernel.org/pub/scm/linux/kernel/git/herbert/crypto-2.6)
$ git merge fixes/master
Already up-to-date.
Merging kbuild-current/rc-fixes (d3e2773c4ede builddeb: Skip gcc-plugins when not configured)
$ git merge kbuild-current/rc-fixes
Already up-to-date.
Merging arc-current/for-curr (3da43104d318 ARC: Adjust cpuinfo for non-continuous cpu ids)
$ git merge arc-current/for-curr
Merge made by the 'recursive' strategy.
 arch/arc/Kconfig            | 19 +++++++++++--------
 arch/arc/boot/Makefile      | 16 ++++++++++++++--
 arch/arc/include/asm/mcip.h | 16 ++++++++++++++++
 arch/arc/kernel/mcip.c      | 31 +++++++++++--------------------
 arch/arc/kernel/setup.c     |  2 +-
 5 files changed, 53 insertions(+), 31 deletions(-)
Merging arm-current/fixes (6127d124ee4e ARM: wire up new pkey syscalls)
$ git merge arm-current/fixes
Merge made by the 'recursive' strategy.
 arch/arm/include/asm/unistd.h      |  2 +-
 arch/arm/include/uapi/asm/unistd.h |  3 +++
 arch/arm/kernel/calls.S            |  3 +++
 arch/arm/mm/abort-lv4t.S           | 34 ++++++++++++++++++++++++----------
 4 files changed, 31 insertions(+), 11 deletions(-)
Merging m68k-current/for-linus (6736e65effc3 m68k: Migrate exception table users off module.h and onto extable.h)
$ git merge m68k-current/for-linus
Already up-to-date.
Merging metag-fixes/fixes (35d04077ad96 metag: Only define atomic_dec_if_positive conditionally)
$ git merge metag-fixes/fixes
Already up-to-date.
Merging powerpc-fixes/fixes (78914ff08436 powerpc: Ignore the pkey system calls for now)
$ git merge powerpc-fixes/fixes
Merge made by the 'recursive' strategy.
 Documentation/ABI/testing/sysfs-class-cxl |  7 +++--
 arch/powerpc/boot/main.c                  | 18 ++++++++++--
 arch/powerpc/include/asm/unistd.h         |  4 +++
 arch/powerpc/mm/copro_fault.c             |  2 ++
 arch/powerpc/mm/numa.c                    | 46 ++++---------------------------
 drivers/misc/cxl/api.c                    |  9 ++++++
 drivers/misc/cxl/context.c                |  3 ++
 drivers/misc/cxl/cxl.h                    | 24 ++++++++++++++++
 drivers/misc/cxl/file.c                   | 11 ++++++++
 drivers/misc/cxl/guest.c                  |  3 ++
 drivers/misc/cxl/main.c                   | 42 +++++++++++++++++++++++++++-
 drivers/misc/cxl/pci.c                    |  2 ++
 drivers/misc/cxl/sysfs.c                  | 27 +++++++++++++++---
 13 files changed, 148 insertions(+), 50 deletions(-)
Merging sparc/master (4c1fad64eff4 Merge tag 'for-f2fs-4.9' of git://git.kernel.org/pub/scm/linux/kernel/git/jaegeuk/f2fs)
$ git merge sparc/master
Already up-to-date.
Merging net/master (c30a70d3ac60 stmmac: fix and review the ptp registration.)
$ git merge net/master
Resolved 'drivers/net/ethernet/qlogic/Kconfig' using previous resolution.
Auto-merging net/core/dev.c
Auto-merging include/net/cfg80211.h
Auto-merging drivers/net/ethernet/qlogic/Kconfig
CONFLICT (content): Merge conflict in drivers/net/ethernet/qlogic/Kconfig
Auto-merging drivers/net/ethernet/hisilicon/hns/hns_dsaf_main.c
Automatic merge failed; fix conflicts and then commit the result.
$ git commit -v -a
[master c3ff92ddb69d] Merge remote-tracking branch 'net/master'
$ git diff -M --stat --summary HEAD^..
 Documentation/networking/netdev-FAQ.txt            |   8 +-
 drivers/infiniband/ulp/ipoib/ipoib.h               |  20 +-
 drivers/infiniband/ulp/ipoib/ipoib_cm.c            |  15 +-
 drivers/infiniband/ulp/ipoib/ipoib_ib.c            |  12 +-
 drivers/infiniband/ulp/ipoib/ipoib_main.c          |  54 ++++--
 drivers/infiniband/ulp/ipoib/ipoib_multicast.c     |   6 +-
 drivers/net/dsa/b53/b53_mmap.c                     |   1 +
 drivers/net/dsa/bcm_sf2.c                          |   1 +
 drivers/net/ethernet/aurora/nb8800.c               |   1 +
 drivers/net/ethernet/broadcom/bcm63xx_enet.c       |   3 +-
 drivers/net/ethernet/broadcom/bnx2.c               |  17 +-
 drivers/net/ethernet/chelsio/cxgb4/cxgb4_main.c    |   2 +-
 drivers/net/ethernet/chelsio/cxgb4/sched.c         |   4 +-
 drivers/net/ethernet/ezchip/nps_enet.c             |   1 +
 drivers/net/ethernet/hisilicon/hns/hns_dsaf_main.c |   1 +
 drivers/net/ethernet/hisilicon/hns_mdio.c          |   1 +
 drivers/net/ethernet/ibm/ibmvnic.c                 |   4 +-
 drivers/net/ethernet/ibm/ibmvnic.h                 |   2 +-
 drivers/net/ethernet/mellanox/mlx4/en_cq.c         |  10 +-
 drivers/net/ethernet/qlogic/Kconfig                |   3 +
 drivers/net/ethernet/qlogic/qed/Makefile           |   2 +-
 drivers/net/ethernet/qlogic/qed/qed_cxt.c          |  15 +-
 drivers/net/ethernet/qlogic/qed/qed_debug.c        |  53 ++---
 drivers/net/ethernet/qlogic/qed/qed_dev.c          |  19 +-
 drivers/net/ethernet/qlogic/qed/qed_ll2.c          |  27 ++-
 drivers/net/ethernet/qlogic/qed/qed_ll2.h          |  20 --
 drivers/net/ethernet/qlogic/qed/qed_main.c         |  30 ++-
 drivers/net/ethernet/qlogic/qed/qed_roce.c         | 216 ++++++---------------
 drivers/net/ethernet/qlogic/qed/qed_roce.h         |  95 +++++----
 drivers/net/ethernet/qlogic/qed/qed_sp.h           |   1 -
 drivers/net/ethernet/qlogic/qed/qed_spq.c          |   4 -
 drivers/net/ethernet/qlogic/qede/Makefile          |   2 +-
 drivers/net/ethernet/qualcomm/emac/emac-mac.c      |   8 +-
 drivers/net/ethernet/qualcomm/emac/emac.c          |   1 +
 drivers/net/ethernet/realtek/r8169.c               |   3 +-
 drivers/net/ethernet/rocker/rocker_ofdpa.c         |   4 +-
 drivers/net/ethernet/stmicro/stmmac/stmmac.h       |   2 +-
 drivers/net/ethernet/stmicro/stmmac/stmmac_main.c  |   6 +-
 drivers/net/ethernet/stmicro/stmmac/stmmac_ptp.c   |  13 +-
 drivers/net/ethernet/synopsys/dwc_eth_qos.c        |   4 +-
 drivers/net/hyperv/netvsc_drv.c                    |   2 +-
 drivers/net/usb/asix_common.c                      |   8 +-
 drivers/net/vmxnet3/vmxnet3_drv.c                  |  17 +-
 drivers/net/vrf.c                                  |   2 +
 drivers/net/wan/Kconfig                            |   2 +-
 drivers/net/wan/slic_ds26522.c                     |   8 +
 drivers/net/wireless/ath/ath10k/core.h             |   1 +
 drivers/net/wireless/ath/ath10k/debug.c            |  75 +++----
 drivers/net/wireless/ath/ath6kl/sdio.c             |   1 +
 drivers/net/wireless/ath/ath9k/ar9003_calib.c      |  25 +--
 drivers/net/wireless/ath/ath9k/hw.h                |   1 -
 .../net/wireless/marvell/mwifiex/11n_rxreorder.c   |   2 +-
 drivers/net/wireless/realtek/rtl8xxxu/rtl8xxxu.h   |   4 +-
 .../net/wireless/realtek/rtl8xxxu/rtl8xxxu_8192e.c |   8 +-
 .../net/wireless/realtek/rtl8xxxu/rtl8xxxu_8723b.c |   4 +
 .../net/wireless/realtek/rtl8xxxu/rtl8xxxu_core.c  |  11 +-
 drivers/net/wireless/realtek/rtlwifi/core.c        |   2 +-
 .../net/wireless/realtek/rtlwifi/rtl8188ee/sw.c    |   8 +-
 .../net/wireless/realtek/rtlwifi/rtl8192ce/sw.c    |  13 +-
 .../net/wireless/realtek/rtlwifi/rtl8192cu/sw.c    |  12 +-
 .../net/wireless/realtek/rtlwifi/rtl8192de/sw.c    |   6 +-
 .../net/wireless/realtek/rtlwifi/rtl8192ee/sw.c    |   8 +-
 .../net/wireless/realtek/rtlwifi/rtl8192se/sw.c    |   9 +-
 .../net/wireless/realtek/rtlwifi/rtl8723ae/sw.c    |  12 +-
 .../net/wireless/realtek/rtlwifi/rtl8723be/sw.c    |   6 +-
 .../net/wireless/realtek/rtlwifi/rtl8821ae/sw.c    |  18 +-
 drivers/net/wireless/realtek/rtlwifi/wifi.h        |   2 -
 drivers/net/wireless/ti/wlcore/sdio.c              |   1 -
 fs/afs/cmservice.c                                 |   6 +-
 fs/afs/fsclient.c                                  |   4 +-
 fs/afs/internal.h                                  |   2 +-
 fs/afs/rxrpc.c                                     |   3 +-
 include/linux/ipv6.h                               |  17 +-
 include/linux/netdevice.h                          |   2 +-
 include/linux/qed/qede_roce.h                      |   2 +-
 include/net/cfg80211.h                             |  32 ++-
 include/net/if_inet6.h                             |   2 +-
 include/net/ip.h                                   |   8 +-
 include/net/tcp.h                                  |  13 +-
 include/uapi/linux/ethtool.h                       |   3 +-
 include/uapi/linux/rtnetlink.h                     |   2 +-
 net/bridge/br_multicast.c                          |  23 ++-
 net/core/dev.c                                     |  10 +-
 net/core/flow_dissector.c                          |   6 +-
 net/core/pktgen.c                                  |  17 +-
 net/core/sock_reuseport.c                          |   1 -
 net/hsr/hsr_forward.c                              |   4 -
 net/ipv4/inet_hashtables.c                         |   8 +-
 net/ipv4/ip_output.c                               |   3 -
 net/ipv4/tcp_ipv4.c                                |   3 -
 net/ipv6/addrconf.c                                | 102 ++++------
 net/ipv6/inet6_hashtables.c                        |   7 +-
 net/ipv6/ip6_tunnel.c                              |   2 +
 net/mac80211/aes_ccm.c                             |  46 +++--
 net/mac80211/aes_ccm.h                             |   8 +-
 net/mac80211/aes_gcm.c                             |  43 ++--
 net/mac80211/aes_gcm.h                             |   6 +-
 net/mac80211/aes_gmac.c                            |  26 +--
 net/mac80211/aes_gmac.h                            |   4 +
 net/mac80211/offchannel.c                          |   2 +-
 net/mac80211/rx.c                                  |  51 ++++-
 net/mac80211/wpa.c                                 |  22 +--
 net/rxrpc/call_object.c                            |   2 +-
 net/rxrpc/peer_object.c                            |   4 +-
 net/switchdev/switchdev.c                          |   9 +
 net/wireless/util.c                                |  34 ++--
 106 files changed, 761 insertions(+), 737 deletions(-)
$ git am -3 ../patches/0001-qed-merge-fix-for-CONFIG_INFINIBAND_QEDR-Kconfig-mov.patch
Applying: qed*: merge fix for CONFIG_INFINIBAND_QEDR Kconfig move
$ git reset HEAD^
Unstaged changes after reset:
M	drivers/infiniband/hw/qedr/Kconfig
$ git add -A .
$ git commit -v -a --amend
[master 954afc28a773] Merge remote-tracking branch 'net/master'
 Date: Thu Oct 20 09:43:03 2016 +1100
Merging ipsec/master (7f92083eb58f vti6: flush x-netns xfrm cache when vti interface is removed)
$ git merge ipsec/master
Merge made by the 'recursive' strategy.
 net/ipv6/ip6_vti.c | 31 +++++++++++++++++++++++++++++++
 1 file changed, 31 insertions(+)
Merging netfilter/master (6d3a4c404648 strparser: Propagate correct error code in strp_recv())
$ git merge netfilter/master
Already up-to-date.
Merging ipvs/master (ea43f860d984 Merge branch 'ethoc-fixes')
$ git merge ipvs/master
Already up-to-date.
Merging wireless-drivers/master (1ea2643961b0 ath6kl: add Dell OEM SDIO I/O for the Venue 8 Pro)
$ git merge wireless-drivers/master
Already up-to-date.
Merging mac80211/master (b4f0fd4baa90 qed: Use list_move_tail instead of list_del/list_add_tail)
$ git merge mac80211/master
Already up-to-date.
Merging sound-current/for-linus (d69bb92e402f ALSA: asihpi: fix kernel memory disclosure)
$ git merge sound-current/for-linus
Merge made by the 'recursive' strategy.
 sound/pci/asihpi/hpioctl.c    |  2 +-
 sound/pci/hda/hda_intel.c     |  7 +++++--
 sound/pci/hda/patch_realtek.c | 10 +++++++---
 3 files changed, 13 insertions(+), 6 deletions(-)
Merging pci-current/for-linus (15480f3ab7a8 PCI: layerscape: Fix drvdata usage before assignment)
$ git merge pci-current/for-linus
Merge made by the 'recursive' strategy.
 MAINTAINERS                       | 2 +-
 drivers/pci/host/pci-layerscape.c | 2 +-
 2 files changed, 2 insertions(+), 2 deletions(-)
Merging driver-core.current/driver-core-linus (1001354ca341 Linux 4.9-rc1)
$ git merge driver-core.current/driver-core-linus
Already up-to-date.
Merging tty.current/tty-linus (1001354ca341 Linux 4.9-rc1)
$ git merge tty.current/tty-linus
Already up-to-date.
Merging usb.current/usb-linus (1ee1710cd6bb wusb: fix error return code in wusb_prf())
$ git merge usb.current/usb-linus
Merge made by the 'recursive' strategy.
 Documentation/devicetree/bindings/usb/dwc2.txt |   5 +-
 drivers/usb/dwc2/core.c                        |  11 ++-
 drivers/usb/dwc2/core.h                        |   7 ++
 drivers/usb/dwc2/gadget.c                      |  53 +++++++++---
 drivers/usb/dwc3/gadget.c                      |  26 ++++--
 drivers/usb/gadget/function/f_fs.c             | 107 +++++++++++++++++++++----
 drivers/usb/gadget/function/u_ether.c          |   5 +-
 drivers/usb/gadget/udc/atmel_usba_udc.c        |   2 +-
 drivers/usb/wusbcore/crypto.c                  |  61 +++++++++-----
 9 files changed, 213 insertions(+), 64 deletions(-)
Merging usb-gadget-fixes/fixes (a1aa8cf6471b Revert "Documentation: devicetree: dwc2: Deprecate g-tx-fifo-size")
$ git merge usb-gadget-fixes/fixes
Already up-to-date.
Merging usb-serial-fixes/usb-linus (ca006f785fbf USB: serial: ftdi_sio: add support for Infineon TriBoard TC2X7)
$ git merge usb-serial-fixes/usb-linus
Merge made by the 'recursive' strategy.
 drivers/usb/serial/ftdi_sio.c     | 3 ++-
 drivers/usb/serial/ftdi_sio_ids.h | 5 +++--
 2 files changed, 5 insertions(+), 3 deletions(-)
Merging usb-chipidea-fixes/ci-for-usb-stable (6b7f456e67a1 usb: chipidea: host: fix NULL ptr dereference during shutdown)
$ git merge usb-chipidea-fixes/ci-for-usb-stable
Auto-merging drivers/usb/chipidea/host.c
Merge made by the 'recursive' strategy.
 drivers/usb/chipidea/host.c | 2 ++
 1 file changed, 2 insertions(+)
Merging staging.current/staging-linus (c89d98e224b4 staging/lustre/llite: Move unstable_stats from sysfs to debugfs)
$ git merge staging.current/staging-linus
Merge made by the 'recursive' strategy.
 drivers/staging/android/ion/ion_of.c              |  2 +-
 drivers/staging/greybus/gpio.c                    |  6 ++--
 drivers/staging/greybus/uart.c                    |  2 +-
 drivers/staging/lustre/lustre/llite/lproc_llite.c | 34 +++++++++++------------
 drivers/staging/wilc1000/host_interface.c         |  1 -
 5 files changed, 21 insertions(+), 24 deletions(-)
Merging char-misc.current/char-misc-linus (1001354ca341 Linux 4.9-rc1)
$ git merge char-misc.current/char-misc-linus
Already up-to-date.
Merging input-current/for-linus (da25311c7ca8 Input: i8042 - add XMG C504 to keyboard reset table)
$ git merge input-current/for-linus
Merge made by the 'recursive' strategy.
 drivers/input/serio/i8042-x86ia64io.h | 7 +++++++
 1 file changed, 7 insertions(+)
Merging crypto-current/master (6d4952d9d9d4 hwrng: core - Don't use a stack buffer in add_early_randomness())
$ git merge crypto-current/master
Merge made by the 'recursive' strategy.
 drivers/char/hw_random/core.c | 6 +++---
 1 file changed, 3 insertions(+), 3 deletions(-)
Merging ide/master (797cee982eef Merge branch 'stable-4.8' of git://git.infradead.org/users/pcmoore/audit)
$ git merge ide/master
Already up-to-date.
Merging rr-fixes/fixes (8244062ef1e5 modules: fix longstanding /proc/kallsyms vs module insertion race.)
$ git merge rr-fixes/fixes
Already up-to-date.
Merging vfio-fixes/for-linus (c8952a707556 vfio/pci: Fix NULL pointer oops in error interrupt setup handling)
$ git merge vfio-fixes/for-linus
Already up-to-date.
Merging kselftest-fixes/fixes (29b4817d4018 Linux 4.8-rc1)
$ git merge kselftest-fixes/fixes
Already up-to-date.
Merging backlight-fixes/for-backlight-fixes (68feaca0b13e backlight: pwm: Handle EPROBE_DEFER while requesting the PWM)
$ git merge backlight-fixes/for-backlight-fixes
Already up-to-date.
Merging ftrace-fixes/for-next-urgent (6224beb12e19 tracing: Have branch tracer use recursive field of task struct)
$ git merge ftrace-fixes/for-next-urgent
Already up-to-date.
Merging mfd-fixes/for-mfd-fixes (5baaf3b9efe1 usb: dwc3: st: Use explicit reset_control_get_exclusive() API)
$ git merge mfd-fixes/for-mfd-fixes
Already up-to-date.
Merging drm-intel-fixes/for-linux-next-fixes (1001354ca341 Linux 4.9-rc1)
$ git merge drm-intel-fixes/for-linux-next-fixes
Already up-to-date.
Merging kbuild/for-next (fbcbee25745d Merge branches 'kbuild/kbuild' and 'kbuild/misc' into kbuild/for-next)
$ git merge kbuild/for-next
Already up-to-date!
Merge made by the 'recursive' strategy.
Merging asm-generic/master (de4be6b87b6b asm-generic: page.h: fix comment typo)
$ git merge asm-generic/master
Resolved 'include/asm-generic/percpu.h' using previous resolution.
Auto-merging include/asm-generic/percpu.h
CONFLICT (content): Merge conflict in include/asm-generic/percpu.h
Automatic merge failed; fix conflicts and then commit the result.
$ git commit -v -a
[master 9d6876bdeeca] Merge remote-tracking branch 'asm-generic/master'
$ git diff -M --stat --summary HEAD^..
 include/asm-generic/page.h   | 2 +-
 include/asm-generic/percpu.h | 4 ++--
 2 files changed, 3 insertions(+), 3 deletions(-)
Merging arc/for-next (8df0cc75f530 ARC: [build] Support gz, lzma compressed uImage)
$ git merge arc/for-next
Merge made by the 'recursive' strategy.
Merging arm/for-next (509d3b3effe2 Merge branches 'fixes', 'misc', 'sa1100-base' and 'syscalls' into for-next)
$ git merge arm/for-next
Removing arch/arm/mach-sa1100/include/mach/SA-1101.h
Removing arch/arm/kernel/calls.S
Removing arch/arm/include/asm/mach-types.h
Merge made by the 'recursive' strategy.
 arch/arm/Makefile                            |   5 +-
 arch/arm/include/asm/Kbuild                  |   3 +
 arch/arm/include/asm/delay.h                 |  27 +
 arch/arm/include/asm/mach-types.h            |   1 -
 arch/arm/include/asm/unistd.h                |  26 +-
 arch/arm/include/uapi/asm/Kbuild             |   3 +
 arch/arm/include/uapi/asm/unistd.h           | 424 +-----------
 arch/arm/kernel/calls.S                      | 415 ------------
 arch/arm/kernel/entry-common.S               |  76 ++-
 arch/arm/lib/delay-loop.S                    |  15 +-
 arch/arm/mach-sa1100/include/mach/SA-1101.h  | 925 ---------------------------
 arch/arm/mach-sa1100/include/mach/hardware.h |   4 -
 arch/arm/tools/Makefile                      |  68 +-
 arch/arm/tools/syscall.tbl                   | 413 ++++++++++++
 arch/arm/tools/syscallhdr.sh                 |  30 +
 arch/arm/tools/syscallnr.sh                  |  33 +
 arch/arm/tools/syscalltbl.sh                 |  21 +
 17 files changed, 675 insertions(+), 1814 deletions(-)
 delete mode 100644 arch/arm/include/asm/mach-types.h
 delete mode 100644 arch/arm/kernel/calls.S
 delete mode 100644 arch/arm/mach-sa1100/include/mach/SA-1101.h
 create mode 100644 arch/arm/tools/syscall.tbl
 create mode 100644 arch/arm/tools/syscallhdr.sh
 create mode 100644 arch/arm/tools/syscallnr.sh
 create mode 100644 arch/arm/tools/syscalltbl.sh
Merging arm-perf/for-next/perf (694d0d0bb203 Linux 4.8-rc2)
$ git merge arm-perf/for-next/perf
Already up-to-date.
Merging arm-soc/for-next (83cb44244ff6 Merge branch 'fixes' into for-next)
$ git merge arm-soc/for-next
Auto-merging MAINTAINERS
Merge made by the 'recursive' strategy.
 MAINTAINERS                                          |  1 +
 arch/arm/boot/dts/ste-snowball.dts                   | 15 +++++++++++++--
 arch/arm/configs/multi_v7_defconfig                  |  1 +
 arch/arm/mach-mvebu/Kconfig                          |  4 +---
 arch/arm64/boot/dts/marvell/armada-cp110-master.dtsi |  2 +-
 drivers/bus/Kconfig                                  |  1 +
 6 files changed, 18 insertions(+), 6 deletions(-)
Merging pinctrl/for-next (c538b9436751 pinctrl: intel: Only restore pins that are used by the driver)
$ git merge pinctrl/for-next
Already up-to-date.
Merging amlogic/for-next (5a0803bd5ae2 ARM64: dts: meson-gxbb-odroidc2: Enable USB Nodes)
$ git merge amlogic/for-next
Merge made by the 'recursive' strategy.
 Documentation/devicetree/bindings/arm/amlogic.txt  |  11 +
 .../devicetree/bindings/vendor-prefixes.txt        |   1 +
 arch/arm64/boot/dts/amlogic/Makefile               |   4 +
 arch/arm64/boot/dts/amlogic/meson-gx.dtsi          | 208 +++++
 .../boot/dts/amlogic/meson-gxbb-nexbox-a95x.dts    | 109 +++
 .../arm64/boot/dts/amlogic/meson-gxbb-odroidc2.dts |  31 +-
 arch/arm64/boot/dts/amlogic/meson-gxbb-p20x.dtsi   |   2 +-
 .../boot/dts/amlogic/meson-gxbb-vega-s95.dtsi      |   2 +-
 arch/arm64/boot/dts/amlogic/meson-gxbb.dtsi        | 908 +++++++++------------
 .../boot/dts/amlogic/meson-gxl-s905d-p230.dts      |  51 ++
 .../boot/dts/amlogic/meson-gxl-s905d-p231.dts      |  51 ++
 .../boot/dts/amlogic/meson-gxl-s905d-p23x.dtsi     |  63 ++
 arch/arm64/boot/dts/amlogic/meson-gxl-s905d.dtsi   |  48 ++
 .../boot/dts/amlogic/meson-gxl-s905x-p212.dts      |  69 ++
 arch/arm64/boot/dts/amlogic/meson-gxl-s905x.dtsi   |  48 ++
 arch/arm64/boot/dts/amlogic/meson-gxl.dtsi         |  48 ++
 16 files changed, 1136 insertions(+), 518 deletions(-)
 create mode 100644 arch/arm64/boot/dts/amlogic/meson-gx.dtsi
 create mode 100644 arch/arm64/boot/dts/amlogic/meson-gxbb-nexbox-a95x.dts
 create mode 100644 arch/arm64/boot/dts/amlogic/meson-gxl-s905d-p230.dts
 create mode 100644 arch/arm64/boot/dts/amlogic/meson-gxl-s905d-p231.dts
 create mode 100644 arch/arm64/boot/dts/amlogic/meson-gxl-s905d-p23x.dtsi
 create mode 100644 arch/arm64/boot/dts/amlogic/meson-gxl-s905d.dtsi
 create mode 100644 arch/arm64/boot/dts/amlogic/meson-gxl-s905x-p212.dts
 create mode 100644 arch/arm64/boot/dts/amlogic/meson-gxl-s905x.dtsi
 create mode 100644 arch/arm64/boot/dts/amlogic/meson-gxl.dtsi
Merging at91/at91-next (0f59c948faed Merge tag 'at91-ab-4.8-defconfig' of git://git.kernel.org/pub/scm/linux/kernel/git/abelloni/linux into at91-next)
$ git merge at91/at91-next
Already up-to-date!
Merge made by the 'recursive' strategy.
Merging bcm2835/for-next (1443dff71db6 Merge branch anholt/bcm2835-dt-64-next into for-next)
$ git merge bcm2835/for-next
Merge made by the 'recursive' strategy.
 arch/arm/boot/dts/bcm2835-rpi-a-plus.dts           |   2 +-
 arch/arm/boot/dts/bcm2835-rpi-a.dts                |   2 +-
 arch/arm/boot/dts/bcm2835-rpi-b-plus.dts           |   2 +-
 arch/arm/boot/dts/bcm2835-rpi-b-rev2.dts           |   2 +-
 arch/arm/boot/dts/bcm2835-rpi-b.dts                |   2 +-
 arch/arm/boot/dts/bcm2835-rpi-zero.dts             |   2 +-
 arch/arm/boot/dts/bcm2835-rpi.dtsi                 |  15 +-
 arch/arm/boot/dts/bcm2836-rpi-2-b.dts              |   2 +-
 arch/arm/boot/dts/bcm283x.dtsi                     | 203 +++++++++++++++++++++
 arch/arm64/boot/dts/broadcom/bcm2837-rpi-3-b.dts   |   1 +
 .../boot/dts/broadcom/bcm283x-rpi-usb-host.dtsi    |   1 +
 drivers/gpu/drm/vc4/vc4_gem.c                      |   9 +-
 drivers/pinctrl/bcm/pinctrl-bcm2835.c              |   6 -
 include/dt-bindings/pinctrl/bcm2835.h              |   5 +
 14 files changed, 231 insertions(+), 23 deletions(-)
 create mode 120000 arch/arm64/boot/dts/broadcom/bcm283x-rpi-usb-host.dtsi
Merging berlin/berlin/for-next (5153351425c9 Merge branch 'berlin/dt' into berlin/for-next)
$ git merge berlin/berlin/for-next
Already up-to-date!
Merge made by the 'recursive' strategy.
Merging cortex-m/for-next (f719a0d6a854 ARM: efm32: switch to vendor,device compatible strings)
$ git merge cortex-m/for-next
Already up-to-date.
Merging imx-mxs/for-next (70da51e698c7 Merge branch 'imx/defconfig' into for-next)
$ git merge imx-mxs/for-next
Already up-to-date!
Merge made by the 'recursive' strategy.
Merging keystone/next (fb2a68db621a Merge branch 'for_4.9/keystone_dts' into next)
$ git merge keystone/next
Already up-to-date!
Merge made by the 'recursive' strategy.
Merging mvebu/for-next (81f448072d1d Merge branch 'mvebu/dt64' into mvebu/for-next)
$ git merge mvebu/for-next
Merge made by the 'recursive' strategy.
 arch/arm/boot/dts/armada-370-netgear-rn104.dts     |  5 +-
 arch/arm/boot/dts/armada-xp-netgear-rn2120.dts     |  7 +-
 arch/arm/plat-orion/gpio.c                         |  6 +-
 arch/arm64/boot/dts/marvell/Makefile               |  1 +
 .../boot/dts/marvell/armada-3720-espressobin.dts   | 82 ++++++++++++++++++++++
 5 files changed, 96 insertions(+), 5 deletions(-)
 create mode 100644 arch/arm64/boot/dts/marvell/armada-3720-espressobin.dts
Merging omap/for-next (624018387bcf Merge branch 'omap-for-v4.9/dt-v2' into for-next)
$ git merge omap/for-next
Merge made by the 'recursive' strategy.
Merging omap-pending/for-next (c20c8f750d9f ARM: OMAP2+: hwmod: fix _idle() hwmod state sanity check sequence)
$ git merge omap-pending/for-next
Already up-to-date.
Merging qcom/for-next (4feeec0c6e6d Merge tag 'qcom-arm64-defconfig-for-4.9' into all-for-4.8)
$ git merge qcom/for-next
Already up-to-date!
Merge made by the 'recursive' strategy.
Merging renesas/next (88b7b6785243 Merge branches 'arm64-dt-for-v4.10', 'dt-for-v4.10', 'drivers-for-v4.10', 'soc-for-v4.10' and 'defconfig-for-v4.10' into next)
$ git merge renesas/next
Merge made by the 'recursive' strategy.
 Documentation/devicetree/bindings/arm/shmobile.txt |   8 +-
 .../bindings/power/renesas,rcar-sysc.txt           |   7 +-
 arch/arm/boot/dts/r7s72100-rskrza1.dts             |   5 +
 arch/arm/boot/dts/r7s72100.dtsi                    |  55 +++++++++
 arch/arm/boot/dts/r8a7790.dtsi                     |   6 +-
 arch/arm/boot/dts/r8a7791-koelsch.dts              |  33 +++++-
 arch/arm/boot/dts/r8a7791.dtsi                     |   9 +-
 arch/arm/boot/dts/r8a7792-wheat.dts                | 126 +++++++++++++++++++++
 arch/arm/boot/dts/r8a7792.dtsi                     |  51 ++++++++-
 arch/arm/boot/dts/r8a7793-gose.dts                 |  12 +-
 arch/arm/boot/dts/r8a7793.dtsi                     |   6 +-
 arch/arm/boot/dts/r8a7794-alt.dts                  |  22 +++-
 arch/arm/boot/dts/r8a7794.dtsi                     |  67 +++++------
 arch/arm/configs/shmobile_defconfig                |   1 +
 arch/arm/mach-shmobile/Kconfig                     |  10 +-
 arch/arm/mach-shmobile/Makefile                    |   1 +
 arch/arm/mach-shmobile/setup-r8a7743.c             |  34 ++++++
 arch/arm64/boot/dts/renesas/r8a7795-salvator-x.dts |  26 ++++-
 arch/arm64/boot/dts/renesas/r8a7796-salvator-x.dts |   4 +
 drivers/soc/renesas/Makefile                       |   1 +
 drivers/soc/renesas/r8a7743-sysc.c                 |  32 ++++++
 drivers/soc/renesas/rcar-sysc.c                    |   3 +
 drivers/soc/renesas/rcar-sysc.h                    |   1 +
 include/dt-bindings/clock/r7s72100-clock.h         |   7 ++
 include/dt-bindings/power/r8a7743-sysc.h           |  25 ++++
 25 files changed, 488 insertions(+), 64 deletions(-)
 create mode 100644 arch/arm/mach-shmobile/setup-r8a7743.c
 create mode 100644 drivers/soc/renesas/r8a7743-sysc.c
 create mode 100644 include/dt-bindings/power/r8a7743-sysc.h
Merging rockchip/for-next (0114ffc85185 Merge branch 'v4.9-armsoc/dts64-fixes' into for-next)
$ git merge rockchip/for-next
Merge made by the 'recursive' strategy.
 Documentation/devicetree/bindings/arm/rockchip.txt |   8 +
 arch/arm/boot/dts/Makefile                         |   1 +
 arch/arm/boot/dts/rk3036-evb.dts                   |   2 +-
 arch/arm/boot/dts/rk3036-kylin.dts                 |   2 +-
 arch/arm/boot/dts/rk3036.dtsi                      |   4 +-
 arch/arm/boot/dts/rk3066a-bqcurie2.dts             |   2 +-
 arch/arm/boot/dts/rk3066a-marsboard.dts            |   2 +-
 arch/arm/boot/dts/rk3066a-rayeager.dts             |   2 +-
 arch/arm/boot/dts/rk3066a.dtsi                     |   2 +-
 arch/arm/boot/dts/rk3188-px3-evb.dts               | 328 +++++++++++++++++++++
 arch/arm/boot/dts/rk3188-radxarock.dts             |   2 +-
 arch/arm/boot/dts/rk3188.dtsi                      |   2 +-
 arch/arm/boot/dts/rk3228-evb.dts                   |   2 +-
 arch/arm/boot/dts/rk3229-evb.dts                   |   2 +-
 arch/arm/boot/dts/rk322x.dtsi                      |   4 +-
 arch/arm/boot/dts/rk3288-evb.dtsi                  |   2 +-
 arch/arm/boot/dts/rk3288-fennec.dts                |   2 +-
 arch/arm/boot/dts/rk3288-firefly-reload-core.dtsi  |   2 +-
 arch/arm/boot/dts/rk3288-firefly.dtsi              |   2 +-
 arch/arm/boot/dts/rk3288-miqi.dts                  |   2 +-
 arch/arm/boot/dts/rk3288-popmetal.dts              |  10 +-
 arch/arm/boot/dts/rk3288-r89.dts                   |   2 +-
 arch/arm/boot/dts/rk3288-rock2-som.dtsi            |   2 +-
 arch/arm/boot/dts/rk3288-veyron.dtsi               |   2 +-
 arch/arm/boot/dts/rk3288.dtsi                      |   6 +-
 arch/arm/boot/dts/rk3xxx.dtsi                      |   4 +-
 arch/arm64/boot/dts/rockchip/Makefile              |   1 +
 arch/arm64/boot/dts/rockchip/rk3368-geekbox.dts    |   3 -
 .../boot/dts/rockchip/rk3368-orion-r68-meta.dts    |   4 -
 arch/arm64/boot/dts/rockchip/rk3368-px5-evb.dts    | 314 ++++++++++++++++++++
 arch/arm64/boot/dts/rockchip/rk3368.dtsi           |  12 +-
 arch/arm64/boot/dts/rockchip/rk3399.dtsi           |   2 +
 drivers/clk/rockchip/clk-ddr.c                     |   5 +-
 drivers/soc/rockchip/pm_domains.c                  |  16 +-
 34 files changed, 707 insertions(+), 51 deletions(-)
 create mode 100644 arch/arm/boot/dts/rk3188-px3-evb.dts
 create mode 100644 arch/arm64/boot/dts/rockchip/rk3368-px5-evb.dts
Merging rpi/for-rpi-next (bc0195aad0da Linux 4.2-rc2)
$ git merge rpi/for-rpi-next
Already up-to-date.
Merging samsung/for-next (1a695a905c18 Linux 4.7-rc1)
$ git merge samsung/for-next
Already up-to-date.
Merging samsung-krzk/for-next (19350594a556 Merge branch 'next/dt' into for-next)
$ git merge samsung-krzk/for-next
Auto-merging arch/arm/configs/multi_v7_defconfig
Auto-merging arch/arm/boot/dts/Makefile
Merge made by the 'recursive' strategy.
 .../bindings/arm/samsung/samsung-boards.txt        |   3 +
 arch/arm/boot/dts/Makefile                         |   1 +
 arch/arm/boot/dts/exynos4412-itop-elite.dts        | 240 ++++++++++
 arch/arm/boot/dts/exynos4412-itop-scp-core.dtsi    | 501 +++++++++++++++++++++
 arch/arm/boot/dts/exynos4x12.dtsi                  |   2 +-
 arch/arm/boot/dts/exynos5410-odroidxu.dts          |  69 +++
 arch/arm/boot/dts/exynos5410-pinctrl.dtsi          |   9 +
 arch/arm/boot/dts/exynos5410.dtsi                  |  59 +++
 arch/arm/configs/exynos_defconfig                  |   1 +
 arch/arm/configs/multi_v7_defconfig                |   1 +
 10 files changed, 885 insertions(+), 1 deletion(-)
 create mode 100644 arch/arm/boot/dts/exynos4412-itop-elite.dts
 create mode 100644 arch/arm/boot/dts/exynos4412-itop-scp-core.dtsi
Merging tegra/for-next (74e8115883f5 Merge branch for-4.9/arm64/dt into for-next)
$ git merge tegra/for-next
Merge made by the 'recursive' strategy.
 drivers/clk/tegra/clk-tegra-pmc.c | 2 +-
 1 file changed, 1 insertion(+), 1 deletion(-)
Merging arm64/for-next/core (db68f3e7594a arm64: tlbflush.h: add __tlbi() macro)
$ git merge arm64/for-next/core
Already up-to-date.
Merging blackfin/for-linus (391e74a51ea2 eth: bf609 eth clock: add pclk clock for stmmac driver probe)
$ git merge blackfin/for-linus
Resolved 'arch/blackfin/mach-common/pm.c' using previous resolution.
Auto-merging arch/blackfin/mach-common/pm.c
CONFLICT (content): Merge conflict in arch/blackfin/mach-common/pm.c
Automatic merge failed; fix conflicts and then commit the result.
$ git commit -v -a
[master ebeee9b6ee97] Merge remote-tracking branch 'blackfin/for-linus'
$ git diff -M --stat --summary HEAD^..
Merging c6x/for-linux-next (ca3060d39ae7 c6x: Use generic clkdev.h header)
$ git merge c6x/for-linux-next
Already up-to-date.
Merging cris/for-next (2dc024e94578 cris: return of class_create should be considered)
$ git merge cris/for-next
Already up-to-date.
Merging h8300/h8300-next (58c57526711f h8300: Add missing include file to asm/io.h)
$ git merge h8300/h8300-next
Merge made by the 'recursive' strategy.
Merging hexagon/linux-next (02cc2ccfe771 Revert "Hexagon: fix signal.c compile error")
$ git merge hexagon/linux-next
Already up-to-date.
Merging ia64/next (fbb0e4da96f4 ia64: salinfo: use a waitqueue instead a sema down/up combo)
$ git merge ia64/next
Already up-to-date.
Merging m68k/for-next (6736e65effc3 m68k: Migrate exception table users off module.h and onto extable.h)
$ git merge m68k/for-next
Already up-to-date.
Merging m68knommu/for-next (00e8287f59cf m68k: add Sysam AMCORE open board support)
$ git merge m68knommu/for-next
Merge made by the 'recursive' strategy.
 arch/m68k/Kconfig.machine          |   6 ++
 arch/m68k/coldfire/Makefile        |   1 +
 arch/m68k/coldfire/amcore.c        | 156 +++++++++++++++++++++++++++++++++++++
 arch/m68k/configs/amcore_defconfig | 117 ++++++++++++++++++++++++++++
 4 files changed, 280 insertions(+)
 create mode 100644 arch/m68k/coldfire/amcore.c
 create mode 100644 arch/m68k/configs/amcore_defconfig
Merging metag/for-next (f5d163aad31e metag: perf: fix build on Meta1)
$ git merge metag/for-next
Already up-to-date.
Merging microblaze/next (52e9e6e05617 microblaze: pci: export isa_io_base to fix link errors)
$ git merge microblaze/next
Already up-to-date.
Merging mips/mips-for-linux-next (1001354ca341 Linux 4.9-rc1)
$ git merge mips/mips-for-linux-next
Already up-to-date.
Merging nios2/for-next (476080a79367 nios2: use of_property_read_bool)
$ git merge nios2/for-next
Already up-to-date.
Merging parisc-hd/for-next (c8d2bc9bc39e Linux 4.8)
$ git merge parisc-hd/for-next
Already up-to-date.
Merging powerpc/next (08bf75ba852e powerpc/mm/hash64: Fix might_have_hea() check)
$ git merge powerpc/next
Already up-to-date.
Merging fsl/next (e0b80f00bb96 arch/powerpc: Add CONFIG_FSL_DPAA to corenetXX_smp_defconfig)
$ git merge fsl/next
Already up-to-date.
Merging mpc5xxx/next (39e69f55f857 powerpc: Introduce the use of the managed version of kzalloc)
$ git merge mpc5xxx/next
Already up-to-date.
Merging s390/features (229e4caa6677 s390/dasd: Define often used variable)
$ git merge s390/features
Merge made by the 'recursive' strategy.
 arch/s390/include/asm/unistd.h |  3 +++
 arch/s390/mm/hugetlbpage.c     |  1 +
 drivers/s390/block/dasd.c      | 16 ++++++++--------
 drivers/s390/block/dasd_eckd.c |  4 ++--
 drivers/s390/cio/chp.c         |  6 ++++--
 5 files changed, 18 insertions(+), 12 deletions(-)
Merging sparc-next/master (9f935675d41a Merge branch 'for-linus' of git://git.kernel.org/pub/scm/linux/kernel/git/dtor/input)
$ git merge sparc-next/master
Already up-to-date.
Merging sh/for-next (e61c10e468a4 sh: add device tree source for J2 FPGA on Mimas v2 board)
$ git merge sh/for-next
Already up-to-date.
Merging tile/master (bf55d575234b tile: migrate exception table users off module.h and onto extable.h)
$ git merge tile/master
Merge made by the 'recursive' strategy.
 arch/tile/kernel/module.c    | 11 +++++------
 arch/tile/kernel/pci_gx.c    |  2 +-
 arch/tile/kernel/unaligned.c |  2 +-
 arch/tile/lib/cacheflush.c   |  8 +-------
 arch/tile/mm/extable.c       |  2 +-
 arch/tile/mm/fault.c         |  2 +-
 6 files changed, 10 insertions(+), 17 deletions(-)
Merging uml/linux-next (dad223284407 um: Don't discard .text.exit section)
$ git merge uml/linux-next
Already up-to-date.
Merging unicore32/unicore32 (1ace5d1e3d4b unicore32-oldabi: add oldabi syscall interface)
$ git merge unicore32/unicore32
Merge made by the 'recursive' strategy.
 arch/unicore32/Kconfig                          |  14 +
 arch/unicore32/include/asm/Kbuild               |   3 -
 arch/unicore32/include/asm/signal.h             |  21 +
 arch/unicore32/include/asm/syscalls.h           |  25 +
 arch/unicore32/include/uapi/asm/sigcontext.h    |  14 +
 arch/unicore32/include/uapi/asm/stat-oldabi.h   |  71 +++
 arch/unicore32/include/uapi/asm/stat.h          |  19 +
 arch/unicore32/include/uapi/asm/unistd-oldabi.h | 770 ++++++++++++++++++++++++
 arch/unicore32/include/uapi/asm/unistd.h        |   8 +
 arch/unicore32/kernel/entry.S                   |  17 +
 arch/unicore32/kernel/signal.c                  |  41 ++
 11 files changed, 1000 insertions(+), 3 deletions(-)
 create mode 100644 arch/unicore32/include/asm/signal.h
 create mode 100644 arch/unicore32/include/asm/syscalls.h
 create mode 100644 arch/unicore32/include/uapi/asm/stat-oldabi.h
 create mode 100644 arch/unicore32/include/uapi/asm/stat.h
 create mode 100644 arch/unicore32/include/uapi/asm/unistd-oldabi.h
Merging xtensa/xtensa-for-next (a4c6be5ad1d0 xtensa: disable MMU initialization option on MMUv2 cores)
$ git merge xtensa/xtensa-for-next
Already up-to-date.
Merging befs/for-next (3c8a965ad630 befs: remove signatures from comments)
$ git merge befs/for-next
Merge made by the 'recursive' strategy.
 fs/befs/befs.h          |  3 ++-
 fs/befs/befs_fs_types.h |  8 +++---
 fs/befs/btree.h         |  6 ++---
 fs/befs/datastream.c    |  2 --
 fs/befs/datastream.h    |  5 ++--
 fs/befs/debug.c         | 14 ++++++-----
 fs/befs/inode.c         | 12 ++++-----
 fs/befs/inode.h         |  3 +--
 fs/befs/io.c            |  7 +++---
 fs/befs/linuxvfs.c      | 66 ++++++++++++++++++++++++-------------------------
 fs/befs/super.h         |  4 +--
 11 files changed, 61 insertions(+), 69 deletions(-)
Merging btrfs/next (8b8b08cbfb90 Btrfs: fix delalloc accounting after copy_from_user faults)
$ git merge btrfs/next
Already up-to-date.
Merging btrfs-kdave/for-next (8e20bb49c043 Merge branch 'for-next-next-4.9-20161017' into for-next-20161017)
$ git merge btrfs-kdave/for-next
Auto-merging fs/btrfs/send.c
Auto-merging fs/btrfs/ioctl.c
Auto-merging fs/btrfs/inode.c
Auto-merging fs/btrfs/file.c
Auto-merging fs/btrfs/ctree.h
Merge made by the 'recursive' strategy.
 fs/btrfs/ctree.h             |   2 +-
 fs/btrfs/disk-io.c           |  13 ++--
 fs/btrfs/extent-tree.c       | 181 ++++++++++++++++++++++++++++++++-----------
 fs/btrfs/file.c              |   1 -
 fs/btrfs/inode.c             |  11 ++-
 fs/btrfs/ioctl.c             |   6 +-
 fs/btrfs/relocation.c        |   9 ++-
 fs/btrfs/send.c              |  58 ++++++++++++++
 fs/btrfs/super.c             |   4 -
 fs/btrfs/uuid-tree.c         |   8 +-
 fs/btrfs/volumes.c           |  42 +++++-----
 include/trace/events/btrfs.h |  11 +--
 12 files changed, 252 insertions(+), 94 deletions(-)
Merging ceph/master (5130ccea7cf4 ceph: fix non static symbol warning)
$ git merge ceph/master
Merge made by the 'recursive' strategy.
 drivers/block/rbd.c | 50 +++++++++++++++++++++++++++++++++-----------------
 fs/ceph/file.c      |  3 ++-
 fs/ceph/inode.c     |  3 ++-
 fs/ceph/super.c     |  2 ++
 fs/ceph/xattr.c     |  4 ++--
 5 files changed, 41 insertions(+), 21 deletions(-)
Merging cifs/for-next (8998b7e95ade CIFS: Fix BUG() in calc_seckey())
$ git merge cifs/for-next
Merge made by the 'recursive' strategy.
 fs/cifs/cifsencrypt.c | 11 ++++++++---
 1 file changed, 8 insertions(+), 3 deletions(-)
Merging configfs/for-next (42857cf512cb configfs: Return -EFBIG from configfs_write_bin_file.)
$ git merge configfs/for-next
Already up-to-date.
Merging ecryptfs/next (be280b25c328 ecryptfs: remove private bin2hex implementation)
$ git merge ecryptfs/next
Auto-merging fs/ecryptfs/main.c
Auto-merging fs/ecryptfs/ecryptfs_kernel.h
Merge made by the 'recursive' strategy.
 fs/ecryptfs/crypto.c          | 15 ---------------
 fs/ecryptfs/ecryptfs_kernel.h |  9 ++++++++-
 fs/ecryptfs/keystore.c        |  2 +-
 fs/ecryptfs/main.c            |  2 +-
 fs/ecryptfs/miscdev.c         |  2 +-
 5 files changed, 11 insertions(+), 19 deletions(-)
Merging ext3/for_next (e952813e210b ext2: avoid bogus -Wmaybe-uninitialized warning)
$ git merge ext3/for_next
Merge made by the 'recursive' strategy.
 fs/ext2/inode.c  | 7 ++++---
 fs/isofs/inode.c | 8 +++++---
 2 files changed, 9 insertions(+), 6 deletions(-)
Merging ext4/dev (d74f3d25289a ext4: add missing KERN_CONT to a few more debugging uses)
$ git merge ext4/dev
Merge made by the 'recursive' strategy.
 fs/crypto/crypto.c       | 15 ++++++++-------
 fs/crypto/policy.c       |  4 ++++
 fs/ext4/block_validity.c |  4 ++--
 fs/ext4/mballoc.h        | 17 ++++++++---------
 fs/ext4/namei.c          | 18 ++++++++++--------
 fs/ext4/super.c          | 21 +++++++++++----------
 fs/ext4/sysfs.c          |  4 ++++
 fs/ext4/xattr.c          | 20 +++++++-------------
 fs/jbd2/transaction.c    |  3 ++-
 9 files changed, 56 insertions(+), 50 deletions(-)
Merging f2fs/dev (998c8100da68 f2fs: use BIO_MAX_PAGES for bio allocation)
$ git merge f2fs/dev
Merge made by the 'recursive' strategy.
 fs/f2fs/acl.c          |   2 +-
 fs/f2fs/checkpoint.c   |  13 ++--
 fs/f2fs/data.c         |  41 ++++-------
 fs/f2fs/debug.c        |  11 ++-
 fs/f2fs/dir.c          |   9 ++-
 fs/f2fs/extent_cache.c |   2 +-
 fs/f2fs/f2fs.h         |  41 ++++++-----
 fs/f2fs/file.c         |  16 ++--
 fs/f2fs/gc.c           |   4 +-
 fs/f2fs/inline.c       |   8 +-
 fs/f2fs/inode.c        |  35 ++++++---
 fs/f2fs/namei.c        |   6 +-
 fs/f2fs/node.c         | 193 ++++++++++++++++++++++++++++---------------------
 fs/f2fs/node.h         |  13 ++--
 fs/f2fs/segment.c      |  12 +--
 fs/f2fs/segment.h      |  24 ++----
 fs/f2fs/shrinker.c     |  10 ++-
 fs/f2fs/super.c        |   4 +-
 fs/f2fs/xattr.c        |   4 +-
 19 files changed, 252 insertions(+), 196 deletions(-)
Merging freevxfs/for-next (bf1bb4b460c8 freevxfs: update Kconfig information)
$ git merge freevxfs/for-next
Already up-to-date.
Merging fscache/fscache (d52bd54db8be Merge branch 'akpm' (patches from Andrew))
$ git merge fscache/fscache
Already up-to-date.
Merging fuse/for-next (0ce267ff95a0 fuse: fix root dentry initialization)
$ git merge fuse/for-next
Merge made by the 'recursive' strategy.
 fs/fuse/dir.c    | 5 +++++
 fs/fuse/fuse_i.h | 1 +
 fs/fuse/inode.c  | 3 ++-
 3 files changed, 8 insertions(+), 1 deletion(-)
Merging gfs2/for-next (a3443cda5588 Merge branch 'next' of git://git.kernel.org/pub/scm/linux/kernel/git/jmorris/linux-security)
$ git merge gfs2/for-next
Already up-to-date.
Merging jfs/jfs-next (240c5185c52d jfs: Simplify code)
$ git merge jfs/jfs-next
Already up-to-date.
Merging nfs/linux-next (14155cafeadd btrfs: assign error values to the correct bio structs)
$ git merge nfs/linux-next
Already up-to-date.
Merging nfsd/nfsd-next (29ae7f9dc21a NFSD: Implement the COPY call)
$ git merge nfsd/nfsd-next
Already up-to-date.
Merging orangefs/for-next (f60fbdbf41c8 Revert "orangefs: bump minimum userspace version")
$ git merge orangefs/for-next
Already up-to-date.
Merging overlayfs/overlayfs-next (60a9ae933840 ovl: treat special files like a regular fs)
$ git merge overlayfs/overlayfs-next
Merge made by the 'recursive' strategy.
 Documentation/filesystems/overlayfs.txt |  6 ++---
 fs/ioctl.c                              |  7 ++++-
 fs/namei.c                              |  6 +----
 fs/namespace.c                          |  7 ++---
 fs/nfsd/vfs.c                           |  3 +--
 fs/open.c                               | 15 ++++++-----
 fs/overlayfs/copy_up.c                  |  8 ++++++
 fs/overlayfs/dir.c                      | 10 ++++----
 fs/overlayfs/inode.c                    | 45 ++++++++-------------------------
 fs/overlayfs/overlayfs.h                |  2 +-
 fs/overlayfs/super.c                    |  7 ++---
 fs/read_write.c                         | 13 +++++-----
 fs/xattr.c                              | 13 +++++++---
 include/linux/fs.h                      | 13 ++++++++++
 net/unix/af_unix.c                      |  6 ++---
 15 files changed, 82 insertions(+), 79 deletions(-)
Merging v9fs/for-next (a333e4bf2556 fs/9p: use fscache mutex rather than spinlock)
$ git merge v9fs/for-next
Already up-to-date.
Merging ubifs/linux-next (c83ed4c9dbb3 ubifs: Abort readdir upon error)
$ git merge ubifs/linux-next
Merge made by the 'recursive' strategy.
 drivers/mtd/ubi/eba.c     |  1 +
 drivers/mtd/ubi/fastmap.c |  2 +-
 fs/ubifs/dir.c            | 20 +++++++++-----------
 fs/ubifs/xattr.c          |  2 ++
 4 files changed, 13 insertions(+), 12 deletions(-)
Merging xfs/for-next (1001354ca341 Linux 4.9-rc1)
$ git merge xfs/for-next
Already up-to-date.
Merging file-locks/linux-next (d67fd44f697d locks: Filter /proc/locks output on proc pid ns)
$ git merge file-locks/linux-next
Already up-to-date.
Merging vfs/for-next (b26b5ef5ec7e Merge branch 'for-linus' of git://git.kernel.org/pub/scm/linux/kernel/git/viro/vfs)
$ git merge vfs/for-next
Already up-to-date.
Merging vfs-jk/vfs (030b533c4fd4 fs: Avoid premature clearing of capabilities)
$ git merge vfs-jk/vfs
Already up-to-date.
Merging vfs-miklos/next (c8d2bc9bc39e Linux 4.8)
$ git merge vfs-miklos/next
Already up-to-date.
Merging pci/next (1001354ca341 Linux 4.9-rc1)
$ git merge pci/next
Already up-to-date.
Merging pstore/for-next/pstore (f88baf68ebe5 ramoops: move spin_lock_init after kmalloc error checking)
$ git merge pstore/for-next/pstore
Already up-to-date.
Merging hid/for-next (419c103f0833 Merge branch 'for-4.9/upstream' into for-next)
$ git merge hid/for-next
Already up-to-date!
Merge made by the 'recursive' strategy.
Merging i2c/i2c/for-next (1001354ca341 Linux 4.9-rc1)
$ git merge i2c/i2c/for-next
Already up-to-date.
Merging jdelvare-hwmon/master (08d27eb20666 Merge branch 'for-linus' of git://git.kernel.org/pub/scm/linux/kernel/git/viro/vfs)
$ git merge jdelvare-hwmon/master
Already up-to-date.
Merging dmi/master (c8d2bc9bc39e Linux 4.8)
$ git merge dmi/master
Already up-to-date.
Merging hwmon-staging/hwmon-next (7ce4190c4ca4 hwmon: (nct6775) Add support for multiple virtual temperature sources)
$ git merge hwmon-staging/hwmon-next
Already up-to-date.
Merging jc_docs/docs-next (1001354ca341 Linux 4.9-rc1)
$ git merge jc_docs/docs-next
Already up-to-date.
Merging v4l-dvb/master (02a628e5c024 Merge branch 'v4l_for_linus' into to_next)
$ git merge v4l-dvb/master
Merge made by the 'recursive' strategy.
Merging pm/linux-next (2d79da7fc3b4 Merge branch 'acpi-cppc' into linux-next)
$ git merge pm/linux-next
Merge made by the 'recursive' strategy.
 include/acpi/pcc.h      | 2 +-
 include/linux/cpufreq.h | 4 ++--
 2 files changed, 3 insertions(+), 3 deletions(-)
Merging idle/next (f55532a0c0b8 Linux 4.6-rc1)
$ git merge idle/next
Already up-to-date.
Merging thermal/next (43720df96023 thermal: int3403: Process trip change notification)
$ git merge thermal/next
Already up-to-date.
Merging thermal-soc/next (c6935931c189 Linux 4.8-rc5)
$ git merge thermal-soc/next
Already up-to-date.
Merging ieee1394/for-next (6449e31ddebd firewire: nosy: do not ignore errors in ioremap_nocache())
$ git merge ieee1394/for-next
Already up-to-date.
Merging dlm/next (aa9f1012858b dlm: don't specify WQ_UNBOUND for the ast callback workqueue)
$ git merge dlm/next
Merge made by the 'recursive' strategy.
 fs/dlm/ast.c          |  2 +-
 fs/dlm/config.c       |  2 +-
 fs/dlm/debug_fs.c     |  2 +-
 fs/dlm/dlm_internal.h |  1 -
 fs/dlm/lockspace.c    |  2 ++
 fs/dlm/lowcomms.c     | 25 ++++++++++++-------------
 fs/dlm/main.c         |  2 ++
 fs/dlm/netlink.c      |  2 +-
 fs/dlm/user.c         |  1 -
 9 files changed, 20 insertions(+), 19 deletions(-)
Merging swiotlb/linux-next (386744425e35 swiotlb: Make linux/swiotlb.h standalone includible)
$ git merge swiotlb/linux-next
Already up-to-date.
Merging net-next/master (7b1536ef0aa0 Merge branch 'macb-ethtool-ringparam')
$ git merge net-next/master
Recorded preimage for 'include/linux/netdevice.h'
Recorded preimage for 'net/core/dev.c'
Auto-merging tools/testing/selftests/bpf/test_verifier.c
Removing samples/bpf/test_maps.c
Auto-merging net/core/dev.c
CONFLICT (content): Merge conflict in net/core/dev.c
Auto-merging include/linux/netdevice.h
CONFLICT (content): Merge conflict in include/linux/netdevice.h
Removing include/dt-bindings/net/mscc-phy-vsc8531.h
Auto-merging drivers/net/ethernet/stmicro/stmmac/stmmac_main.c
Auto-merging drivers/net/ethernet/stmicro/stmmac/stmmac.h
Auto-merging drivers/net/ethernet/realtek/r8169.c
Auto-merging drivers/net/ethernet/qlogic/qed/qed_spq.c
Auto-merging drivers/net/ethernet/qlogic/qed/qed_sp.h
Auto-merging drivers/net/ethernet/qlogic/qed/qed_roce.c
Auto-merging drivers/net/ethernet/hisilicon/hns/hns_enet.c
Auto-merging drivers/net/ethernet/hisilicon/hns/hns_dsaf_mac.c
Auto-merging drivers/net/ethernet/broadcom/bnx2.c
Auto-merging drivers/net/ethernet/broadcom/bcm63xx_enet.c
Auto-merging drivers/net/ethernet/aurora/nb8800.c
Auto-merging drivers/infiniband/ulp/ipoib/ipoib_main.c
Auto-merging MAINTAINERS
Automatic merge failed; fix conflicts and then commit the result.
$ git commit -v -a
Recorded resolution for 'include/linux/netdevice.h'.
Recorded resolution for 'net/core/dev.c'.
[master 0ef7fe9f0c0e] Merge remote-tracking branch 'net-next/master'
$ git diff -M --stat --summary HEAD^..
 .../devicetree/bindings/net/dsa/marvell.txt        |  21 +-
 .../devicetree/bindings/net/mscc-phy-vsc8531.txt   |  51 +-
 .../devicetree/bindings/net/smsc-lan91c111.txt     |   2 +
 .../devicetree/bindings/net/ti,dp83867.txt         |  12 +
 MAINTAINERS                                        |   3 +-
 arch/arm/boot/dts/dra72-evm-revc.dts               |  10 +-
 arch/arm/boot/dts/vf610-zii-dev-rev-b.dts          |  51 ++
 arch/arm/mach-pxa/idp.c                            |   1 +
 arch/arm/mach-pxa/mainstone.c                      |   1 +
 arch/arm/mach-pxa/stargate2.c                      |   1 +
 arch/arm64/configs/defconfig                       |   1 +
 arch/m68k/emu/nfeth.c                              |   1 -
 arch/mn10300/unit-asb2303/include/unit/smc91111.h  |   2 +-
 drivers/infiniband/core/core_priv.h                |   9 +-
 drivers/infiniband/core/roce_gid_mgmt.c            |  42 +-
 drivers/infiniband/ulp/ipoib/ipoib_main.c          |  37 +-
 drivers/isdn/hysdn/hysdn_net.c                     |   1 -
 drivers/media/dvb-core/dvb_net.c                   |   2 +-
 drivers/net/appletalk/ipddp.c                      |   1 -
 drivers/net/bonding/bond_alb.c                     |  82 ++-
 drivers/net/bonding/bond_main.c                    |  17 +-
 drivers/net/cris/eth_v10.c                         |   1 -
 drivers/net/dsa/mv88e6xxx/chip.c                   | 250 ++++++-
 drivers/net/dsa/mv88e6xxx/global2.c                | 139 +++-
 drivers/net/dsa/mv88e6xxx/global2.h                |  11 +
 drivers/net/dsa/mv88e6xxx/mv88e6xxx.h              |  31 +
 drivers/net/ethernet/3com/3c509.c                  |   1 -
 drivers/net/ethernet/3com/3c515.c                  |   1 -
 drivers/net/ethernet/3com/3c574_cs.c               |   1 -
 drivers/net/ethernet/3com/3c589_cs.c               |   1 -
 drivers/net/ethernet/3com/3c59x.c                  |   2 -
 drivers/net/ethernet/3com/typhoon.c                |   1 -
 drivers/net/ethernet/8390/8390.c                   |   1 -
 drivers/net/ethernet/8390/8390p.c                  |   1 -
 drivers/net/ethernet/8390/ax88796.c                |   1 -
 drivers/net/ethernet/8390/axnet_cs.c               |   1 -
 drivers/net/ethernet/8390/etherh.c                 |   1 -
 drivers/net/ethernet/8390/hydra.c                  |   1 -
 drivers/net/ethernet/8390/mac8390.c                |   1 -
 drivers/net/ethernet/8390/mcf8390.c                |   1 -
 drivers/net/ethernet/8390/ne2k-pci.c               |   1 -
 drivers/net/ethernet/8390/pcnet_cs.c               |   1 -
 drivers/net/ethernet/8390/smc-ultra.c              |   1 -
 drivers/net/ethernet/8390/wd.c                     |   1 -
 drivers/net/ethernet/8390/zorro8390.c              |   1 -
 drivers/net/ethernet/adaptec/starfire.c            |   1 -
 drivers/net/ethernet/adi/bfin_mac.c                |   1 -
 drivers/net/ethernet/agere/et131x.c                |   7 +-
 drivers/net/ethernet/allwinner/sun4i-emac.c        |   1 -
 drivers/net/ethernet/altera/altera_tse.h           |   1 -
 drivers/net/ethernet/altera/altera_tse_main.c      |  14 +-
 drivers/net/ethernet/amd/a2065.c                   |   1 -
 drivers/net/ethernet/amd/am79c961a.c               |   1 -
 drivers/net/ethernet/amd/amd8111e.c                |   5 +-
 drivers/net/ethernet/amd/ariadne.c                 |   1 -
 drivers/net/ethernet/amd/atarilance.c              |   1 -
 drivers/net/ethernet/amd/au1000_eth.c              |   1 -
 drivers/net/ethernet/amd/declance.c                |   1 -
 drivers/net/ethernet/amd/hplance.c                 |   1 -
 drivers/net/ethernet/amd/lance.c                   |   1 -
 drivers/net/ethernet/amd/mvme147.c                 |   1 -
 drivers/net/ethernet/amd/ni65.c                    |   1 -
 drivers/net/ethernet/amd/nmclan_cs.c               |   1 -
 drivers/net/ethernet/amd/pcnet32.c                 |   1 -
 drivers/net/ethernet/amd/sun3lance.c               |   1 -
 drivers/net/ethernet/amd/sunlance.c                |   1 -
 drivers/net/ethernet/apm/xgene/xgene_enet_main.c   |   7 +-
 drivers/net/ethernet/apm/xgene/xgene_enet_main.h   |   1 +
 drivers/net/ethernet/apm/xgene/xgene_enet_xgmac.c  |  19 +-
 drivers/net/ethernet/apple/bmac.c                  |   1 -
 drivers/net/ethernet/apple/mace.c                  |   1 -
 drivers/net/ethernet/apple/macmace.c               |   1 -
 drivers/net/ethernet/arc/emac_main.c               |   2 +-
 drivers/net/ethernet/atheros/alx/hw.h              |   1 -
 drivers/net/ethernet/atheros/alx/main.c            |  10 +-
 drivers/net/ethernet/atheros/atl1c/atl1c_main.c    |  41 +-
 drivers/net/ethernet/atheros/atl1e/atl1e_main.c    |  12 +-
 drivers/net/ethernet/atheros/atlx/atl1.c           |  15 +-
 drivers/net/ethernet/atheros/atlx/atl2.c           |  16 +-
 drivers/net/ethernet/atheros/atlx/atl2.h           |   3 -
 drivers/net/ethernet/aurora/nb8800.c               |   5 +-
 drivers/net/ethernet/broadcom/b44.c                |   9 +-
 drivers/net/ethernet/broadcom/bcm63xx_enet.c       |  35 +-
 drivers/net/ethernet/broadcom/bnx2.c               |  16 +-
 drivers/net/ethernet/broadcom/bnx2.h               |   6 +-
 drivers/net/ethernet/broadcom/bnx2x/bnx2x.h        |   6 +-
 drivers/net/ethernet/broadcom/bnx2x/bnx2x_cmn.c    |   8 +-
 drivers/net/ethernet/broadcom/bnx2x/bnx2x_link.c   |  22 +-
 drivers/net/ethernet/broadcom/bnx2x/bnx2x_main.c   |   7 +-
 drivers/net/ethernet/broadcom/bnxt/bnxt.c          |   7 +-
 drivers/net/ethernet/broadcom/tg3.c                |   9 +-
 drivers/net/ethernet/brocade/bna/bnad.c            |   7 +-
 drivers/net/ethernet/cadence/macb.c                | 193 +++--
 drivers/net/ethernet/cadence/macb.h                |   3 +
 drivers/net/ethernet/calxeda/xgmac.c               |  20 +-
 drivers/net/ethernet/cavium/liquidio/lio_main.c    |  15 +-
 .../net/ethernet/cavium/liquidio/octeon_network.h  |   2 +-
 drivers/net/ethernet/cavium/octeon/octeon_mgmt.c   |  13 +-
 drivers/net/ethernet/cavium/thunder/nicvf_main.c   |  10 +-
 drivers/net/ethernet/chelsio/cxgb/common.h         |   5 +
 drivers/net/ethernet/chelsio/cxgb/cxgb2.c          |  18 +-
 drivers/net/ethernet/chelsio/cxgb/pm3393.c         |   8 +-
 drivers/net/ethernet/chelsio/cxgb/vsc7326.c        |   5 -
 drivers/net/ethernet/chelsio/cxgb4/cxgb4_tc_u32.c  |   2 +-
 drivers/net/ethernet/cirrus/cs89x0.c               |   1 -
 drivers/net/ethernet/cirrus/ep93xx_eth.c           |   1 -
 drivers/net/ethernet/cirrus/mac89x0.c              |   1 -
 drivers/net/ethernet/cisco/enic/enic_main.c        |   7 +-
 drivers/net/ethernet/cisco/enic/enic_res.h         |   2 +-
 drivers/net/ethernet/davicom/dm9000.c              |   1 -
 drivers/net/ethernet/dec/tulip/de2104x.c           |   1 -
 drivers/net/ethernet/dec/tulip/de4x5.c             |   1 -
 drivers/net/ethernet/dec/tulip/dmfe.c              |   1 -
 drivers/net/ethernet/dec/tulip/tulip_core.c        |   1 -
 drivers/net/ethernet/dec/tulip/uli526x.c           |   1 -
 drivers/net/ethernet/dec/tulip/winbond-840.c       |   1 -
 drivers/net/ethernet/dec/tulip/xircom_cb.c         |   1 -
 drivers/net/ethernet/dlink/dl2k.c                  |  22 +-
 drivers/net/ethernet/dlink/sundance.c              |   6 +-
 drivers/net/ethernet/dnet.c                        |   1 -
 drivers/net/ethernet/ec_bhf.c                      |   1 -
 drivers/net/ethernet/fealnx.c                      |   1 -
 drivers/net/ethernet/freescale/fec_main.c          |   1 -
 drivers/net/ethernet/freescale/fec_mpc52xx.c       |   1 -
 drivers/net/ethernet/freescale/fman/mac.c          |   8 +-
 .../net/ethernet/freescale/fs_enet/fs_enet-main.c  |  44 +-
 drivers/net/ethernet/freescale/fs_enet/fs_enet.h   |   1 -
 drivers/net/ethernet/freescale/gianfar.c           |   9 +-
 drivers/net/ethernet/freescale/ucc_geth.c          |   1 -
 drivers/net/ethernet/fujitsu/fmvj18x_cs.c          |   1 -
 drivers/net/ethernet/hisilicon/hip04_eth.c         |   2 -
 drivers/net/ethernet/hisilicon/hisi_femac.c        |   1 -
 drivers/net/ethernet/hisilicon/hns/hns_dsaf_mac.c  |   3 +-
 drivers/net/ethernet/hisilicon/hns/hns_enet.c      |  11 +-
 drivers/net/ethernet/hp/hp100.c                    |   2 -
 drivers/net/ethernet/i825xx/82596.c                |   1 -
 drivers/net/ethernet/i825xx/ether1.c               |   1 -
 drivers/net/ethernet/i825xx/lib82596.c             |   1 -
 drivers/net/ethernet/i825xx/sun3_82586.c           |   1 -
 drivers/net/ethernet/ibm/ehea/ehea_main.c          |  13 +-
 drivers/net/ethernet/ibm/emac/core.c               |  10 +-
 drivers/net/ethernet/intel/e100.c                  |   9 -
 drivers/net/ethernet/intel/e1000/e1000_main.c      |  12 +-
 drivers/net/ethernet/intel/e1000e/netdev.c         |  14 +-
 drivers/net/ethernet/intel/fm10k/fm10k_netdev.c    |  15 +-
 drivers/net/ethernet/intel/i40e/i40e_main.c        |  10 +-
 drivers/net/ethernet/intel/i40evf/i40evf_main.c    |   8 +-
 drivers/net/ethernet/intel/igb/e1000_defines.h     |   3 +-
 drivers/net/ethernet/intel/igb/igb_main.c          |  15 +-
 drivers/net/ethernet/intel/igbvf/defines.h         |   3 +-
 drivers/net/ethernet/intel/igbvf/netdev.c          |  14 +-
 drivers/net/ethernet/intel/ixgb/ixgb_main.c        |  16 +-
 drivers/net/ethernet/intel/ixgbe/ixgbe_main.c      | 145 ++--
 drivers/net/ethernet/intel/ixgbevf/ixgbevf_main.c  |  33 +-
 drivers/net/ethernet/korina.c                      |   1 -
 drivers/net/ethernet/lantiq_etop.c                 |  18 +-
 drivers/net/ethernet/marvell/mv643xx_eth.c         | 164 +++--
 drivers/net/ethernet/marvell/mvneta.c              |  36 +-
 drivers/net/ethernet/marvell/mvpp2.c               |  36 +-
 drivers/net/ethernet/marvell/pxa168_eth.c          |   7 +-
 drivers/net/ethernet/marvell/skge.c                |  13 +-
 drivers/net/ethernet/marvell/skge.h                |   4 +-
 drivers/net/ethernet/marvell/sky2.c                |  18 +-
 drivers/net/ethernet/mediatek/mtk_eth_soc.c        |   1 -
 drivers/net/ethernet/mellanox/mlx4/en_netdev.c     |   8 +-
 drivers/net/ethernet/mellanox/mlx5/core/en_main.c  |  24 +-
 drivers/net/ethernet/mellanox/mlx5/core/en_tc.c    |   2 +-
 drivers/net/ethernet/mellanox/mlxsw/spectrum.c     |  41 +-
 drivers/net/ethernet/micrel/ks8851.c               |   1 -
 drivers/net/ethernet/micrel/ks8851_mll.c           |   1 -
 drivers/net/ethernet/micrel/ksz884x.c              |  33 +-
 drivers/net/ethernet/microchip/enc28j60.c          |   1 -
 drivers/net/ethernet/moxa/moxart_ether.c           |   1 -
 drivers/net/ethernet/myricom/myri10ge/myri10ge.c   |  20 +-
 drivers/net/ethernet/natsemi/jazzsonic.c           |   1 -
 drivers/net/ethernet/natsemi/macsonic.c            |   1 -
 drivers/net/ethernet/natsemi/natsemi.c             |   7 +-
 drivers/net/ethernet/natsemi/xtsonic.c             |   1 -
 drivers/net/ethernet/neterion/s2io.c               |   9 +-
 drivers/net/ethernet/neterion/vxge/vxge-config.h   |   2 +-
 drivers/net/ethernet/neterion/vxge/vxge-main.c     |   9 +-
 .../net/ethernet/netronome/nfp/nfp_net_common.c    |  10 +-
 .../net/ethernet/netronome/nfp/nfp_net_offload.c   |   2 +-
 drivers/net/ethernet/netx-eth.c                    |   1 -
 drivers/net/ethernet/nuvoton/w90p910_ether.c       |   1 -
 drivers/net/ethernet/nvidia/forcedeth.c            |   9 +-
 drivers/net/ethernet/nxp/lpc_eth.c                 |   1 -
 .../net/ethernet/oki-semi/pch_gbe/pch_gbe_main.c   |  13 +-
 drivers/net/ethernet/packetengines/hamachi.c       |   1 -
 drivers/net/ethernet/packetengines/yellowfin.c     |   1 -
 drivers/net/ethernet/pasemi/pasemi_mac.c           |  12 +-
 drivers/net/ethernet/qlogic/qed/qed_l2.c           |  12 +-
 drivers/net/ethernet/qlogic/qed/qed_roce.c         |   1 -
 drivers/net/ethernet/qlogic/qed/qed_sp.h           |   4 +-
 drivers/net/ethernet/qlogic/qed/qed_spq.c          |  97 ++-
 drivers/net/ethernet/qlogic/qed/qed_sriov.c        | 114 ++-
 drivers/net/ethernet/qlogic/qed/qed_sriov.h        |   1 +
 drivers/net/ethernet/qlogic/qed/qed_vf.c           |   4 +-
 drivers/net/ethernet/qlogic/qed/qed_vf.h           |   1 +
 drivers/net/ethernet/qlogic/qede/qede.h            |   6 +-
 drivers/net/ethernet/qlogic/qede/qede_ethtool.c    |   8 -
 drivers/net/ethernet/qlogic/qede/qede_main.c       |  75 +-
 drivers/net/ethernet/qlogic/qla3xxx.c              |   1 -
 drivers/net/ethernet/qlogic/qlcnic/qlcnic_hw.c     |   6 -
 drivers/net/ethernet/qlogic/qlcnic/qlcnic_main.c   |   4 +
 drivers/net/ethernet/qualcomm/qca_framing.h        |   6 +-
 drivers/net/ethernet/qualcomm/qca_spi.c            |  16 +-
 drivers/net/ethernet/rdc/r6040.c                   |   1 -
 drivers/net/ethernet/realtek/8139cp.c              |   8 +-
 drivers/net/ethernet/realtek/8139too.c             |  13 +-
 drivers/net/ethernet/realtek/atp.c                 |   1 -
 drivers/net/ethernet/realtek/r8169.c               |   8 +-
 drivers/net/ethernet/renesas/ravb_main.c           |   1 -
 drivers/net/ethernet/renesas/sh_eth.c              |   2 -
 drivers/net/ethernet/rocker/rocker_main.c          |  43 +-
 drivers/net/ethernet/samsung/sxgbe/sxgbe_main.c    |  17 +-
 drivers/net/ethernet/seeq/ether3.c                 |   1 -
 drivers/net/ethernet/seeq/sgiseeq.c                |   1 -
 drivers/net/ethernet/sfc/efx.c                     |  14 +-
 drivers/net/ethernet/sgi/ioc3-eth.c                |   1 -
 drivers/net/ethernet/sgi/meth.c                    |   1 -
 drivers/net/ethernet/silan/sc92031.c               |   1 -
 drivers/net/ethernet/sis/sis190.c                  |   1 -
 drivers/net/ethernet/sis/sis900.c                  |   1 -
 drivers/net/ethernet/smsc/epic100.c                |   1 -
 drivers/net/ethernet/smsc/smc911x.c                |   1 -
 drivers/net/ethernet/smsc/smc9194.c                |   1 -
 drivers/net/ethernet/smsc/smc91c92_cs.c            |   1 -
 drivers/net/ethernet/smsc/smc91x.c                 |   6 +-
 drivers/net/ethernet/smsc/smc91x.h                 |  82 ++-
 drivers/net/ethernet/smsc/smsc911x.c               |   1 -
 .../net/ethernet/stmicro/stmmac/dwmac-socfpga.c    |   4 +-
 drivers/net/ethernet/stmicro/stmmac/stmmac.h       |   1 -
 .../net/ethernet/stmicro/stmmac/stmmac_ethtool.c   | 115 +--
 drivers/net/ethernet/stmicro/stmmac/stmmac_main.c  |  65 +-
 drivers/net/ethernet/sun/cassini.c                 |   7 +-
 drivers/net/ethernet/sun/ldmvsw.c                  |   5 +-
 drivers/net/ethernet/sun/niu.c                     |   7 +-
 drivers/net/ethernet/sun/sunbmac.c                 |   1 -
 drivers/net/ethernet/sun/sungem.c                  |  11 +-
 drivers/net/ethernet/sun/sunhme.c                  |   1 -
 drivers/net/ethernet/sun/sunqe.c                   |   1 -
 drivers/net/ethernet/sun/sunvnet.c                 |   5 +-
 drivers/net/ethernet/sun/sunvnet_common.c          |  10 -
 drivers/net/ethernet/sun/sunvnet_common.h          |   3 +-
 drivers/net/ethernet/tehuti/tehuti.c               |  14 +-
 drivers/net/ethernet/tehuti/tehuti.h               |   3 +
 drivers/net/ethernet/ti/cpmac.c                    |   1 -
 drivers/net/ethernet/ti/cpsw.c                     |  18 +-
 drivers/net/ethernet/ti/netcp_core.c               |  20 +-
 drivers/net/ethernet/ti/netcp_ethss.c              |  42 +-
 drivers/net/ethernet/ti/tlan.c                     |   1 -
 drivers/net/ethernet/tile/tilegx.c                 |  21 +-
 drivers/net/ethernet/tile/tilepro.c                |  27 +-
 drivers/net/ethernet/toshiba/ps3_gelic_net.c       |  23 +-
 drivers/net/ethernet/toshiba/ps3_gelic_net.h       |   1 -
 drivers/net/ethernet/toshiba/ps3_gelic_wireless.c  |   1 -
 drivers/net/ethernet/toshiba/spider_net.c          |  24 +-
 drivers/net/ethernet/toshiba/tc35815.c             |   1 -
 drivers/net/ethernet/tundra/tsi108_eth.c           |   1 -
 drivers/net/ethernet/via/via-rhine.c               |   1 -
 drivers/net/ethernet/via/via-velocity.c            |  11 +-
 drivers/net/ethernet/wiznet/w5100.c                |   1 -
 drivers/net/ethernet/wiznet/w5300.c                |   1 -
 drivers/net/ethernet/xircom/xirc2ps_cs.c           |   1 -
 drivers/net/ethernet/xscale/ixp4xx_eth.c           |   1 -
 drivers/net/fjes/Makefile                          |   2 +-
 drivers/net/fjes/fjes.h                            |  16 +
 drivers/net/fjes/fjes_debugfs.c                    | 117 +++
 drivers/net/fjes/fjes_ethtool.c                    | 181 ++++-
 drivers/net/fjes/fjes_hw.c                         | 171 ++++-
 drivers/net/fjes/fjes_hw.h                         |  34 +
 drivers/net/fjes/fjes_main.c                       |  63 +-
 drivers/net/fjes/fjes_trace.c                      |  30 +
 drivers/net/fjes/fjes_trace.h                      | 380 ++++++++++
 drivers/net/ipvlan/ipvlan_main.c                   |   2 +-
 drivers/net/phy/Kconfig                            |  13 +
 drivers/net/phy/Makefile                           |   1 +
 drivers/net/phy/dp83867.c                          |  28 +
 drivers/net/phy/mscc.c                             | 135 ++--
 drivers/net/phy/phy.c                              | 109 ++-
 drivers/net/phy/phy_device.c                       |   7 +-
 drivers/net/phy/phy_led_triggers.c                 | 136 ++++
 drivers/net/plip/plip.c                            |   1 -
 drivers/net/sb1000.c                               |   1 -
 drivers/net/usb/catc.c                             |   1 -
 drivers/net/usb/cdc_ether.c                        |  28 +
 drivers/net/usb/kaweth.c                           |   1 -
 drivers/net/usb/lan78xx.c                          |  70 +-
 drivers/net/usb/pegasus.c                          |   1 -
 drivers/net/usb/r8152.c                            |   9 +-
 drivers/net/usb/rtl8150.c                          |   1 -
 drivers/net/wan/sbni.c                             |   1 -
 drivers/net/wireless/intersil/prism54/islpci_dev.c |   1 -
 drivers/net/wireless/mac80211_hwsim.c              |   1 -
 drivers/net/wireless/marvell/libertas/main.c       |   1 -
 drivers/net/wireless/ray_cs.c                      |   1 -
 drivers/net/wireless/wl3501_cs.c                   |   1 -
 drivers/net/wireless/zydas/zd1201.c                |   1 -
 drivers/s390/net/lcs.c                             |   2 +-
 drivers/s390/net/netiucv.c                         |  17 +-
 drivers/staging/octeon/ethernet.c                  |  22 +-
 drivers/staging/rtl8188eu/os_dep/mon.c             |   1 -
 drivers/staging/rtl8192e/rtl8192e/rtl_core.c       |   1 -
 drivers/staging/rtl8192u/r8192U_core.c             |   1 -
 drivers/staging/slicoss/slicoss.c                  |   1 -
 include/dt-bindings/net/mscc-phy-vsc8531.h         |  21 -
 include/linux/bpf_verifier.h                       |   2 +-
 include/linux/netdevice.h                          | 120 +--
 include/linux/phy.h                                |  27 +-
 include/linux/phy_led_triggers.h                   |  51 ++
 include/linux/qed/qed_eth_if.h                     |   3 +-
 include/linux/smc91x.h                             |   1 +
 include/net/lwtunnel.h                             |   7 +-
 include/net/sctp/structs.h                         |   3 +-
 include/net/tc_act/tc_mirred.h                     |   6 +-
 include/uapi/linux/if_ether.h                      |   2 +
 kernel/bpf/verifier.c                              |  61 +-
 net/8021q/vlan.c                                   |   7 +-
 net/atm/br2684.c                                   |   2 -
 net/bluetooth/bnep/netdev.c                        |   1 -
 net/bridge/br_fdb.c                                |  10 +-
 net/core/dev.c                                     | 493 +++++--------
 net/core/lwtunnel.c                                |  13 +
 net/dsa/slave.c                                    |  14 +-
 net/ethernet/eth.c                                 |   5 +-
 net/ipv6/ila/ila_lwt.c                             |  88 ++-
 net/irda/irlan/irlan_eth.c                         |   1 -
 net/iucv/af_iucv.c                                 |  34 +-
 net/openvswitch/actions.c                          |  24 +-
 net/openvswitch/datapath.c                         |   2 -
 net/openvswitch/vport-netdev.c                     |   1 -
 net/openvswitch/vport.c                            |  17 -
 net/openvswitch/vport.h                            |   1 -
 net/rds/connection.c                               |  15 -
 net/rds/rds.h                                      |   4 -
 net/rds/threads.c                                  |   3 +-
 net/sched/act_mirred.c                             |  84 ++-
 net/sctp/chunk.c                                   |  32 +-
 net/sctp/output.c                                  |   6 +-
 net/sctp/outqueue.c                                |   4 +-
 samples/bpf/Makefile                               |   3 -
 samples/bpf/test_maps.c                            | 503 -------------
 tools/include/linux/filter.h                       |  24 +
 tools/testing/selftests/Makefile                   |   3 +-
 tools/testing/selftests/bpf/.gitignore             |   2 +
 tools/testing/selftests/bpf/Makefile               |  13 +
 tools/testing/selftests/bpf/bpf_sys.h              | 108 +++
 tools/testing/selftests/bpf/config                 |   5 +
 tools/testing/selftests/bpf/test_kmod.sh           |  39 +
 tools/testing/selftests/bpf/test_maps.c            | 525 +++++++++++++
 .../testing/selftests}/bpf/test_verifier.c         | 811 ++++++++++++++-------
 352 files changed, 5196 insertions(+), 2985 deletions(-)
 create mode 100644 drivers/net/fjes/fjes_debugfs.c
 create mode 100644 drivers/net/fjes/fjes_trace.c
 create mode 100644 drivers/net/fjes/fjes_trace.h
 create mode 100644 drivers/net/phy/phy_led_triggers.c
 delete mode 100644 include/dt-bindings/net/mscc-phy-vsc8531.h
 create mode 100644 include/linux/phy_led_triggers.h
 delete mode 100644 samples/bpf/test_maps.c
 create mode 100644 tools/testing/selftests/bpf/.gitignore
 create mode 100644 tools/testing/selftests/bpf/Makefile
 create mode 100644 tools/testing/selftests/bpf/bpf_sys.h
 create mode 100644 tools/testing/selftests/bpf/config
 create mode 100755 tools/testing/selftests/bpf/test_kmod.sh
 create mode 100644 tools/testing/selftests/bpf/test_maps.c
 rename {samples => tools/testing/selftests}/bpf/test_verifier.c (78%)
Merging ipsec-next/master (2258d927a691 xfrm: remove unused helper)
$ git merge ipsec-next/master
Merge made by the 'recursive' strategy.
 net/xfrm/xfrm_state.c | 8 --------
 1 file changed, 8 deletions(-)
Merging netfilter-next/master (1b830996c160 Merge branch 's390-net')
$ git merge netfilter-next/master
Already up-to-date.
Merging ipvs-next/master (ae9442f688c3 ipvs: Use IS_ERR_OR_NULL(svc) instead of IS_ERR(svc) || svc == NULL)
$ git merge ipvs-next/master
Merge made by the 'recursive' strategy.
 net/netfilter/ipvs/ip_vs_ctl.c | 2 +-
 1 file changed, 1 insertion(+), 1 deletion(-)
Merging wireless-drivers-next/master (15b95a159502 Merge ath-next from git://git.kernel.org/pub/scm/linux/kernel/git/kvalo/ath.git)
$ git merge wireless-drivers-next/master
Already up-to-date.
Merging bluetooth/master (90c716a2ee0b Bluetooth: Fix append max 11 bytes of name to scan rsp data)
$ git merge bluetooth/master
Merge made by the 'recursive' strategy.
 drivers/bluetooth/hci_bcm.c       |  8 +++++++
 drivers/bluetooth/hci_bcsp.c      |  4 +---
 drivers/bluetooth/hci_h5.c        |  4 +---
 drivers/bluetooth/hci_qca.c       |  9 +++----
 include/net/bluetooth/bluetooth.h | 25 ++++++++++----------
 net/bluetooth/hci_request.c       | 49 ++++++++++++++++++---------------------
 net/bluetooth/hci_request.h       |  2 ++
 net/bluetooth/mgmt.c              | 26 ++++++++++++++-------
 8 files changed, 68 insertions(+), 59 deletions(-)
Merging mac80211-next/master (1374e867dcec wireless: deprecate WDS and disable by default)
$ git merge mac80211-next/master
Auto-merging net/wireless/util.c
Auto-merging net/mac80211/wpa.c
Auto-merging net/mac80211/rx.c
Auto-merging include/net/cfg80211.h
Auto-merging drivers/net/wireless/mac80211_hwsim.c
Merge made by the 'recursive' strategy.
 Documentation/networking/mac80211_hwsim/README     |  2 +-
 drivers/net/wireless/Kconfig                       | 13 ++++
 drivers/net/wireless/ath/ath10k/mac.c              |  1 +
 drivers/net/wireless/ath/ath9k/init.c              |  6 ++
 drivers/net/wireless/broadcom/b43/main.c           |  2 +
 drivers/net/wireless/broadcom/b43legacy/main.c     |  2 +
 .../broadcom/brcm80211/brcmfmac/cfg80211.c         | 22 +++---
 drivers/net/wireless/mac80211_hwsim.c              | 79 +++++++++++-----------
 drivers/net/wireless/ralink/rt2x00/rt2x00dev.c     |  6 +-
 drivers/net/wireless/ti/wlcore/main.c              |  1 +
 include/net/cfg80211.h                             | 71 ++++++++++++-------
 include/net/ieee80211_radiotap.h                   |  4 +-
 include/net/mac80211.h                             | 19 ++++--
 include/uapi/linux/nl80211.h                       |  8 ++-
 net/mac80211/agg-rx.c                              |  8 +--
 net/mac80211/cfg.c                                 | 32 ++-------
 net/mac80211/debugfs.c                             |  1 +
 net/mac80211/debugfs_netdev.c                      | 11 +++
 net/mac80211/debugfs_sta.c                         |  9 ++-
 net/mac80211/ieee80211_i.h                         | 22 +++++-
 net/mac80211/iface.c                               | 16 +++++
 net/mac80211/main.c                                |  4 ++
 net/mac80211/mlme.c                                |  2 +-
 net/mac80211/rx.c                                  | 11 +--
 net/mac80211/sta_info.c                            | 23 +++----
 net/mac80211/sta_info.h                            |  4 +-
 net/mac80211/tx.c                                  | 55 +++++++++++----
 net/mac80211/util.c                                | 51 +++++++-------
 net/mac80211/wme.c                                 | 23 +++++--
 net/mac80211/wpa.c                                 |  2 +-
 net/wireless/core.c                                | 10 +++
 net/wireless/core.h                                |  2 +-
 net/wireless/nl80211.c                             | 22 ++++--
 net/wireless/sme.c                                 |  2 +-
 net/wireless/util.c                                | 73 ++++++++++++++------
 35 files changed, 403 insertions(+), 216 deletions(-)
Merging rdma/for-next (2937f3757519 staging/lustre: Disable InfiniBand support)
$ git merge rdma/for-next
Already up-to-date.
Merging rdma-leon/rdma-next (1001354ca341 Linux 4.9-rc1)
$ git merge rdma-leon/rdma-next
Already up-to-date.
Merging rdma-leon-test/testing/rdma-next (1001354ca341 Linux 4.9-rc1)
$ git merge rdma-leon-test/testing/rdma-next
Already up-to-date.
Merging mtd/master (1001354ca341 Linux 4.9-rc1)
$ git merge mtd/master
Already up-to-date.
Merging l2-mtd/master (69db4aa44fdd Merge tag '4.9/mtd-pairing-scheme' of github.com:linux-nand/linux)
$ git merge l2-mtd/master
Already up-to-date.
Merging nand/nand/next (b156b7f2169b mtd: nand: omap2: Fix module autoload)
$ git merge nand/nand/next
Merge made by the 'recursive' strategy.
 drivers/mtd/nand/omap2.c | 1 +
 1 file changed, 1 insertion(+)
Merging crypto/master (f97581cfa6e7 crypto: caam - treat SGT address pointer as u64)
$ git merge crypto/master
Already up-to-date.
Merging drm/drm-next (fa860a1751e3 drm: Print device information again in debugfs)
$ git merge drm/drm-next
Already up-to-date.
Merging drm-panel/drm/panel/for-next (c96f566273bf drm/panel: Add JDI LT070ME05000 WUXGA DSI Panel)
$ git merge drm-panel/drm/panel/for-next
Already up-to-date.
Merging drm-intel/for-linux-next (faccd9941b17 drm/i915/gen9: Don't wrap strings in verify_wm_state())
$ git merge drm-intel/for-linux-next
Auto-merging sound/soc/codecs/hdac_hdmi.c
Auto-merging drivers/gpu/drm/i915/i915_gem_execbuffer.c
Auto-merging drivers/gpu/drm/i915/i915_gem.c
Merge made by the 'recursive' strategy.
 drivers/gpu/drm/drm_dp_dual_mode_helper.c     |  103 +
 drivers/gpu/drm/i915/Kconfig                  |   25 +
 drivers/gpu/drm/i915/Makefile                 |    5 +-
 drivers/gpu/drm/i915/gvt/Makefile             |    4 +-
 drivers/gpu/drm/i915/gvt/aperture_gm.c        |  341 +++
 drivers/gpu/drm/i915/gvt/cfg_space.c          |  287 +++
 drivers/gpu/drm/i915/gvt/cmd_parser.c         | 2878 +++++++++++++++++++++++++
 drivers/gpu/drm/i915/gvt/cmd_parser.h         |   49 +
 drivers/gpu/drm/i915/gvt/debug.h              |   29 +-
 drivers/gpu/drm/i915/gvt/display.c            |  329 +++
 drivers/gpu/drm/i915/gvt/display.h            |  163 ++
 drivers/gpu/drm/i915/gvt/edid.c               |  531 +++++
 drivers/gpu/drm/i915/gvt/edid.h               |  150 ++
 drivers/gpu/drm/i915/gvt/execlist.c           |  852 ++++++++
 drivers/gpu/drm/i915/gvt/execlist.h           |  188 ++
 drivers/gpu/drm/i915/gvt/firmware.c           |  308 +++
 drivers/gpu/drm/i915/gvt/gtt.c                | 2231 +++++++++++++++++++
 drivers/gpu/drm/i915/gvt/gtt.h                |  270 +++
 drivers/gpu/drm/i915/gvt/gvt.c                |  153 +-
 drivers/gpu/drm/i915/gvt/gvt.h                |  318 ++-
 drivers/gpu/drm/i915/gvt/handlers.c           | 2794 ++++++++++++++++++++++++
 drivers/gpu/drm/i915/gvt/hypercall.h          |   34 +
 drivers/gpu/drm/i915/gvt/interrupt.c          |  740 +++++++
 drivers/gpu/drm/i915/gvt/interrupt.h          |  233 ++
 drivers/gpu/drm/i915/gvt/mmio.c               |  305 +++
 drivers/gpu/drm/i915/gvt/mmio.h               |  105 +
 drivers/gpu/drm/i915/gvt/mpt.h                |  220 ++
 drivers/gpu/drm/i915/gvt/opregion.c           |  343 +++
 drivers/gpu/drm/i915/gvt/reg.h                |   80 +
 drivers/gpu/drm/i915/gvt/render.c             |  290 +++
 drivers/gpu/drm/i915/gvt/render.h             |   43 +
 drivers/gpu/drm/i915/gvt/sched_policy.c       |  291 +++
 drivers/gpu/drm/i915/gvt/sched_policy.h       |   58 +
 drivers/gpu/drm/i915/gvt/scheduler.c          |  572 +++++
 drivers/gpu/drm/i915/gvt/scheduler.h          |  139 ++
 drivers/gpu/drm/i915/gvt/trace.h              |  286 +++
 drivers/gpu/drm/i915/gvt/trace_points.c       |   36 +
 drivers/gpu/drm/i915/gvt/vgpu.c               |  272 +++
 drivers/gpu/drm/i915/i915_cmd_parser.c        |    3 +-
 drivers/gpu/drm/i915/i915_debugfs.c           |  383 ++--
 drivers/gpu/drm/i915/i915_drv.c               |  148 +-
 drivers/gpu/drm/i915/i915_drv.h               |  404 ++--
 drivers/gpu/drm/i915/i915_gem.c               |  217 +-
 drivers/gpu/drm/i915/i915_gem_context.c       |   17 +-
 drivers/gpu/drm/i915/i915_gem_evict.c         |    3 +-
 drivers/gpu/drm/i915/i915_gem_execbuffer.c    |   88 +-
 drivers/gpu/drm/i915/i915_gem_fence.c         |   32 +-
 drivers/gpu/drm/i915/i915_gem_gtt.c           |  383 ++--
 drivers/gpu/drm/i915/i915_gem_gtt.h           |    7 +-
 drivers/gpu/drm/i915/i915_gem_render_state.c  |    6 +-
 drivers/gpu/drm/i915/i915_gem_request.c       |    5 +-
 drivers/gpu/drm/i915/i915_gem_shrinker.c      |    5 +-
 drivers/gpu/drm/i915/i915_gem_stolen.c        |   17 +-
 drivers/gpu/drm/i915/i915_gem_tiling.c        |    7 +-
 drivers/gpu/drm/i915/i915_gpu_error.c         |  588 ++---
 drivers/gpu/drm/i915/i915_guc_submission.c    |   12 +-
 drivers/gpu/drm/i915/i915_irq.c               |  217 +-
 drivers/gpu/drm/i915/i915_params.c            |    9 +
 drivers/gpu/drm/i915/i915_params.h            |    1 +
 drivers/gpu/drm/i915/i915_pci.c               |    7 -
 drivers/gpu/drm/i915/i915_reg.h               |   18 +-
 drivers/gpu/drm/i915/i915_suspend.c           |    8 +-
 drivers/gpu/drm/i915/i915_sysfs.c             |   25 +-
 drivers/gpu/drm/i915/intel_audio.c            |  302 +--
 drivers/gpu/drm/i915/intel_bios.c             |   53 +
 drivers/gpu/drm/i915/intel_breadcrumbs.c      |    6 +-
 drivers/gpu/drm/i915/intel_color.c            |   16 +-
 drivers/gpu/drm/i915/intel_crt.c              |  118 +-
 drivers/gpu/drm/i915/intel_ddi.c              |   52 +-
 drivers/gpu/drm/i915/intel_device_info.c      |   18 +-
 drivers/gpu/drm/i915/intel_display.c          |  599 ++---
 drivers/gpu/drm/i915/intel_dp.c               |  222 +-
 drivers/gpu/drm/i915/intel_dp_link_training.c |    3 -
 drivers/gpu/drm/i915/intel_dp_mst.c           |    1 +
 drivers/gpu/drm/i915/intel_dpll_mgr.c         |   10 +-
 drivers/gpu/drm/i915/intel_drv.h              |   73 +-
 drivers/gpu/drm/i915/intel_dsi.c              |   38 +-
 drivers/gpu/drm/i915/intel_dsi_panel_vbt.c    |   48 +-
 drivers/gpu/drm/i915/intel_dsi_pll.c          |   26 +-
 drivers/gpu/drm/i915/intel_dvo.c              |   16 +-
 drivers/gpu/drm/i915/intel_engine_cs.c        |  167 +-
 drivers/gpu/drm/i915/intel_fbc.c              |   67 +
 drivers/gpu/drm/i915/intel_fifo_underrun.c    |   10 +-
 drivers/gpu/drm/i915/intel_guc_loader.c       |   42 +-
 drivers/gpu/drm/i915/intel_gvt.c              |    2 +
 drivers/gpu/drm/i915/intel_gvt.h              |    1 +
 drivers/gpu/drm/i915/intel_hdmi.c             |   59 +-
 drivers/gpu/drm/i915/intel_i2c.c              |   14 +-
 drivers/gpu/drm/i915/intel_lrc.c              |   93 +-
 drivers/gpu/drm/i915/intel_lspcon.c           |  136 ++
 drivers/gpu/drm/i915/intel_lvds.c             |   32 +-
 drivers/gpu/drm/i915/intel_overlay.c          |    6 +-
 drivers/gpu/drm/i915/intel_pm.c               |  733 ++++---
 drivers/gpu/drm/i915/intel_psr.c              |   22 +-
 drivers/gpu/drm/i915/intel_ringbuffer.c       |   94 +-
 drivers/gpu/drm/i915/intel_ringbuffer.h       |   42 +-
 drivers/gpu/drm/i915/intel_runtime_pm.c       |   15 +-
 drivers/gpu/drm/i915/intel_sdvo.c             |   26 +-
 drivers/gpu/drm/i915/intel_sprite.c           |   38 +-
 drivers/gpu/drm/i915/intel_tv.c               |   52 +-
 drivers/gpu/drm/i915/intel_uncore.c           |  602 +++---
 include/drm/drm_dp_dual_mode_helper.h         |   27 +
 include/drm/i915_component.h                  |    6 +-
 include/sound/hda_i915.h                      |   11 +-
 sound/hda/hdac_i915.c                         |   18 +-
 sound/pci/hda/patch_hdmi.c                    |    7 +-
 sound/soc/codecs/hdac_hdmi.c                  |    2 +-
 107 files changed, 19871 insertions(+), 2719 deletions(-)
 create mode 100644 drivers/gpu/drm/i915/gvt/aperture_gm.c
 create mode 100644 drivers/gpu/drm/i915/gvt/cfg_space.c
 create mode 100644 drivers/gpu/drm/i915/gvt/cmd_parser.c
 create mode 100644 drivers/gpu/drm/i915/gvt/cmd_parser.h
 create mode 100644 drivers/gpu/drm/i915/gvt/display.c
 create mode 100644 drivers/gpu/drm/i915/gvt/display.h
 create mode 100644 drivers/gpu/drm/i915/gvt/edid.c
 create mode 100644 drivers/gpu/drm/i915/gvt/edid.h
 create mode 100644 drivers/gpu/drm/i915/gvt/execlist.c
 create mode 100644 drivers/gpu/drm/i915/gvt/execlist.h
 create mode 100644 drivers/gpu/drm/i915/gvt/firmware.c
 create mode 100644 drivers/gpu/drm/i915/gvt/gtt.c
 create mode 100644 drivers/gpu/drm/i915/gvt/gtt.h
 create mode 100644 drivers/gpu/drm/i915/gvt/handlers.c
 create mode 100644 drivers/gpu/drm/i915/gvt/interrupt.c
 create mode 100644 drivers/gpu/drm/i915/gvt/interrupt.h
 create mode 100644 drivers/gpu/drm/i915/gvt/mmio.c
 create mode 100644 drivers/gpu/drm/i915/gvt/mmio.h
 create mode 100644 drivers/gpu/drm/i915/gvt/opregion.c
 create mode 100644 drivers/gpu/drm/i915/gvt/reg.h
 create mode 100644 drivers/gpu/drm/i915/gvt/render.c
 create mode 100644 drivers/gpu/drm/i915/gvt/render.h
 create mode 100644 drivers/gpu/drm/i915/gvt/sched_policy.c
 create mode 100644 drivers/gpu/drm/i915/gvt/sched_policy.h
 create mode 100644 drivers/gpu/drm/i915/gvt/scheduler.c
 create mode 100644 drivers/gpu/drm/i915/gvt/scheduler.h
 create mode 100644 drivers/gpu/drm/i915/gvt/trace.h
 create mode 100644 drivers/gpu/drm/i915/gvt/trace_points.c
 create mode 100644 drivers/gpu/drm/i915/gvt/vgpu.c
 create mode 100644 drivers/gpu/drm/i915/intel_lspcon.c
Merging drm-tegra/drm/tegra/for-next (08ee01789eeb drm/tegra: Fix window[0] base address corruption)
$ git merge drm-tegra/drm/tegra/for-next
Already up-to-date.
Merging drm-misc/topic/drm-misc (e3f56b2953ec drm: fix sparse warnings on undeclared symbols in crc debugfs)
$ git merge drm-misc/topic/drm-misc
Auto-merging drivers/gpu/drm/i915/intel_sprite.c
Auto-merging drivers/gpu/drm/i915/intel_display.c
Auto-merging drivers/gpu/drm/i915/i915_debugfs.c
Auto-merging drivers/gpu/drm/etnaviv/etnaviv_gem.c
Auto-merging drivers/gpu/drm/drm_debugfs.c
Merge made by the 'recursive' strategy.
 Documentation/gpu/drm-kms.rst                |   3 +
 Documentation/gpu/drm-uapi.rst               |   6 +
 drivers/dma-buf/reservation.c                | 112 ++++-----
 drivers/gpu/drm/Makefile                     |   3 +-
 drivers/gpu/drm/amd/amdgpu/amdgpu_fb.c       |  14 +-
 drivers/gpu/drm/amd/amdgpu/amdgpu_gem.c      |   9 +-
 drivers/gpu/drm/arm/hdlcd_crtc.c             |   5 +-
 drivers/gpu/drm/arm/malidp_hw.c              |   7 +-
 drivers/gpu/drm/atmel-hlcdc/atmel_hlcdc_dc.c |   3 +-
 drivers/gpu/drm/cirrus/cirrus_fbdev.c        |   6 +-
 drivers/gpu/drm/cirrus/cirrus_main.c         |   4 +-
 drivers/gpu/drm/drm_atomic.c                 |  25 +-
 drivers/gpu/drm/drm_atomic_helper.c          | 107 +++-----
 drivers/gpu/drm/drm_crtc.c                   |  34 ++-
 drivers/gpu/drm/drm_debugfs.c                |  34 ++-
 drivers/gpu/drm/drm_debugfs_crc.c            | 352 +++++++++++++++++++++++++++
 drivers/gpu/drm/drm_edid.c                   |  46 ++--
 drivers/gpu/drm/drm_fb_cma_helper.c          |  23 +-
 drivers/gpu/drm/drm_fb_helper.c              |  22 +-
 drivers/gpu/drm/drm_fourcc.c                 | 281 +++++++++------------
 drivers/gpu/drm/drm_framebuffer.c            | 102 +-------
 drivers/gpu/drm/drm_internal.h               |  16 ++
 drivers/gpu/drm/drm_irq.c                    |   4 +-
 drivers/gpu/drm/drm_modes.c                  |  43 ++++
 drivers/gpu/drm/drm_modeset_helper.c         |  17 +-
 drivers/gpu/drm/etnaviv/etnaviv_gem.c        |  24 +-
 drivers/gpu/drm/exynos/exynos_drm_drv.c      |   3 +-
 drivers/gpu/drm/gma500/framebuffer.c         |  23 +-
 drivers/gpu/drm/gma500/gtt.c                 |   2 +
 drivers/gpu/drm/i915/i915_debugfs.c          |   5 +-
 drivers/gpu/drm/i915/intel_display.c         |  34 +--
 drivers/gpu/drm/i915/intel_sprite.c          |   4 +-
 drivers/gpu/drm/mediatek/mtk_drm_drv.c       |   3 +-
 drivers/gpu/drm/msm/msm_atomic.c             |   3 +-
 drivers/gpu/drm/nouveau/nouveau_gem.c        |  21 +-
 drivers/gpu/drm/omapdrm/omap_drv.c           |   3 +-
 drivers/gpu/drm/radeon/radeon_fb.c           |  20 +-
 drivers/gpu/drm/radeon/radeon_gem.c          |   3 +-
 drivers/gpu/drm/rcar-du/rcar_du_kms.c        |   3 +-
 drivers/gpu/drm/rockchip/Kconfig             |   1 -
 drivers/gpu/drm/savage/savage_state.c        |   1 +
 drivers/gpu/drm/sti/sti_drv.c                |   3 +-
 drivers/gpu/drm/tegra/Kconfig                |   1 -
 drivers/gpu/drm/tegra/drm.c                  |   3 +-
 drivers/gpu/drm/tilcdc/tilcdc_crtc.c         |  18 +-
 drivers/gpu/drm/tilcdc/tilcdc_drv.c          |   2 -
 drivers/gpu/drm/tilcdc/tilcdc_plane.c        |   7 +-
 drivers/gpu/drm/vc4/vc4_kms.c                |   3 +-
 drivers/gpu/drm/vmwgfx/vmwgfx_kms.c          |  12 +-
 drivers/gpu/drm/vmwgfx/vmwgfx_resource.c     |   6 +-
 drivers/gpu/ipu-v3/Kconfig                   |   1 -
 drivers/gpu/vga/vgaarb.c                     |  15 +-
 drivers/video/hdmi.c                         |   4 +
 include/drm/drm_atomic.h                     |  42 +++-
 include/drm/drm_crtc.h                       |  48 +++-
 include/drm/drm_debugfs_crc.h                |  73 ++++++
 include/drm/drm_encoder.h                    |   2 +-
 include/drm/drm_fourcc.h                     |  23 +-
 include/drm/drm_plane.h                      |   1 -
 include/linux/fence.h                        |  56 ++++-
 include/linux/hdmi.h                         |   2 +
 include/uapi/drm/drm_mode.h                  |  24 +-
 62 files changed, 1155 insertions(+), 622 deletions(-)
 create mode 100644 drivers/gpu/drm/drm_debugfs_crc.c
 create mode 100644 include/drm/drm_debugfs_crc.h
Merging drm-exynos/exynos-drm/for-next (7d1e04231461 Merge tag 'usercopy-v4.8-rc8' of git://git.kernel.org/pub/scm/linux/kernel/git/kees/linux)
$ git merge drm-exynos/exynos-drm/for-next
Already up-to-date.
Merging drm-msm/msm-next (7a3bcc0a8e2a drm/msm: bump kernel api version for explicit fencing)
$ git merge drm-msm/msm-next
Already up-to-date.
Merging hdlcd/for-upstream/hdlcd (523d939ef98f Linux 4.7)
$ git merge hdlcd/for-upstream/hdlcd
Already up-to-date.
Merging mali-dp/for-upstream/mali-dp (59ba2422b430 MAINTAINERS: Add entry for Mali-DP driver)
$ git merge mali-dp/for-upstream/mali-dp
Already up-to-date.
Merging sunxi/sunxi/for-next (ad0cf0cef2be Merge branch 'sunxi/dt-for-4.10' into sunxi/for-next)
$ git merge sunxi/sunxi/for-next
Auto-merging arch/arm/configs/multi_v7_defconfig
Merge made by the 'recursive' strategy.
 arch/arm/boot/dts/sun5i-a13-olinuxino.dts      | 54 +++++++++++++++++
 arch/arm/boot/dts/sun6i-a31.dtsi               | 82 +++++++++++++-------------
 arch/arm/boot/dts/sun7i-a20-olimex-som-evb.dts |  4 ++
 arch/arm/configs/multi_v7_defconfig            |  1 +
 arch/arm/configs/sunxi_defconfig               |  1 +
 drivers/clk/sunxi/clk-mod0.c                   |  2 +-
 drivers/gpu/drm/sun4i/sun4i_rgb.c              | 20 +++----
 7 files changed, 110 insertions(+), 54 deletions(-)
Merging kspp/for-next/kspp (09dd109d8241 latent_entropy: Mark functions with __latent_entropy)
$ git merge kspp/for-next/kspp
Resolved 'scripts/gcc-plugins/latent_entropy_plugin.c' using previous resolution.
Auto-merging scripts/gcc-plugins/latent_entropy_plugin.c
CONFLICT (add/add): Merge conflict in scripts/gcc-plugins/latent_entropy_plugin.c
Auto-merging mm/page_alloc.c
Auto-merging Documentation/kernel-parameters.txt
Automatic merge failed; fix conflicts and then commit the result.
$ git commit -v -a
[master fdda887859ae] Merge remote-tracking branch 'kspp/for-next/kspp'
$ git diff -M --stat --summary HEAD^..
 Documentation/kernel-parameters.txt |  5 +++++
 mm/page_alloc.c                     | 21 +++++++++++++++++++++
 2 files changed, 26 insertions(+)
Merging kconfig/for-next (5bcba792bb30 localmodconfig: Fix whitespace repeat count after "tristate")
$ git merge kconfig/for-next
Already up-to-date.
Merging regmap/for-next (96d87581df93 Merge tag 'regmap-v4.9' into regmap-linus)
$ git merge regmap/for-next
Already up-to-date!
Merge made by the 'recursive' strategy.
Merging sound/for-next (d69bb92e402f ALSA: asihpi: fix kernel memory disclosure)
$ git merge sound/for-next
Already up-to-date.
Merging sound-asoc/for-next (681551a3aadf Merge remote-tracking branches 'asoc/fix/cs4270', 'asoc/fix/da7219-pops', 'asoc/fix/tas571x' and 'asoc/fix/topology-abi' into asoc-linus)
$ git merge sound-asoc/for-next
Merge made by the 'recursive' strategy.
 include/uapi/sound/asoc.h                     |   6 --
 sound/soc/codecs/cs4270.c                     |   8 +-
 sound/soc/codecs/da7219-aad.c                 |  18 +++-
 sound/soc/codecs/da7219.c                     | 139 ++++++++++++++++++++++----
 sound/soc/codecs/da7219.h                     |   5 +
 sound/soc/codecs/tas571x.c                    |  37 +++----
 sound/soc/intel/Kconfig                       |   3 +-
 sound/soc/intel/boards/bxt_da7219_max98357a.c |   4 +-
 8 files changed, 159 insertions(+), 61 deletions(-)
Merging modules/modules-next (49aadcf1b6f4 extable.h: add stddef.h so "NULL" definition is not implicit)
$ git merge modules/modules-next
Already up-to-date.
Merging input/next (4a7126a25b4d Merge tag 'v4.8' into next)
$ git merge input/next
Already up-to-date!
Merge made by the 'recursive' strategy.
Merging block/for-next (e056af9a7854 Merge branch 'for-4.10/block' into for-next)
$ git merge block/for-next
Merge made by the 'recursive' strategy.
 Documentation/ABI/testing/sysfs-block |  29 ++
 block/Kconfig                         |   8 +
 block/Makefile                        |   1 +
 block/blk-core.c                      |   4 +
 block/blk-settings.c                  |   5 +
 block/blk-sysfs.c                     |  29 ++
 block/blk-zoned.c                     | 350 ++++++++++++++++++
 block/ioctl.c                         |   4 +
 drivers/scsi/Makefile                 |   1 +
 drivers/scsi/sd.c                     | 148 ++++++--
 drivers/scsi/sd.h                     |  70 ++++
 drivers/scsi/sd_zbc.c                 | 642 ++++++++++++++++++++++++++++++++++
 include/linux/blk_types.h             |   2 +
 include/linux/blkdev.h                |  99 ++++++
 include/scsi/scsi_proto.h             |  17 +
 include/uapi/linux/Kbuild             |   1 +
 include/uapi/linux/blkzoned.h         | 143 ++++++++
 include/uapi/linux/fs.h               |   4 +
 18 files changed, 1522 insertions(+), 35 deletions(-)
 create mode 100644 block/blk-zoned.c
 create mode 100644 drivers/scsi/sd_zbc.c
 create mode 100644 include/uapi/linux/blkzoned.h
Merging lightnvm/for-next (1a6fe74dfd1b nvme: Pass pointers, not dma addresses, to nvme_get/set_features())
$ git merge lightnvm/for-next
Already up-to-date.
Merging device-mapper/for-next (937fa62e8a00 dm rq: clear kworker_task if kthread_run() returned an error)
$ git merge device-mapper/for-next
Auto-merging drivers/md/dm.c
Auto-merging drivers/md/dm-rq.c
Merge made by the 'recursive' strategy.
 Documentation/device-mapper/dm-raid.txt |  1 +
 drivers/md/dm-raid.c                    | 15 +++++++++------
 drivers/md/dm-raid1.c                   | 22 +++-------------------
 drivers/md/dm-rq.c                      |  7 +++++--
 drivers/md/dm.c                         |  4 ++--
 5 files changed, 20 insertions(+), 29 deletions(-)
Merging pcmcia/master (e8e68fd86d22 pcmcia: do not break rsrc_nonstatic when handling anonymous cards)
$ git merge pcmcia/master
Already up-to-date.
Merging mmc/next (48e3efb2c6ae Merge branch 'fixes' into next)
$ git merge mmc/next
Auto-merging MAINTAINERS
Merge made by the 'recursive' strategy.
 .../devicetree/bindings/mmc/brcm,sdhci-iproc.txt   |  1 +
 MAINTAINERS                                        |  2 +-
 drivers/memstick/host/rtsx_usb_ms.c                |  6 +++
 drivers/mmc/card/block.c                           |  3 +-
 drivers/mmc/card/queue.h                           |  2 +-
 drivers/mmc/core/mmc.c                             | 12 +++++
 drivers/mmc/host/rtsx_usb_sdmmc.c                  |  7 +--
 drivers/mmc/host/sdhci-esdhc-imx.c                 | 23 +++++++-
 drivers/mmc/host/sdhci-iproc.c                     | 35 ++++++++++++-
 drivers/mmc/host/sdhci-of-arasan.c                 | 26 ++++++++-
 drivers/mmc/host/sdhci-pci-core.c                  | 54 ++++++++++++++++++-
 drivers/mmc/host/sdhci-pci.h                       |  2 +
 drivers/mmc/host/sdhci-pxav3.c                     |  2 +-
 drivers/mmc/host/sdhci.c                           | 61 ++++++++++------------
 drivers/mmc/host/sdhci.h                           |  2 +
 15 files changed, 191 insertions(+), 47 deletions(-)
Merging kgdb/kgdb-next (7a6653fca500 kdb: Fix handling of kallsyms_symbol_next() return value)
$ git merge kgdb/kgdb-next
Merge made by the 'recursive' strategy.
 kernel/debug/kdb/kdb_io.c | 2 +-
 1 file changed, 1 insertion(+), 1 deletion(-)
Merging md/for-next (a16aea0285e4 RAID10: ignore discard error)
$ git merge md/for-next
Merge made by the 'recursive' strategy.
 drivers/md/raid1.c  |   7 +-
 drivers/md/raid10.c |   7 +-
 lib/raid6/avx2.c    | 232 +++++++++++++++++++++++++++++++++++++++++++++++++++-
 3 files changed, 239 insertions(+), 7 deletions(-)
Merging mfd/for-mfd-next (b8d336ed90f5 mfd: arizona: Handle probe deferral for reset GPIO)
$ git merge mfd/for-mfd-next
Already up-to-date.
Merging backlight/for-backlight-next (0c9501f823a4 backlight: pwm_bl: Handle gpio that can sleep)
$ git merge backlight/for-backlight-next
Already up-to-date.
Merging battery/for-next (44fccac4ff17 power: supply: lp8788: remove an unneeded NULL check)
$ git merge battery/for-next
Merge made by the 'recursive' strategy.
 drivers/power/reset/Kconfig              |  10 +++
 drivers/power/reset/Makefile             |   1 +
 drivers/power/reset/at91-poweroff.c      |   1 +
 drivers/power/reset/at91-reset.c         |   2 +
 drivers/power/reset/piix4-poweroff.c     | 113 +++++++++++++++++++++++++++++++
 drivers/power/reset/syscon-reboot-mode.c |   1 +
 drivers/power/reset/zx-reboot.c          |   1 +
 drivers/power/supply/ab8500_fg.c         |   8 +--
 drivers/power/supply/axp288_fuel_gauge.c |   1 +
 drivers/power/supply/bq27xxx_battery.c   |   3 +-
 drivers/power/supply/lp8788-charger.c    |   3 -
 drivers/power/supply/max17040_battery.c  |  52 ++++++--------
 drivers/power/supply/max8997_charger.c   |   1 +
 drivers/power/supply/power_supply_core.c |   4 +-
 14 files changed, 159 insertions(+), 42 deletions(-)
 create mode 100644 drivers/power/reset/piix4-poweroff.c
Merging omap_dss2/for-next (c456a2f30de5 video: smscufx: remove unused variable)
$ git merge omap_dss2/for-next
Already up-to-date.
Merging regulator/for-next (80f473833aba Merge tag 'regulator-v4.9' into regulator-linus)
$ git merge regulator/for-next
Already up-to-date!
Merge made by the 'recursive' strategy.
Merging security/next (1306d8e1c09f Merge tag 'tpmdd-next-20160927' of git://git.infradead.org/users/jjs/linux-tpmdd into ra-next)
$ git merge security/next
Already up-to-date.
Merging integrity/next (56078b570983 module: Fully remove the kernel_module_from_file hook)
$ git merge integrity/next
Merge made by the 'recursive' strategy.
Merging keys/keys-next (ed51e44e914c Merge branch 'keys-asym-keyctl' into keys-next)
$ git merge keys/keys-next
Merge made by the 'recursive' strategy.
 Documentation/crypto/asymmetric-keys.txt  |  26 ++-
 Documentation/security/keys.txt           | 217 ++++++++++++++++++++
 certs/Kconfig                             |  18 ++
 certs/Makefile                            |   6 +
 certs/blacklist.c                         | 174 ++++++++++++++++
 certs/blacklist.h                         |   3 +
 certs/blacklist_hashes.c                  |   6 +
 certs/blacklist_nohashes.c                |   5 +
 crypto/asymmetric_keys/Kconfig            |  10 +
 crypto/asymmetric_keys/Makefile           |  13 ++
 crypto/asymmetric_keys/asymmetric_keys.h  |   3 +
 crypto/asymmetric_keys/asymmetric_type.c  |  59 +++++-
 crypto/asymmetric_keys/pkcs7_parser.c     |   1 +
 crypto/asymmetric_keys/pkcs7_parser.h     |   1 +
 crypto/asymmetric_keys/pkcs7_verify.c     |  32 ++-
 crypto/asymmetric_keys/pkcs8.asn1         |  24 +++
 crypto/asymmetric_keys/pkcs8_parser.c     | 184 +++++++++++++++++
 crypto/asymmetric_keys/public_key.c       | 195 ++++++++++++++++--
 crypto/asymmetric_keys/signature.c        |  95 +++++++++
 crypto/asymmetric_keys/x509_cert_parser.c |  21 +-
 crypto/asymmetric_keys/x509_parser.h      |   1 +
 crypto/asymmetric_keys/x509_public_key.c  |  15 ++
 include/crypto/public_key.h               |  14 +-
 include/keys/asymmetric-subtype.h         |   9 +
 include/keys/system_keyring.h             |  12 ++
 include/linux/key-type.h                  |  11 +
 include/linux/keyctl.h                    |  46 +++++
 include/uapi/linux/keyctl.h               |  30 +++
 security/keys/Makefile                    |   1 +
 security/keys/compat.c                    |  18 ++
 security/keys/internal.h                  |  39 ++++
 security/keys/keyctl.c                    |  24 +++
 security/keys/keyctl_pkey.c               | 323 ++++++++++++++++++++++++++++++
 33 files changed, 1584 insertions(+), 52 deletions(-)
 create mode 100644 certs/blacklist.c
 create mode 100644 certs/blacklist.h
 create mode 100644 certs/blacklist_hashes.c
 create mode 100644 certs/blacklist_nohashes.c
 create mode 100644 crypto/asymmetric_keys/pkcs8.asn1
 create mode 100644 crypto/asymmetric_keys/pkcs8_parser.c
 create mode 100644 include/linux/keyctl.h
 create mode 100644 security/keys/keyctl_pkey.c
Merging selinux/next (1306d8e1c09f Merge tag 'tpmdd-next-20160927' of git://git.infradead.org/users/jjs/linux-tpmdd into ra-next)
$ git merge selinux/next
Already up-to-date.
Merging tpmdd/next (213ebc81ac3f tmp/tpm_crb: implement runtime pm for tpm_crb)
$ git merge tpmdd/next
Merge made by the 'recursive' strategy.
 drivers/char/tpm/tpm-interface.c |   8 +-
 drivers/char/tpm/tpm_crb.c       | 176 +++++++++++++++++++++++++++++++++------
 2 files changed, 157 insertions(+), 27 deletions(-)
Merging watchdog/master (39487f6688a5 watchdog: imx2_wdt: add pretimeout function support)
$ git merge watchdog/master
Already up-to-date.
Merging iommu/next (13a08259187c Merge branches 'x86/amd', 'x86/vt-d', 'arm/exynos', 'arm/mediatek', 'arm/renesas' and 'arm/smmu' into next)
$ git merge iommu/next
Already up-to-date.
Merging dwmw2-iommu/master (2566278551d3 Merge git://git.infradead.org/intel-iommu)
$ git merge dwmw2-iommu/master
Already up-to-date.
Merging vfio/next (61771468e0a5 vfio_pci: use pci_alloc_irq_vectors)
$ git merge vfio/next
Already up-to-date.
Merging trivial/for-next (380cc42d5a6c nvme: add missing \n to end of dev_warn message)
$ git merge trivial/for-next
Auto-merging net/netfilter/core.c
Auto-merging drivers/nvme/host/pci.c
Auto-merging drivers/nvme/host/lightnvm.c
Merge made by the 'recursive' strategy.
 drivers/char/agp/intel-agp.c | 2 +-
 drivers/nvme/host/lightnvm.c | 2 +-
 drivers/nvme/host/pci.c      | 2 +-
 net/netfilter/core.c         | 2 +-
 4 files changed, 4 insertions(+), 4 deletions(-)
Merging audit/next (7ff89ac608d9 audit: add exclude filter extension to feature bitmap)
$ git merge audit/next
Already up-to-date.
Merging devicetree/for-next (87e5fc99b028 DT: irqchip: renesas-irqc: document R8A7743/5 support)
$ git merge devicetree/for-next
Already up-to-date.
Merging mailbox/mailbox-for-next (a649244de727 dt-bindings: mailbox: Add Amlogic Meson MHU Bindings)
$ git merge mailbox/mailbox-for-next
Already up-to-date.
Merging spi/for-next (ed34b9560902 Merge tag 'spi-v4.9' into spi-linus)
$ git merge spi/for-next
Already up-to-date!
Merge made by the 'recursive' strategy.
Merging tip/auto-latest (0d19b06d6d59 Merge branch 'x86/urgent')
$ git merge tip/auto-latest
Auto-merging MAINTAINERS
Auto-merging Documentation/kernel-parameters.txt
Merge made by the 'recursive' strategy.
 Documentation/kernel-parameters.txt                |    6 -
 MAINTAINERS                                        |    3 +-
 arch/x86/crypto/crc32c-intel_glue.c                |   22 +-
 arch/x86/events/intel/cstate.c                     |   30 +-
 arch/x86/include/asm/cpufeatures.h                 |    3 +-
 arch/x86/include/asm/fpu/internal.h                |  139 +-
 arch/x86/include/asm/fpu/types.h                   |   34 -
 arch/x86/include/asm/fpu/xstate.h                  |   17 +-
 arch/x86/include/asm/trace/fpu.h                   |    5 +-
 arch/x86/kernel/cpu/scattered.c                    |    2 +
 arch/x86/kernel/cpu/vmware.c                       |    5 +
 arch/x86/kernel/fpu/core.c                         |   47 +-
 arch/x86/kernel/fpu/init.c                         |   91 +-
 arch/x86/kernel/fpu/signal.c                       |    8 +-
 arch/x86/kernel/fpu/xstate.c                       |   11 +-
 arch/x86/kernel/process_32.c                       |    5 +-
 arch/x86/kernel/process_64.c                       |    5 +-
 arch/x86/kernel/smpboot.c                          |    2 +-
 arch/x86/kvm/cpuid.c                               |    4 +-
 arch/x86/kvm/x86.c                                 |   14 +-
 arch/x86/mm/pkeys.c                                |    3 +-
 drivers/firmware/efi/arm-init.c                    |    4 +-
 drivers/firmware/efi/efi.c                         |    4 +-
 drivers/firmware/efi/libstub/Makefile              |    5 +-
 drivers/firmware/efi/test/efi_test.c               |   15 +-
 drivers/irqchip/irq-eznps.c                        |    2 +-
 drivers/video/fbdev/efifb.c                        |   59 +-
 include/linux/kvm_host.h                           |    1 -
 mm/mprotect.c                                      |    1 -
 tools/arch/x86/include/asm/cpufeatures.h           |    3 +-
 tools/perf/pmu-events/arch/powerpc/mapfile.csv     |   21 +
 .../perf/pmu-events/arch/powerpc/power8/cache.json |  176 +
 .../arch/powerpc/power8/floating-point.json        |   14 +
 .../pmu-events/arch/powerpc/power8/frontend.json   |  470 +++
 .../pmu-events/arch/powerpc/power8/marked.json     |  794 ++++
 .../pmu-events/arch/powerpc/power8/memory.json     |  212 +
 .../perf/pmu-events/arch/powerpc/power8/other.json | 4064 ++++++++++++++++++
 .../pmu-events/arch/powerpc/power8/pipeline.json   |  350 ++
 tools/perf/pmu-events/arch/powerpc/power8/pmc.json |  140 +
 .../arch/powerpc/power8/translation.json           |  176 +
 tools/perf/pmu-events/arch/x86/bonnell/cache.json  |  746 ++++
 .../arch/x86/bonnell/floating-point.json           |  261 ++
 .../perf/pmu-events/arch/x86/bonnell/frontend.json |   83 +
 tools/perf/pmu-events/arch/x86/bonnell/memory.json |  154 +
 tools/perf/pmu-events/arch/x86/bonnell/other.json  |  450 ++
 .../perf/pmu-events/arch/x86/bonnell/pipeline.json |  364 ++
 .../arch/x86/bonnell/virtual-memory.json           |  124 +
 .../perf/pmu-events/arch/x86/broadwell/cache.json  | 3198 +++++++++++++++
 .../arch/x86/broadwell/floating-point.json         |  171 +
 .../pmu-events/arch/x86/broadwell/frontend.json    |  286 ++
 .../perf/pmu-events/arch/x86/broadwell/memory.json | 2845 +++++++++++++
 .../perf/pmu-events/arch/x86/broadwell/other.json  |   44 +
 .../pmu-events/arch/x86/broadwell/pipeline.json    | 1417 +++++++
 .../arch/x86/broadwell/virtual-memory.json         |  388 ++
 .../pmu-events/arch/x86/broadwellde/cache.json     |  774 ++++
 .../arch/x86/broadwellde/floating-point.json       |  171 +
 .../pmu-events/arch/x86/broadwellde/frontend.json  |  286 ++
 .../pmu-events/arch/x86/broadwellde/memory.json    |  433 ++
 .../pmu-events/arch/x86/broadwellde/other.json     |   44 +
 .../pmu-events/arch/x86/broadwellde/pipeline.json  | 1417 +++++++
 .../arch/x86/broadwellde/virtual-memory.json       |  388 ++
 .../perf/pmu-events/arch/x86/broadwellx/cache.json |  942 +++++
 .../arch/x86/broadwellx/floating-point.json        |  171 +
 .../pmu-events/arch/x86/broadwellx/frontend.json   |  286 ++
 .../pmu-events/arch/x86/broadwellx/memory.json     |  649 +++
 .../perf/pmu-events/arch/x86/broadwellx/other.json |   44 +
 .../pmu-events/arch/x86/broadwellx/pipeline.json   | 1417 +++++++
 .../arch/x86/broadwellx/virtual-memory.json        |  388 ++
 tools/perf/pmu-events/arch/x86/goldmont/cache.json | 1127 +++++
 .../pmu-events/arch/x86/goldmont/frontend.json     |   52 +
 .../perf/pmu-events/arch/x86/goldmont/memory.json  |   34 +
 tools/perf/pmu-events/arch/x86/goldmont/other.json |   52 +
 .../pmu-events/arch/x86/goldmont/pipeline.json     |  433 ++
 .../arch/x86/goldmont/virtual-memory.json          |   75 +
 tools/perf/pmu-events/arch/x86/haswell/cache.json  | 1041 +++++
 .../arch/x86/haswell/floating-point.json           |   83 +
 .../perf/pmu-events/arch/x86/haswell/frontend.json |  294 ++
 tools/perf/pmu-events/arch/x86/haswell/memory.json |  655 +++
 tools/perf/pmu-events/arch/x86/haswell/other.json  |   43 +
 .../perf/pmu-events/arch/x86/haswell/pipeline.json | 1329 ++++++
 .../arch/x86/haswell/virtual-memory.json           |  484 +++
 tools/perf/pmu-events/arch/x86/haswellx/cache.json | 1077 +++++
 .../arch/x86/haswellx/floating-point.json          |   83 +
 .../pmu-events/arch/x86/haswellx/frontend.json     |  294 ++
 .../perf/pmu-events/arch/x86/haswellx/memory.json  |  739 ++++
 tools/perf/pmu-events/arch/x86/haswellx/other.json |   43 +
 .../pmu-events/arch/x86/haswellx/pipeline.json     | 1329 ++++++
 .../arch/x86/haswellx/virtual-memory.json          |  484 +++
 .../perf/pmu-events/arch/x86/ivybridge/cache.json  | 1123 +++++
 .../arch/x86/ivybridge/floating-point.json         |  151 +
 .../pmu-events/arch/x86/ivybridge/frontend.json    |  305 ++
 .../perf/pmu-events/arch/x86/ivybridge/memory.json |  236 ++
 .../perf/pmu-events/arch/x86/ivybridge/other.json  |   44 +
 .../pmu-events/arch/x86/ivybridge/pipeline.json    | 1307 ++++++
 .../arch/x86/ivybridge/virtual-memory.json         |  180 +
 tools/perf/pmu-events/arch/x86/ivytown/cache.json  | 1272 ++++++
 .../arch/x86/ivytown/floating-point.json           |  151 +
 .../perf/pmu-events/arch/x86/ivytown/frontend.json |  305 ++
 tools/perf/pmu-events/arch/x86/ivytown/memory.json |  503 +++
 tools/perf/pmu-events/arch/x86/ivytown/other.json  |   44 +
 .../perf/pmu-events/arch/x86/ivytown/pipeline.json | 1307 ++++++
 .../arch/x86/ivytown/virtual-memory.json           |  198 +
 tools/perf/pmu-events/arch/x86/jaketown/cache.json | 1290 ++++++
 .../arch/x86/jaketown/floating-point.json          |  138 +
 .../pmu-events/arch/x86/jaketown/frontend.json     |  305 ++
 .../perf/pmu-events/arch/x86/jaketown/memory.json  |  422 ++
 tools/perf/pmu-events/arch/x86/jaketown/other.json |   58 +
 .../pmu-events/arch/x86/jaketown/pipeline.json     | 1220 ++++++
 .../arch/x86/jaketown/virtual-memory.json          |  149 +
 .../pmu-events/arch/x86/knightslanding/cache.json  | 2305 +++++++++++
 .../arch/x86/knightslanding/frontend.json          |   34 +
 .../pmu-events/arch/x86/knightslanding/memory.json | 1110 +++++
 .../arch/x86/knightslanding/pipeline.json          |  435 ++
 .../arch/x86/knightslanding/virtual-memory.json    |   65 +
 tools/perf/pmu-events/arch/x86/mapfile.csv         |   35 +
 .../perf/pmu-events/arch/x86/nehalemep/cache.json  | 3229 +++++++++++++++
 .../arch/x86/nehalemep/floating-point.json         |  229 ++
 .../pmu-events/arch/x86/nehalemep/frontend.json    |   26 +
 .../perf/pmu-events/arch/x86/nehalemep/memory.json |  739 ++++
 .../perf/pmu-events/arch/x86/nehalemep/other.json  |  210 +
 .../pmu-events/arch/x86/nehalemep/pipeline.json    |  881 ++++
 .../arch/x86/nehalemep/virtual-memory.json         |  109 +
 .../perf/pmu-events/arch/x86/nehalemex/cache.json  | 3184 +++++++++++++++
 .../arch/x86/nehalemex/floating-point.json         |  229 ++
 .../pmu-events/arch/x86/nehalemex/frontend.json    |   26 +
 .../perf/pmu-events/arch/x86/nehalemex/memory.json |  739 ++++
 .../perf/pmu-events/arch/x86/nehalemex/other.json  |  210 +
 .../pmu-events/arch/x86/nehalemex/pipeline.json    |  881 ++++
 .../arch/x86/nehalemex/virtual-memory.json         |  109 +
 .../pmu-events/arch/x86/sandybridge/cache.json     | 1879 +++++++++
 .../arch/x86/sandybridge/floating-point.json       |  138 +
 .../pmu-events/arch/x86/sandybridge/frontend.json  |  305 ++
 .../pmu-events/arch/x86/sandybridge/memory.json    |  445 ++
 .../pmu-events/arch/x86/sandybridge/other.json     |   58 +
 .../pmu-events/arch/x86/sandybridge/pipeline.json  | 1220 ++++++
 .../arch/x86/sandybridge/virtual-memory.json       |  149 +
 .../perf/pmu-events/arch/x86/silvermont/cache.json |  811 ++++
 .../pmu-events/arch/x86/silvermont/frontend.json   |   47 +
 .../pmu-events/arch/x86/silvermont/memory.json     |   11 +
 .../pmu-events/arch/x86/silvermont/pipeline.json   |  359 ++
 .../arch/x86/silvermont/virtual-memory.json        |   69 +
 tools/perf/pmu-events/arch/x86/skylake/cache.json  | 4299 ++++++++++++++++++++
 .../arch/x86/skylake/floating-point.json           |   68 +
 .../perf/pmu-events/arch/x86/skylake/frontend.json |  472 +++
 tools/perf/pmu-events/arch/x86/skylake/memory.json | 2309 +++++++++++
 tools/perf/pmu-events/arch/x86/skylake/other.json  |   12 +
 .../perf/pmu-events/arch/x86/skylake/pipeline.json |  939 +++++
 .../arch/x86/skylake/virtual-memory.json           |  272 ++
 .../pmu-events/arch/x86/westmereep-dp/cache.json   | 2817 +++++++++++++
 .../arch/x86/westmereep-dp/floating-point.json     |  229 ++
 .../arch/x86/westmereep-dp/frontend.json           |   26 +
 .../pmu-events/arch/x86/westmereep-dp/memory.json  |  758 ++++
 .../pmu-events/arch/x86/westmereep-dp/other.json   |  287 ++
 .../arch/x86/westmereep-dp/pipeline.json           |  899 ++++
 .../arch/x86/westmereep-dp/virtual-memory.json     |  173 +
 .../pmu-events/arch/x86/westmereep-sp/cache.json   | 3233 +++++++++++++++
 .../arch/x86/westmereep-sp/floating-point.json     |  229 ++
 .../arch/x86/westmereep-sp/frontend.json           |   26 +
 .../pmu-events/arch/x86/westmereep-sp/memory.json  |  739 ++++
 .../pmu-events/arch/x86/westmereep-sp/other.json   |  287 ++
 .../arch/x86/westmereep-sp/pipeline.json           |  899 ++++
 .../arch/x86/westmereep-sp/virtual-memory.json     |  149 +
 .../perf/pmu-events/arch/x86/westmereex/cache.json | 3225 +++++++++++++++
 .../arch/x86/westmereex/floating-point.json        |  229 ++
 .../pmu-events/arch/x86/westmereex/frontend.json   |   26 +
 .../pmu-events/arch/x86/westmereex/memory.json     |  747 ++++
 .../perf/pmu-events/arch/x86/westmereex/other.json |  287 ++
 .../pmu-events/arch/x86/westmereex/pipeline.json   |  905 ++++
 .../arch/x86/westmereex/virtual-memory.json        |  173 +
 169 files changed, 89984 insertions(+), 373 deletions(-)
 create mode 100644 tools/perf/pmu-events/arch/powerpc/mapfile.csv
 create mode 100644 tools/perf/pmu-events/arch/powerpc/power8/cache.json
 create mode 100644 tools/perf/pmu-events/arch/powerpc/power8/floating-point.json
 create mode 100644 tools/perf/pmu-events/arch/powerpc/power8/frontend.json
 create mode 100644 tools/perf/pmu-events/arch/powerpc/power8/marked.json
 create mode 100644 tools/perf/pmu-events/arch/powerpc/power8/memory.json
 create mode 100644 tools/perf/pmu-events/arch/powerpc/power8/other.json
 create mode 100644 tools/perf/pmu-events/arch/powerpc/power8/pipeline.json
 create mode 100644 tools/perf/pmu-events/arch/powerpc/power8/pmc.json
 create mode 100644 tools/perf/pmu-events/arch/powerpc/power8/translation.json
 create mode 100644 tools/perf/pmu-events/arch/x86/bonnell/cache.json
 create mode 100644 tools/perf/pmu-events/arch/x86/bonnell/floating-point.json
 create mode 100644 tools/perf/pmu-events/arch/x86/bonnell/frontend.json
 create mode 100644 tools/perf/pmu-events/arch/x86/bonnell/memory.json
 create mode 100644 tools/perf/pmu-events/arch/x86/bonnell/other.json
 create mode 100644 tools/perf/pmu-events/arch/x86/bonnell/pipeline.json
 create mode 100644 tools/perf/pmu-events/arch/x86/bonnell/virtual-memory.json
 create mode 100644 tools/perf/pmu-events/arch/x86/broadwell/cache.json
 create mode 100644 tools/perf/pmu-events/arch/x86/broadwell/floating-point.json
 create mode 100644 tools/perf/pmu-events/arch/x86/broadwell/frontend.json
 create mode 100644 tools/perf/pmu-events/arch/x86/broadwell/memory.json
 create mode 100644 tools/perf/pmu-events/arch/x86/broadwell/other.json
 create mode 100644 tools/perf/pmu-events/arch/x86/broadwell/pipeline.json
 create mode 100644 tools/perf/pmu-events/arch/x86/broadwell/virtual-memory.json
 create mode 100644 tools/perf/pmu-events/arch/x86/broadwellde/cache.json
 create mode 100644 tools/perf/pmu-events/arch/x86/broadwellde/floating-point.json
 create mode 100644 tools/perf/pmu-events/arch/x86/broadwellde/frontend.json
 create mode 100644 tools/perf/pmu-events/arch/x86/broadwellde/memory.json
 create mode 100644 tools/perf/pmu-events/arch/x86/broadwellde/other.json
 create mode 100644 tools/perf/pmu-events/arch/x86/broadwellde/pipeline.json
 create mode 100644 tools/perf/pmu-events/arch/x86/broadwellde/virtual-memory.json
 create mode 100644 tools/perf/pmu-events/arch/x86/broadwellx/cache.json
 create mode 100644 tools/perf/pmu-events/arch/x86/broadwellx/floating-point.json
 create mode 100644 tools/perf/pmu-events/arch/x86/broadwellx/frontend.json
 create mode 100644 tools/perf/pmu-events/arch/x86/broadwellx/memory.json
 create mode 100644 tools/perf/pmu-events/arch/x86/broadwellx/other.json
 create mode 100644 tools/perf/pmu-events/arch/x86/broadwellx/pipeline.json
 create mode 100644 tools/perf/pmu-events/arch/x86/broadwellx/virtual-memory.json
 create mode 100644 tools/perf/pmu-events/arch/x86/goldmont/cache.json
 create mode 100644 tools/perf/pmu-events/arch/x86/goldmont/frontend.json
 create mode 100644 tools/perf/pmu-events/arch/x86/goldmont/memory.json
 create mode 100644 tools/perf/pmu-events/arch/x86/goldmont/other.json
 create mode 100644 tools/perf/pmu-events/arch/x86/goldmont/pipeline.json
 create mode 100644 tools/perf/pmu-events/arch/x86/goldmont/virtual-memory.json
 create mode 100644 tools/perf/pmu-events/arch/x86/haswell/cache.json
 create mode 100644 tools/perf/pmu-events/arch/x86/haswell/floating-point.json
 create mode 100644 tools/perf/pmu-events/arch/x86/haswell/frontend.json
 create mode 100644 tools/perf/pmu-events/arch/x86/haswell/memory.json
 create mode 100644 tools/perf/pmu-events/arch/x86/haswell/other.json
 create mode 100644 tools/perf/pmu-events/arch/x86/haswell/pipeline.json
 create mode 100644 tools/perf/pmu-events/arch/x86/haswell/virtual-memory.json
 create mode 100644 tools/perf/pmu-events/arch/x86/haswellx/cache.json
 create mode 100644 tools/perf/pmu-events/arch/x86/haswellx/floating-point.json
 create mode 100644 tools/perf/pmu-events/arch/x86/haswellx/frontend.json
 create mode 100644 tools/perf/pmu-events/arch/x86/haswellx/memory.json
 create mode 100644 tools/perf/pmu-events/arch/x86/haswellx/other.json
 create mode 100644 tools/perf/pmu-events/arch/x86/haswellx/pipeline.json
 create mode 100644 tools/perf/pmu-events/arch/x86/haswellx/virtual-memory.json
 create mode 100644 tools/perf/pmu-events/arch/x86/ivybridge/cache.json
 create mode 100644 tools/perf/pmu-events/arch/x86/ivybridge/floating-point.json
 create mode 100644 tools/perf/pmu-events/arch/x86/ivybridge/frontend.json
 create mode 100644 tools/perf/pmu-events/arch/x86/ivybridge/memory.json
 create mode 100644 tools/perf/pmu-events/arch/x86/ivybridge/other.json
 create mode 100644 tools/perf/pmu-events/arch/x86/ivybridge/pipeline.json
 create mode 100644 tools/perf/pmu-events/arch/x86/ivybridge/virtual-memory.json
 create mode 100644 tools/perf/pmu-events/arch/x86/ivytown/cache.json
 create mode 100644 tools/perf/pmu-events/arch/x86/ivytown/floating-point.json
 create mode 100644 tools/perf/pmu-events/arch/x86/ivytown/frontend.json
 create mode 100644 tools/perf/pmu-events/arch/x86/ivytown/memory.json
 create mode 100644 tools/perf/pmu-events/arch/x86/ivytown/other.json
 create mode 100644 tools/perf/pmu-events/arch/x86/ivytown/pipeline.json
 create mode 100644 tools/perf/pmu-events/arch/x86/ivytown/virtual-memory.json
 create mode 100644 tools/perf/pmu-events/arch/x86/jaketown/cache.json
 create mode 100644 tools/perf/pmu-events/arch/x86/jaketown/floating-point.json
 create mode 100644 tools/perf/pmu-events/arch/x86/jaketown/frontend.json
 create mode 100644 tools/perf/pmu-events/arch/x86/jaketown/memory.json
 create mode 100644 tools/perf/pmu-events/arch/x86/jaketown/other.json
 create mode 100644 tools/perf/pmu-events/arch/x86/jaketown/pipeline.json
 create mode 100644 tools/perf/pmu-events/arch/x86/jaketown/virtual-memory.json
 create mode 100644 tools/perf/pmu-events/arch/x86/knightslanding/cache.json
 create mode 100644 tools/perf/pmu-events/arch/x86/knightslanding/frontend.json
 create mode 100644 tools/perf/pmu-events/arch/x86/knightslanding/memory.json
 create mode 100644 tools/perf/pmu-events/arch/x86/knightslanding/pipeline.json
 create mode 100644 tools/perf/pmu-events/arch/x86/knightslanding/virtual-memory.json
 create mode 100644 tools/perf/pmu-events/arch/x86/mapfile.csv
 create mode 100644 tools/perf/pmu-events/arch/x86/nehalemep/cache.json
 create mode 100644 tools/perf/pmu-events/arch/x86/nehalemep/floating-point.json
 create mode 100644 tools/perf/pmu-events/arch/x86/nehalemep/frontend.json
 create mode 100644 tools/perf/pmu-events/arch/x86/nehalemep/memory.json
 create mode 100644 tools/perf/pmu-events/arch/x86/nehalemep/other.json
 create mode 100644 tools/perf/pmu-events/arch/x86/nehalemep/pipeline.json
 create mode 100644 tools/perf/pmu-events/arch/x86/nehalemep/virtual-memory.json
 create mode 100644 tools/perf/pmu-events/arch/x86/nehalemex/cache.json
 create mode 100644 tools/perf/pmu-events/arch/x86/nehalemex/floating-point.json
 create mode 100644 tools/perf/pmu-events/arch/x86/nehalemex/frontend.json
 create mode 100644 tools/perf/pmu-events/arch/x86/nehalemex/memory.json
 create mode 100644 tools/perf/pmu-events/arch/x86/nehalemex/other.json
 create mode 100644 tools/perf/pmu-events/arch/x86/nehalemex/pipeline.json
 create mode 100644 tools/perf/pmu-events/arch/x86/nehalemex/virtual-memory.json
 create mode 100644 tools/perf/pmu-events/arch/x86/sandybridge/cache.json
 create mode 100644 tools/perf/pmu-events/arch/x86/sandybridge/floating-point.json
 create mode 100644 tools/perf/pmu-events/arch/x86/sandybridge/frontend.json
 create mode 100644 tools/perf/pmu-events/arch/x86/sandybridge/memory.json
 create mode 100644 tools/perf/pmu-events/arch/x86/sandybridge/other.json
 create mode 100644 tools/perf/pmu-events/arch/x86/sandybridge/pipeline.json
 create mode 100644 tools/perf/pmu-events/arch/x86/sandybridge/virtual-memory.json
 create mode 100644 tools/perf/pmu-events/arch/x86/silvermont/cache.json
 create mode 100644 tools/perf/pmu-events/arch/x86/silvermont/frontend.json
 create mode 100644 tools/perf/pmu-events/arch/x86/silvermont/memory.json
 create mode 100644 tools/perf/pmu-events/arch/x86/silvermont/pipeline.json
 create mode 100644 tools/perf/pmu-events/arch/x86/silvermont/virtual-memory.json
 create mode 100644 tools/perf/pmu-events/arch/x86/skylake/cache.json
 create mode 100644 tools/perf/pmu-events/arch/x86/skylake/floating-point.json
 create mode 100644 tools/perf/pmu-events/arch/x86/skylake/frontend.json
 create mode 100644 tools/perf/pmu-events/arch/x86/skylake/memory.json
 create mode 100644 tools/perf/pmu-events/arch/x86/skylake/other.json
 create mode 100644 tools/perf/pmu-events/arch/x86/skylake/pipeline.json
 create mode 100644 tools/perf/pmu-events/arch/x86/skylake/virtual-memory.json
 create mode 100644 tools/perf/pmu-events/arch/x86/westmereep-dp/cache.json
 create mode 100644 tools/perf/pmu-events/arch/x86/westmereep-dp/floating-point.json
 create mode 100644 tools/perf/pmu-events/arch/x86/westmereep-dp/frontend.json
 create mode 100644 tools/perf/pmu-events/arch/x86/westmereep-dp/memory.json
 create mode 100644 tools/perf/pmu-events/arch/x86/westmereep-dp/other.json
 create mode 100644 tools/perf/pmu-events/arch/x86/westmereep-dp/pipeline.json
 create mode 100644 tools/perf/pmu-events/arch/x86/westmereep-dp/virtual-memory.json
 create mode 100644 tools/perf/pmu-events/arch/x86/westmereep-sp/cache.json
 create mode 100644 tools/perf/pmu-events/arch/x86/westmereep-sp/floating-point.json
 create mode 100644 tools/perf/pmu-events/arch/x86/westmereep-sp/frontend.json
 create mode 100644 tools/perf/pmu-events/arch/x86/westmereep-sp/memory.json
 create mode 100644 tools/perf/pmu-events/arch/x86/westmereep-sp/other.json
 create mode 100644 tools/perf/pmu-events/arch/x86/westmereep-sp/pipeline.json
 create mode 100644 tools/perf/pmu-events/arch/x86/westmereep-sp/virtual-memory.json
 create mode 100644 tools/perf/pmu-events/arch/x86/westmereex/cache.json
 create mode 100644 tools/perf/pmu-events/arch/x86/westmereex/floating-point.json
 create mode 100644 tools/perf/pmu-events/arch/x86/westmereex/frontend.json
 create mode 100644 tools/perf/pmu-events/arch/x86/westmereex/memory.json
 create mode 100644 tools/perf/pmu-events/arch/x86/westmereex/other.json
 create mode 100644 tools/perf/pmu-events/arch/x86/westmereex/pipeline.json
 create mode 100644 tools/perf/pmu-events/arch/x86/westmereex/virtual-memory.json
Merging clockevents/clockevents/next (1d661bf5327a clocksource/drivers/time-armada-370-xp: Fix return value check)
$ git merge clockevents/clockevents/next
Already up-to-date.
Merging edac/linux_next (12f0721c5a70 sb_edac: correctly fetch DIMM width on Ivy Bridge and Haswell)
$ git merge edac/linux_next
Already up-to-date.
Merging edac-amd/for-next (9a9260ca926c EDAC, sb_edac: Add Knights Mill support)
$ git merge edac-amd/for-next
Merge made by the 'recursive' strategy.
 drivers/edac/sb_edac.c  | 14 ++++++++------
 drivers/edac/skx_edac.c |  3 ++-
 2 files changed, 10 insertions(+), 7 deletions(-)
Merging irqchip/irqchip/for-next (0ccb54a7dba0 Merge branch 'irqchip/core' into irqchip/for-next)
$ git merge irqchip/irqchip/for-next
Merge made by the 'recursive' strategy.
Merging ftrace/for-next (f971cc9aabc2 tracing: Have max_latency be defined for HWLAT_TRACER as well)
$ git merge ftrace/for-next
Already up-to-date.
Merging rcu/rcu/next (e53e0b3e7b3c rcu: Make expedited grace periods recheck dyntick idle state)
$ git merge rcu/rcu/next
Auto-merging lib/Kconfig.debug
Auto-merging kernel/rcu/tree.c
Auto-merging include/linux/bug.h
Merge made by the 'recursive' strategy.
 .../Design/Expedited-Grace-Periods/ExpRCUFlow.svg  | 830 +++++++++++++++++++++
 .../Expedited-Grace-Periods/ExpSchedFlow.svg       | 826 ++++++++++++++++++++
 .../Expedited-Grace-Periods.html                   | 476 ++++++++++++
 .../RCU/Design/Expedited-Grace-Periods/Funnel0.svg | 275 +++++++
 .../RCU/Design/Expedited-Grace-Periods/Funnel1.svg | 275 +++++++
 .../RCU/Design/Expedited-Grace-Periods/Funnel2.svg | 287 +++++++
 .../RCU/Design/Expedited-Grace-Periods/Funnel3.svg | 323 ++++++++
 .../RCU/Design/Expedited-Grace-Periods/Funnel4.svg | 323 ++++++++
 .../RCU/Design/Expedited-Grace-Periods/Funnel5.svg | 335 +++++++++
 .../RCU/Design/Expedited-Grace-Periods/Funnel6.svg | 335 +++++++++
 .../RCU/Design/Expedited-Grace-Periods/Funnel7.svg | 347 +++++++++
 .../RCU/Design/Expedited-Grace-Periods/Funnel8.svg | 311 ++++++++
 .../RCU/Design/Requirements/Requirements.html      |  25 +-
 drivers/misc/lkdtm.h                               |   2 +
 drivers/misc/lkdtm_bugs.c                          |  68 ++
 drivers/misc/lkdtm_core.c                          |   2 +
 include/linux/bug.h                                |  17 +
 include/linux/list.h                               |  37 +-
 include/linux/rculist.h                            |   8 +-
 include/trace/events/rcu.h                         |   5 +-
 kernel/rcu/Makefile                                |   3 +-
 kernel/rcu/rcutorture.c                            |  11 +-
 kernel/rcu/tree.c                                  |  17 +-
 kernel/rcu/tree.h                                  |   1 +
 kernel/rcu/tree_exp.h                              |  12 +-
 kernel/rcu/waketorture.c                           | 537 +++++++++++++
 lib/Kconfig.debug                                  |  35 +-
 lib/list_debug.c                                   |  99 +--
 tools/testing/selftests/rcutorture/.gitignore      |   2 -
 .../selftests/rcutorture/bin/kvm-recheck-wake.sh   |  39 +
 .../selftests/rcutorture/bin/kvm-recheck.sh        |   2 +-
 tools/testing/selftests/rcutorture/bin/kvm.sh      |   7 +-
 .../selftests/rcutorture/configs/wake/CFLIST       |   1 +
 .../selftests/rcutorture/configs/wake/CFcommon     |   2 +
 tools/testing/selftests/rcutorture/configs/wake/SH |  19 +
 .../selftests/rcutorture/configs/wake/SH.boot      |   1 +
 .../testing/selftests/rcutorture/configs/wake/STI  |  19 +
 .../selftests/rcutorture/configs/wake/STI.boot     |   1 +
 .../rcutorture/configs/wake/ver_functions.sh       |  43 ++
 39 files changed, 5849 insertions(+), 109 deletions(-)
 create mode 100644 Documentation/RCU/Design/Expedited-Grace-Periods/ExpRCUFlow.svg
 create mode 100644 Documentation/RCU/Design/Expedited-Grace-Periods/ExpSchedFlow.svg
 create mode 100644 Documentation/RCU/Design/Expedited-Grace-Periods/Expedited-Grace-Periods.html
 create mode 100644 Documentation/RCU/Design/Expedited-Grace-Periods/Funnel0.svg
 create mode 100644 Documentation/RCU/Design/Expedited-Grace-Periods/Funnel1.svg
 create mode 100644 Documentation/RCU/Design/Expedited-Grace-Periods/Funnel2.svg
 create mode 100644 Documentation/RCU/Design/Expedited-Grace-Periods/Funnel3.svg
 create mode 100644 Documentation/RCU/Design/Expedited-Grace-Periods/Funnel4.svg
 create mode 100644 Documentation/RCU/Design/Expedited-Grace-Periods/Funnel5.svg
 create mode 100644 Documentation/RCU/Design/Expedited-Grace-Periods/Funnel6.svg
 create mode 100644 Documentation/RCU/Design/Expedited-Grace-Periods/Funnel7.svg
 create mode 100644 Documentation/RCU/Design/Expedited-Grace-Periods/Funnel8.svg
 create mode 100644 kernel/rcu/waketorture.c
 create mode 100755 tools/testing/selftests/rcutorture/bin/kvm-recheck-wake.sh
 create mode 100644 tools/testing/selftests/rcutorture/configs/wake/CFLIST
 create mode 100644 tools/testing/selftests/rcutorture/configs/wake/CFcommon
 create mode 100644 tools/testing/selftests/rcutorture/configs/wake/SH
 create mode 100644 tools/testing/selftests/rcutorture/configs/wake/SH.boot
 create mode 100644 tools/testing/selftests/rcutorture/configs/wake/STI
 create mode 100644 tools/testing/selftests/rcutorture/configs/wake/STI.boot
 create mode 100644 tools/testing/selftests/rcutorture/configs/wake/ver_functions.sh
Merging kvm/linux-next (6218590bcb45 Merge tag 'kvm-4.9-1' of git://git.kernel.org/pub/scm/virt/kvm/kvm)
$ git merge kvm/linux-next
Already up-to-date.
Merging kvm-arm/next (0099b7701f52 KVM: arm/arm64: vgic: Don't flush/sync without a working vgic)
$ git merge kvm-arm/next
Already up-to-date.
Merging kvm-mips/next (d852b5f35e84 KVM: MIPS: Add missing uaccess.h include)
$ git merge kvm-mips/next
Merge made by the 'recursive' strategy.
 arch/mips/kvm/mips.c | 1 +
 1 file changed, 1 insertion(+)
Merging kvm-ppc/kvm-ppc-next (c63517c2e381 KVM: PPC: Book3S: correct width in XER handling)
$ git merge kvm-ppc/kvm-ppc-next
Already up-to-date.
Merging kvm-ppc-paulus/kvm-ppc-next (fa73c3b25bd8 KVM: PPC: Book3s PR: Allow access to unprivileged MMCR2 register)
$ git merge kvm-ppc-paulus/kvm-ppc-next
Already up-to-date.
Merging kvms390/next (b0eb91ae630a Merge remote-tracking branch 'kvms390/s390forkvm' into kvms390next)
$ git merge kvms390/next
Already up-to-date.
Merging xen-tip/linux-next (a6a198bc60e6 xen/x86: Update topology map for PV VCPUs)
$ git merge xen-tip/linux-next
Already up-to-date.
Merging percpu/for-next (3ca45a46f8af percpu: ensure the requested alignment is power of two)
$ git merge percpu/for-next
Merge made by the 'recursive' strategy.
 include/linux/kernel.h | 1 +
 mm/percpu.c            | 3 ++-
 2 files changed, 3 insertions(+), 1 deletion(-)
Merging workqueues/for-next (8bc4a0445596 Merge branch 'for-4.9' into for-4.10)
$ git merge workqueues/for-next
Merge made by the 'recursive' strategy.
 arch/x86/kernel/cpu/mcheck/mce.c |   2 +-
 drivers/tty/vt/vt.c              |   4 --
 include/linux/workqueue.h        |  11 ++---
 init/main.c                      |  10 ++++
 kernel/power/qos.c               |  11 +----
 kernel/workqueue.c               | 103 ++++++++++++++++++++++++++++++++-------
 lib/debugobjects.c               |   2 +-
 mm/slab.c                        |   7 +--
 8 files changed, 102 insertions(+), 48 deletions(-)
Merging drivers-x86/for-next (ea893695ec11 platform/x86: asus-wmi: add SERIO_I8042 dependency)
$ git merge drivers-x86/for-next
Already up-to-date.
Merging chrome-platform/for-next (31b764171cb5 Revert "platform/chrome: chromeos_laptop: Add Leon Touch")
$ git merge chrome-platform/for-next
Merge made by the 'recursive' strategy.
Merging hsi/for-next (7ac5d7b1a125 HSI: hsi_char.h: use __u32 from linux/types.h)
$ git merge hsi/for-next
Already up-to-date.
Merging leds/for-next (d287715d4037 cleanup LED documentation and make it match reality)
$ git merge leds/for-next
Auto-merging include/uapi/linux/Kbuild
Merge made by the 'recursive' strategy.
 Documentation/ABI/testing/sysfs-class-led |  14 +-
 Documentation/leds/leds-lp5523.txt        |   4 +-
 Documentation/leds/uleds.txt              |  36 +++++
 drivers/leds/Kconfig                      |   8 ++
 drivers/leds/Makefile                     |   3 +
 drivers/leds/led-class.c                  |   3 +-
 drivers/leds/led-core.c                   |   8 +-
 drivers/leds/leds-lp3952.c                |   1 +
 drivers/leds/leds-mc13783.c               |   5 +-
 drivers/leds/trigger/ledtrig-cpu.c        |   2 +-
 drivers/leds/trigger/ledtrig-heartbeat.c  |  12 +-
 drivers/leds/uleds.c                      | 229 ++++++++++++++++++++++++++++++
 include/linux/leds.h                      |   1 -
 include/uapi/linux/Kbuild                 |   1 +
 include/uapi/linux/uleds.h                |  23 +++
 tools/Makefile                            |   7 +-
 tools/leds/.gitignore                     |   1 +
 tools/leds/Makefile                       |  13 ++
 tools/leds/uledmon.c                      |  62 ++++++++
 19 files changed, 412 insertions(+), 21 deletions(-)
 create mode 100644 Documentation/leds/uleds.txt
 create mode 100644 drivers/leds/uleds.c
 create mode 100644 include/uapi/linux/uleds.h
 create mode 100644 tools/leds/.gitignore
 create mode 100644 tools/leds/Makefile
 create mode 100644 tools/leds/uledmon.c
Merging ipmi/for-next (bd85f4b37ddf ipmi: fix crash on reading version from proc after unregisted bmc)
$ git merge ipmi/for-next
Auto-merging include/uapi/linux/Kbuild
Auto-merging drivers/Makefile
Merge made by the 'recursive' strategy.
 .../bindings/ipmi/aspeed,ast2400-bt-bmc.txt        |  23 +
 .../bindings/{ipmi.txt => ipmi/ipmi-smic.txt}      |   0
 drivers/Makefile                                   |   2 +-
 drivers/char/ipmi/Kconfig                          |   8 +
 drivers/char/ipmi/Makefile                         |   1 +
 drivers/char/ipmi/bt-bmc.c                         | 505 +++++++++++++++++++++
 drivers/char/ipmi/ipmi_msghandler.c                |   7 +-
 include/uapi/linux/Kbuild                          |   1 +
 include/uapi/linux/bt-bmc.h                        |  18 +
 9 files changed, 560 insertions(+), 5 deletions(-)
 create mode 100644 Documentation/devicetree/bindings/ipmi/aspeed,ast2400-bt-bmc.txt
 rename Documentation/devicetree/bindings/{ipmi.txt => ipmi/ipmi-smic.txt} (100%)
 create mode 100644 drivers/char/ipmi/bt-bmc.c
 create mode 100644 include/uapi/linux/bt-bmc.h
Merging driver-core/driver-core-next (1001354ca341 Linux 4.9-rc1)
$ git merge driver-core/driver-core-next
Already up-to-date.
Merging tty/tty-next (1001354ca341 Linux 4.9-rc1)
$ git merge tty/tty-next
Already up-to-date.
Merging usb/usb-next (1001354ca341 Linux 4.9-rc1)
$ git merge usb/usb-next
Already up-to-date.
Merging usb-gadget/next (1001354ca341 Linux 4.9-rc1)
$ git merge usb-gadget/next
Already up-to-date.
Merging usb-serial/usb-next (1001354ca341 Linux 4.9-rc1)
$ git merge usb-serial/usb-next
Already up-to-date.
Merging usb-chipidea-next/ci-for-usb-next (c6900310b6cc usb: chipidea: imx: Disable internal 60Mhz clock with ULPI PHY)
$ git merge usb-chipidea-next/ci-for-usb-next
Merge made by the 'recursive' strategy.
 drivers/usb/chipidea/ci_hdrc_imx.c |  4 ++
 drivers/usb/chipidea/ci_hdrc_imx.h |  1 +
 drivers/usb/chipidea/udc.c         |  6 +--
 drivers/usb/chipidea/udc.h         | 12 +++---
 drivers/usb/chipidea/usbmisc_imx.c | 86 +++++++++++++++++++++++++++++++-------
 5 files changed, 86 insertions(+), 23 deletions(-)
Merging staging/staging-next (26f64a6ba149 Staging: vt6655: Replace dwIoBase by iobase)
$ git merge staging/staging-next
Auto-merging drivers/staging/wilc1000/host_interface.c
Auto-merging drivers/staging/vc04_services/interface/vchiq_arm/vchiq_arm.c
Auto-merging drivers/staging/vc04_services/interface/vchiq_arm/vchiq_2835_arm.c
Removing drivers/staging/sm750fb/ddk750_help.h
Removing drivers/staging/sm750fb/ddk750_help.c
Auto-merging drivers/staging/rtl8192e/rtl8192e/rtl_core.c
Removing drivers/staging/lustre/lustre/obdclass/linux/linux-obdo.c
Removing drivers/staging/lustre/lustre/llite/llite_close.c
Auto-merging drivers/staging/greybus/uart.c
Merge made by the 'recursive' strategy.
 drivers/staging/android/ion/ion.c                  |    2 +-
 drivers/staging/android/uapi/ion_test.h            |    1 -
 drivers/staging/comedi/comedi.h                    |   55 +-
 drivers/staging/comedi/drivers/cb_pcidda.c         |    4 +-
 drivers/staging/comedi/drivers/mite.c              |    2 +-
 drivers/staging/comedi/drivers/ni_mio_common.c     |  150 +-
 drivers/staging/comedi/drivers/ni_stc.h            |   14 +
 drivers/staging/comedi/drivers/pcl818.c            |    6 +-
 drivers/staging/dgnc/dgnc_driver.c                 |    2 +-
 drivers/staging/dgnc/dgnc_tty.c                    |    4 +-
 drivers/staging/emxx_udc/emxx_udc.c                |    8 +-
 drivers/staging/fbtft/fb_agm1264k-fl.c             |   68 +-
 drivers/staging/fbtft/fb_ili9325.c                 |    9 +-
 drivers/staging/fbtft/fb_ili9481.c                 |    2 +-
 drivers/staging/fbtft/fb_ili9486.c                 |    2 +-
 drivers/staging/fbtft/fb_s6d02a1.c                 |    2 +-
 drivers/staging/fbtft/fb_st7735r.c                 |    2 +-
 drivers/staging/fbtft/fbtft-core.c                 |    2 +-
 drivers/staging/fbtft/fbtft.h                      |    4 +-
 drivers/staging/fbtft/fbtft_device.c               |   12 +-
 drivers/staging/fbtft/flexfb.c                     |  372 ++-
 drivers/staging/fwserial/fwserial.c                |    6 -
 drivers/staging/greybus/arche-apb-ctrl.c           |    8 +-
 drivers/staging/greybus/arche-platform.c           |    3 +-
 drivers/staging/greybus/audio_codec.c              |    5 +-
 drivers/staging/greybus/audio_manager.h            |    2 +-
 drivers/staging/greybus/audio_manager_module.c     |   20 +-
 drivers/staging/greybus/audio_manager_sysfs.c      |    9 +-
 drivers/staging/greybus/audio_module.c             |    2 +-
 drivers/staging/greybus/audio_topology.c           |    8 +-
 drivers/staging/greybus/camera.c                   |    7 +-
 drivers/staging/greybus/es2.c                      |    3 +-
 drivers/staging/greybus/timesync.c                 |    6 +-
 drivers/staging/greybus/uart.c                     |    2 +-
 drivers/staging/i4l/act2000/act2000_isa.c          |    1 +
 drivers/staging/i4l/act2000/capi.c                 |    7 +-
 drivers/staging/i4l/act2000/module.c               |   24 +-
 drivers/staging/i4l/icn/icn.c                      |    3 +-
 drivers/staging/i4l/icn/icn.h                      |    5 +-
 drivers/staging/i4l/pcbit/callbacks.c              |    2 +-
 drivers/staging/i4l/pcbit/capi.c                   |    4 +-
 drivers/staging/i4l/pcbit/drv.c                    |    4 +-
 drivers/staging/i4l/pcbit/edss1.c                  |    2 +-
 drivers/staging/i4l/pcbit/layer2.c                 |    2 +-
 drivers/staging/ks7010/ks7010_sdio.c               |   27 +-
 drivers/staging/ks7010/ks7010_sdio.h               |    2 +-
 drivers/staging/ks7010/ks_hostif.c                 |  120 +-
 drivers/staging/ks7010/ks_wlan.h                   |    4 +-
 drivers/staging/ks7010/ks_wlan_net.c               |  242 +-
 .../staging/lustre/lnet/libcfs/linux/linux-cpu.c   |   48 +-
 drivers/staging/lustre/lustre/include/cl_object.h  |  113 +-
 .../lustre/lustre/include/lustre/ll_fiemap.h       |   75 +-
 .../lustre/lustre/include/lustre/lustre_idl.h      |  102 +-
 .../lustre/lustre/include/lustre/lustre_ioctl.h    |    4 +-
 .../lustre/lustre/include/lustre/lustre_user.h     |   23 +-
 .../staging/lustre/lustre/include/lustre_compat.h  |    2 +
 drivers/staging/lustre/lustre/include/lustre_dlm.h |    2 +-
 drivers/staging/lustre/lustre/include/lustre_ha.h  |    1 +
 drivers/staging/lustre/lustre/include/lustre_mdc.h |   20 +-
 drivers/staging/lustre/lustre/include/lustre_net.h |  714 +-----
 drivers/staging/lustre/lustre/include/lustre_nrs.h |  717 ++++++
 .../lustre/lustre/include/lustre_nrs_fifo.h        |   70 +
 .../lustre/lustre/include/lustre_req_layout.h      |    4 -
 drivers/staging/lustre/lustre/include/obd.h        |  174 +-
 drivers/staging/lustre/lustre/include/obd_class.h  |  181 +-
 .../staging/lustre/lustre/include/obd_support.h    |   10 +-
 drivers/staging/lustre/lustre/ldlm/ldlm_flock.c    |   18 +-
 drivers/staging/lustre/lustre/ldlm/ldlm_internal.h |    7 +-
 drivers/staging/lustre/lustre/ldlm/ldlm_lib.c      |    5 +-
 drivers/staging/lustre/lustre/ldlm/ldlm_lock.c     |  282 ++-
 drivers/staging/lustre/lustre/ldlm/ldlm_lockd.c    |   26 -
 drivers/staging/lustre/lustre/ldlm/ldlm_pool.c     |    6 -
 drivers/staging/lustre/lustre/ldlm/ldlm_request.c  |   11 +-
 drivers/staging/lustre/lustre/ldlm/ldlm_resource.c |    4 -
 drivers/staging/lustre/lustre/llite/Makefile       |    2 +-
 drivers/staging/lustre/lustre/llite/dir.c          |  157 +-
 drivers/staging/lustre/lustre/llite/file.c         |  509 ++--
 drivers/staging/lustre/lustre/llite/glimpse.c      |  139 +-
 drivers/staging/lustre/lustre/llite/lcommon_cl.c   |   28 +-
 drivers/staging/lustre/lustre/llite/lcommon_misc.c |   39 +-
 drivers/staging/lustre/lustre/llite/llite_close.c  |  395 ----
 .../staging/lustre/lustre/llite/llite_internal.h   |   87 +-
 drivers/staging/lustre/lustre/llite/llite_lib.c    |  242 +-
 drivers/staging/lustre/lustre/llite/namei.c        |    8 -
 drivers/staging/lustre/lustre/llite/rw.c           |  218 +-
 drivers/staging/lustre/lustre/llite/rw26.c         |    4 -
 drivers/staging/lustre/lustre/llite/vvp_dev.c      |    3 +-
 drivers/staging/lustre/lustre/llite/vvp_internal.h |   33 +-
 drivers/staging/lustre/lustre/llite/vvp_io.c       |   73 +-
 drivers/staging/lustre/lustre/llite/vvp_object.c   |   25 +-
 drivers/staging/lustre/lustre/llite/vvp_page.c     |   40 +-
 drivers/staging/lustre/lustre/llite/vvp_req.c      |   13 +-
 drivers/staging/lustre/lustre/llite/xattr.c        |  234 +-
 drivers/staging/lustre/lustre/lmv/lmv_obd.c        |  198 +-
 .../staging/lustre/lustre/lov/lov_cl_internal.h    |    3 +-
 drivers/staging/lustre/lustre/lov/lov_ea.c         |  195 +-
 drivers/staging/lustre/lustre/lov/lov_internal.h   |   94 +-
 drivers/staging/lustre/lustre/lov/lov_io.c         |  109 +-
 drivers/staging/lustre/lustre/lov/lov_merge.c      |   50 -
 drivers/staging/lustre/lustre/lov/lov_obd.c        |  677 +-----
 drivers/staging/lustre/lustre/lov/lov_object.c     |  570 ++++-
 drivers/staging/lustre/lustre/lov/lov_pack.c       |  184 +-
 drivers/staging/lustre/lustre/lov/lov_page.c       |   46 -
 drivers/staging/lustre/lustre/lov/lov_request.c    |  292 ---
 drivers/staging/lustre/lustre/mdc/lproc_mdc.c      |   38 +
 drivers/staging/lustre/lustre/mdc/mdc_internal.h   |    5 +-
 drivers/staging/lustre/lustre/mdc/mdc_lib.c        |   23 +-
 drivers/staging/lustre/lustre/mdc/mdc_locks.c      |    2 -
 drivers/staging/lustre/lustre/mdc/mdc_reint.c      |   62 +-
 drivers/staging/lustre/lustre/mdc/mdc_request.c    |  197 +-
 drivers/staging/lustre/lustre/mgc/mgc_request.c    |   94 +-
 drivers/staging/lustre/lustre/obdclass/Makefile    |    2 +-
 drivers/staging/lustre/lustre/obdclass/cl_io.c     |   58 +-
 drivers/staging/lustre/lustre/obdclass/cl_object.c |   63 +-
 drivers/staging/lustre/lustre/obdclass/cl_page.c   |   47 -
 drivers/staging/lustre/lustre/obdclass/genops.c    |   57 +
 .../lustre/lustre/obdclass/linux/linux-obdo.c      |   80 -
 .../lustre/lustre/obdclass/lprocfs_status.c        |    7 +-
 drivers/staging/lustre/lustre/obdclass/lu_object.c |   63 +-
 drivers/staging/lustre/lustre/obdclass/obd_mount.c |    2 +-
 drivers/staging/lustre/lustre/obdclass/obdo.c      |   65 -
 .../staging/lustre/lustre/obdecho/echo_client.c    |  102 +-
 drivers/staging/lustre/lustre/osc/lproc_osc.c      |    3 +-
 drivers/staging/lustre/lustre/osc/osc_cache.c      |    3 +-
 .../staging/lustre/lustre/osc/osc_cl_internal.h    |    1 -
 drivers/staging/lustre/lustre/osc/osc_internal.h   |   32 +-
 drivers/staging/lustre/lustre/osc/osc_io.c         |  184 +-
 drivers/staging/lustre/lustre/osc/osc_lock.c       |   14 +-
 drivers/staging/lustre/lustre/osc/osc_object.c     |   91 +-
 drivers/staging/lustre/lustre/osc/osc_page.c       |   20 -
 drivers/staging/lustre/lustre/osc/osc_quota.c      |   44 -
 drivers/staging/lustre/lustre/osc/osc_request.c    |  363 +--
 drivers/staging/lustre/lustre/ptlrpc/client.c      |    8 +-
 drivers/staging/lustre/lustre/ptlrpc/import.c      |   25 +-
 drivers/staging/lustre/lustre/ptlrpc/layout.c      |   26 +-
 .../staging/lustre/lustre/ptlrpc/pack_generic.c    |   57 +-
 drivers/staging/lustre/lustre/ptlrpc/sec.c         |    2 +-
 drivers/staging/lustre/lustre/ptlrpc/wiretest.c    |  248 +-
 drivers/staging/media/bcm2048/radio-bcm2048.c      |    2 +-
 drivers/staging/media/cxd2099/cxd2099.c            |    3 +-
 drivers/staging/media/lirc/lirc_sasem.c            |    9 +-
 drivers/staging/media/lirc/lirc_zilog.c            |    4 +-
 drivers/staging/media/omap4iss/iss_csi2.c          |    2 +-
 drivers/staging/most/aim-network/networking.c      |   47 +-
 drivers/staging/most/hdm-dim2/dim2_hdm.c           |    5 +-
 drivers/staging/most/hdm-usb/hdm_usb.c             |  189 +-
 drivers/staging/most/mostcore/core.c               |   39 +-
 drivers/staging/netlogic/xlr_net.c                 |   20 +-
 drivers/staging/rtl8188eu/core/rtw_cmd.c           |    6 +-
 drivers/staging/rtl8188eu/core/rtw_led.c           |   78 +-
 drivers/staging/rtl8188eu/core/rtw_mlme.c          |    4 +-
 drivers/staging/rtl8188eu/core/rtw_mlme_ext.c      |    4 +-
 drivers/staging/rtl8188eu/core/rtw_pwrctrl.c       |    4 +-
 drivers/staging/rtl8188eu/core/rtw_recv.c          |   46 +-
 drivers/staging/rtl8188eu/core/rtw_sta_mgt.c       |    4 +-
 drivers/staging/rtl8188eu/core/rtw_xmit.c          |    9 +-
 drivers/staging/rtl8188eu/hal/odm.c                |    1 -
 drivers/staging/rtl8188eu/hal/phy.c                |   69 +-
 drivers/staging/rtl8188eu/hal/rf.c                 |   22 +-
 drivers/staging/rtl8188eu/hal/rf_cfg.c             |   70 +-
 drivers/staging/rtl8188eu/hal/rtl8188e_hal_init.c  |   51 +-
 drivers/staging/rtl8188eu/hal/rtl8188eu_led.c      |   20 +-
 drivers/staging/rtl8188eu/hal/rtl8188eu_recv.c     |   25 +-
 drivers/staging/rtl8188eu/hal/usb_halinit.c        |   21 +-
 drivers/staging/rtl8188eu/include/Hal8188EPhyCfg.h |   11 -
 drivers/staging/rtl8188eu/include/drv_types.h      |    2 -
 drivers/staging/rtl8188eu/include/hal_intf.h       |    1 +
 drivers/staging/rtl8188eu/include/odm.h            |    6 -
 drivers/staging/rtl8188eu/include/osdep_intf.h     |    3 +-
 drivers/staging/rtl8188eu/include/recv_osdep.h     |    2 -
 drivers/staging/rtl8188eu/include/rtl8188e_hal.h   |   20 -
 drivers/staging/rtl8188eu/include/rtl8188e_recv.h  |    2 -
 drivers/staging/rtl8188eu/include/rtw_led.h        |   12 -
 drivers/staging/rtl8188eu/include/rtw_recv.h       |   13 +-
 drivers/staging/rtl8188eu/include/usb_ops_linux.h  |    2 +-
 drivers/staging/rtl8188eu/include/xmit_osdep.h     |    4 +-
 drivers/staging/rtl8188eu/os_dep/os_intfs.c        |   33 +-
 drivers/staging/rtl8188eu/os_dep/recv_linux.c      |    6 -
 drivers/staging/rtl8188eu/os_dep/usb_intf.c        |   19 +-
 drivers/staging/rtl8188eu/os_dep/usb_ops_linux.c   |   56 +-
 drivers/staging/rtl8188eu/os_dep/xmit_linux.c      |    8 +-
 .../staging/rtl8192e/rtl8192e/r8192E_firmware.c    |    4 +-
 drivers/staging/rtl8192e/rtl8192e/rtl_core.c       |    2 +-
 drivers/staging/rtl8712/osdep_service.h            |    9 -
 drivers/staging/rtl8712/rtl871x_mlme.h             |   18 -
 drivers/staging/rtl8712/rtl871x_xmit.h             |    6 -
 drivers/staging/rts5208/ms.c                       |  393 ++--
 drivers/staging/rts5208/ms.h                       |    4 +-
 drivers/staging/rts5208/rtsx.c                     |   55 +-
 drivers/staging/rts5208/rtsx.h                     |    2 +-
 drivers/staging/rts5208/rtsx_card.c                |   94 +-
 drivers/staging/rts5208/rtsx_card.h                |   16 +-
 drivers/staging/rts5208/rtsx_chip.c                |   17 +-
 drivers/staging/rts5208/rtsx_chip.h                |  137 +-
 drivers/staging/rts5208/rtsx_scsi.c                |  319 +--
 drivers/staging/rts5208/rtsx_scsi.h                |    4 +-
 drivers/staging/rts5208/rtsx_sys.h                 |    4 +-
 drivers/staging/rts5208/rtsx_transport.h           |   30 +-
 drivers/staging/rts5208/sd.c                       |  813 +++----
 drivers/staging/rts5208/sd.h                       |    5 +-
 drivers/staging/rts5208/spi.c                      |  144 +-
 drivers/staging/rts5208/xd.c                       |  461 ++--
 drivers/staging/rts5208/xd.h                       |    2 +-
 drivers/staging/skein/skein_api.c                  |   26 +-
 drivers/staging/sm750fb/Makefile                   |    2 +-
 drivers/staging/sm750fb/ddk750.h                   |    1 -
 drivers/staging/sm750fb/ddk750_chip.c              |   61 +-
 drivers/staging/sm750fb/ddk750_chip.h              |   28 +-
 drivers/staging/sm750fb/ddk750_display.c           |    2 +-
 drivers/staging/sm750fb/ddk750_dvi.c               |    2 +-
 drivers/staging/sm750fb/ddk750_help.c              |   17 -
 drivers/staging/sm750fb/ddk750_help.h              |   21 -
 drivers/staging/sm750fb/ddk750_hwi2c.c             |    2 +-
 drivers/staging/sm750fb/ddk750_mode.c              |   12 +-
 drivers/staging/sm750fb/ddk750_power.c             |   14 +-
 drivers/staging/sm750fb/ddk750_power.h             |   12 +-
 drivers/staging/sm750fb/ddk750_swi2c.c             |    2 +-
 drivers/staging/sm750fb/sm750.c                    |   16 +-
 drivers/staging/sm750fb/sm750_hw.c                 |   11 +-
 drivers/staging/unisys/visorbus/visorchannel.c     |    1 +
 drivers/staging/unisys/visorbus/visorchipset.c     |    2 +-
 .../interface/vchiq_arm/vchiq_2835_arm.c           |   21 +-
 .../vc04_services/interface/vchiq_arm/vchiq_arm.c  |   41 +-
 .../vc04_services/interface/vchiq_arm/vchiq_core.c |  262 +--
 .../interface/vchiq_arm/vchiq_debugfs.c            |    4 +-
 .../interface/vchiq_arm/vchiq_kern_lib.c           |    9 +-
 drivers/staging/vt6655/baseband.c                  |   58 +-
 drivers/staging/vt6655/baseband.h                  |   11 -
 drivers/staging/vt6655/card.c                      |   38 +-
 drivers/staging/vt6655/card.h                      |    6 +-
 drivers/staging/vt6655/channel.c                   |    4 -
 drivers/staging/vt6655/channel.h                   |    4 -
 drivers/staging/vt6655/desc.h                      |    4 -
 drivers/staging/vt6655/device.h                    |   16 +-
 drivers/staging/vt6655/device_cfg.h                |    4 -
 drivers/staging/vt6655/device_main.c               |    5 -
 drivers/staging/vt6655/dpc.c                       |    4 -
 drivers/staging/vt6655/dpc.h                       |    4 -
 drivers/staging/vt6655/key.c                       |    5 -
 drivers/staging/vt6655/key.h                       |    5 -
 drivers/staging/vt6655/mac.c                       |    8 +-
 drivers/staging/vt6655/mac.h                       |  327 ++-
 drivers/staging/vt6655/power.c                     |    6 -
 drivers/staging/vt6655/power.h                     |    5 -
 drivers/staging/vt6655/rf.c                        |  707 +++---
 drivers/staging/vt6655/rf.h                        |    5 -
 drivers/staging/vt6655/rxtx.c                      |    4 -
 drivers/staging/vt6655/rxtx.h                      |    4 -
 drivers/staging/vt6655/srom.c                      |   36 +-
 drivers/staging/vt6655/srom.h                      |   11 +-
 drivers/staging/vt6655/tmacro.h                    |    4 -
 drivers/staging/vt6655/upc.h                       |    4 -
 drivers/staging/vt6656/baseband.h                  |   20 +-
 drivers/staging/vt6656/card.c                      |   15 +-
 drivers/staging/vt6656/main_usb.c                  |    2 +-
 drivers/staging/wilc1000/coreconfigurator.c        |    4 +-
 drivers/staging/wilc1000/host_interface.c          |   12 +-
 drivers/staging/wilc1000/host_interface.h          |    1 -
 drivers/staging/wilc1000/linux_wlan.c              |    6 +-
 drivers/staging/wilc1000/wilc_debugfs.c            |    6 +-
 drivers/staging/wilc1000/wilc_sdio.c               |    3 +-
 drivers/staging/wilc1000/wilc_spi.c                |    6 +-
 drivers/staging/wilc1000/wilc_wfi_cfgoperations.c  |   24 +-
 drivers/staging/wilc1000/wilc_wlan.h               |    6 -
 drivers/staging/wlan-ng/cfg80211.c                 |    6 +-
 drivers/staging/wlan-ng/hfa384x.h                  |   45 +-
 drivers/staging/wlan-ng/hfa384x_usb.c              | 2445 ++++++++++----------
 drivers/staging/wlan-ng/p80211conv.c               |  320 +--
 drivers/staging/wlan-ng/p80211conv.h               |  100 +-
 drivers/staging/wlan-ng/p80211hdr.h                |  114 +-
 drivers/staging/wlan-ng/p80211ioctl.h              |  120 +-
 drivers/staging/wlan-ng/p80211metadef.h            |   88 +-
 drivers/staging/wlan-ng/p80211mgmt.h               |  194 +-
 drivers/staging/wlan-ng/p80211msg.h                |   90 +-
 drivers/staging/wlan-ng/p80211netdev.c             |  638 ++---
 drivers/staging/wlan-ng/p80211netdev.h             |  100 +-
 drivers/staging/wlan-ng/p80211req.c                |  172 +-
 drivers/staging/wlan-ng/p80211req.h                |   90 +-
 drivers/staging/wlan-ng/p80211wep.c                |   94 +-
 drivers/staging/wlan-ng/prism2fw.c                 |  496 ++--
 drivers/staging/wlan-ng/prism2mgmt.c               |  518 +++--
 drivers/staging/wlan-ng/prism2mgmt.h               |  125 +-
 drivers/staging/wlan-ng/prism2mib.c                |  100 +-
 drivers/staging/wlan-ng/prism2sta.c                |  206 +-
 drivers/staging/xgifb/vb_setmode.c                 |    9 +-
 include/soc/bcm2835/raspberrypi-firmware.h         |   21 +
 286 files changed, 10004 insertions(+), 12170 deletions(-)
 create mode 100644 drivers/staging/lustre/lustre/include/lustre_nrs.h
 create mode 100644 drivers/staging/lustre/lustre/include/lustre_nrs_fifo.h
 delete mode 100644 drivers/staging/lustre/lustre/llite/llite_close.c
 delete mode 100644 drivers/staging/lustre/lustre/obdclass/linux/linux-obdo.c
 delete mode 100644 drivers/staging/sm750fb/ddk750_help.c
 delete mode 100644 drivers/staging/sm750fb/ddk750_help.h
Merging char-misc/char-misc-next (1001354ca341 Linux 4.9-rc1)
$ git merge char-misc/char-misc-next
Already up-to-date.
Merging extcon/extcon-next (67fafcf82c3e extcon: usb-gpio: Add VBUS detection support)
$ git merge extcon/extcon-next
Merge made by the 'recursive' strategy.
 .../devicetree/bindings/extcon/extcon-usb-gpio.txt |   3 +
 drivers/extcon/extcon-qcom-spmi-misc.c             |   2 +-
 drivers/extcon/extcon-usb-gpio.c                   | 169 ++++++++++++++++-----
 3 files changed, 133 insertions(+), 41 deletions(-)
Merging slave-dma/next (3277a5ccb332 Merge branch 'topic/st_fdma' into next)
$ git merge slave-dma/next
Auto-merging arch/arm/configs/multi_v7_defconfig
Auto-merging MAINTAINERS
Merge made by the 'recursive' strategy.
 .../devicetree/bindings/dma/qcom_hidma_mgmt.txt    |  12 +-
 Documentation/devicetree/bindings/dma/st_fdma.txt  |  87 ++
 MAINTAINERS                                        |   3 +
 arch/arm/configs/multi_v7_defconfig                |   6 +
 drivers/dma/Kconfig                                |  14 +
 drivers/dma/Makefile                               |   1 +
 drivers/dma/edma.c                                 |   1 +
 drivers/dma/ioat/dma.c                             |  10 +-
 drivers/dma/omap-dma.c                             | 124 ++-
 drivers/dma/pxa_dma.c                              |  28 -
 drivers/dma/qcom/hidma.h                           |   2 +
 drivers/dma/qcom/hidma_dbg.c                       |   1 -
 drivers/dma/qcom/hidma_ll.c                        |  49 +-
 drivers/dma/qcom/hidma_mgmt.c                      |   9 +-
 drivers/dma/st_fdma.c                              | 889 +++++++++++++++++++++
 drivers/dma/st_fdma.h                              | 249 ++++++
 drivers/of/irq.c                                   |   1 +
 drivers/remoteproc/Kconfig                         |  25 +-
 drivers/remoteproc/Makefile                        |   1 +
 drivers/remoteproc/st_slim_rproc.c                 | 364 +++++++++
 include/linux/remoteproc/st_slim_rproc.h           |  58 ++
 21 files changed, 1833 insertions(+), 101 deletions(-)
 create mode 100644 Documentation/devicetree/bindings/dma/st_fdma.txt
 create mode 100644 drivers/dma/st_fdma.c
 create mode 100644 drivers/dma/st_fdma.h
 create mode 100644 drivers/remoteproc/st_slim_rproc.c
 create mode 100644 include/linux/remoteproc/st_slim_rproc.h
Merging cgroup/for-next (4221d2ce6e57 Merge branch 'for-4.9' into for-next)
$ git merge cgroup/for-next
Already up-to-date!
Merge made by the 'recursive' strategy.
Merging scsi/for-next (129344deecf4 Merge branch 'misc' into for-next)
$ git merge scsi/for-next
Removing drivers/scsi/g_NCR5380_mmio.c
Auto-merging drivers/scsi/Makefile
Auto-merging MAINTAINERS
Merge made by the 'recursive' strategy.
 .../devicetree/bindings/scsi/hisilicon-sas.txt     |   1 +
 MAINTAINERS                                        |   6 +-
 drivers/message/fusion/mptscsih.c                  |  11 +-
 drivers/s390/scsi/zfcp_dbf.c                       |   2 +-
 drivers/scsi/Kconfig                               |  32 +--
 drivers/scsi/Makefile                              |   1 -
 drivers/scsi/NCR5380.c                             | 143 +++++-----
 drivers/scsi/NCR5380.h                             |  87 +++++--
 drivers/scsi/arcmsr/arcmsr.h                       |   5 +-
 drivers/scsi/arcmsr/arcmsr_hba.c                   |  82 +++---
 drivers/scsi/arm/cumana_1.c                        |  98 +++----
 drivers/scsi/arm/oak.c                             |  34 ++-
 drivers/scsi/atari_scsi.c                          |  77 +++---
 drivers/scsi/dmx3191d.c                            |  20 +-
 drivers/scsi/fcoe/fcoe_ctlr.c                      |  72 ++++-
 drivers/scsi/fnic/fnic_trace.c                     |   4 +-
 drivers/scsi/fnic/fnic_trace.h                     |   2 +-
 drivers/scsi/g_NCR5380.c                           | 290 ++++++++++-----------
 drivers/scsi/g_NCR5380.h                           |  32 +--
 drivers/scsi/g_NCR5380_mmio.c                      |  10 -
 drivers/scsi/hisi_sas/hisi_sas.h                   |   2 +
 drivers/scsi/hisi_sas/hisi_sas_main.c              |   7 +
 drivers/scsi/hisi_sas/hisi_sas_v2_hw.c             |   5 +-
 drivers/scsi/hpsa.c                                |   3 +-
 drivers/scsi/ipr.c                                 | 176 ++++---------
 drivers/scsi/ipr.h                                 |   7 +-
 drivers/scsi/libfc/fc_disc.c                       |  38 ++-
 drivers/scsi/libfc/fc_exch.c                       |  15 +-
 drivers/scsi/libfc/fc_lport.c                      |   9 +-
 drivers/scsi/libfc/fc_rport.c                      | 197 ++++++++++----
 drivers/scsi/lpfc/lpfc.h                           |   6 +
 drivers/scsi/lpfc/lpfc_attr.c                      | 160 ++++--------
 drivers/scsi/lpfc/lpfc_bsg.c                       |  45 ++++
 drivers/scsi/lpfc/lpfc_bsg.h                       |  10 +
 drivers/scsi/lpfc/lpfc_crtn.h                      |   2 -
 drivers/scsi/lpfc/lpfc_els.c                       |   2 +-
 drivers/scsi/lpfc/lpfc_hw4.h                       |  18 +-
 drivers/scsi/lpfc/lpfc_init.c                      | 116 ++++++---
 drivers/scsi/lpfc/lpfc_scsi.c                      |  49 ++--
 drivers/scsi/lpfc/lpfc_sli.c                       |  41 ++-
 drivers/scsi/lpfc/lpfc_version.h                   |   2 +-
 drivers/scsi/mac_scsi.c                            |  83 +++---
 drivers/scsi/scsi_dh.c                             |   6 +-
 drivers/scsi/scsi_scan.c                           |   6 +-
 drivers/scsi/sun3_scsi.c                           |  80 +++---
 drivers/scsi/ufs/ufs-qcom.c                        |  10 +-
 drivers/scsi/ufs/ufshcd.c                          |  17 +-
 drivers/scsi/ufs/ufshcd.h                          |   8 +-
 48 files changed, 1162 insertions(+), 967 deletions(-)
 delete mode 100644 drivers/scsi/g_NCR5380_mmio.c
Merging target-updates/for-next (291e3e51a34d target: fix spelling mistake: "limitiation" -> "limitation")
$ git merge target-updates/for-next
Already up-to-date.
Merging target-merge/for-next-merge (2994a7518317 cxgb4: update Kconfig and Makefile)
$ git merge target-merge/for-next-merge
Already up-to-date.
Merging libata/for-next (76468ec587b7 Merge branch 'for-4.10' into for-next)
$ git merge libata/for-next
Auto-merging include/linux/blkdev.h
Auto-merging block/blk-core.c
Merge made by the 'recursive' strategy.
 block/blk-core.c          |  4 ++-
 drivers/ata/ahci.c        | 31 +++++++++++---------
 drivers/ata/ahci_qoriq.c  | 16 ++++++++--
 drivers/ata/libahci.c     |  1 +
 drivers/ata/libata-core.c | 36 ++++++++++++++++++++++-
 drivers/ata/libata-scsi.c | 74 ++++++++++++++++++++++++++++++++++++++++++++++-
 drivers/ata/libata.h      |  2 +-
 include/linux/ata.h       |  6 ++++
 include/linux/blkdev.h    | 14 +++++++++
 include/linux/libata.h    |  5 ++++
 10 files changed, 168 insertions(+), 21 deletions(-)
Merging binfmt_misc/for-next (4af75df6a410 binfmt_misc: add F option description to documentation)
$ git merge binfmt_misc/for-next
Already up-to-date.
Merging vhost/linux-next (789ffaecf80b virtio_pci: Limit DMA mask to 44 bits for legacy virtio devices)
$ git merge vhost/linux-next
Merge made by the 'recursive' strategy.
 drivers/virtio/virtio_pci_legacy.c | 16 ++++++++++++----
 1 file changed, 12 insertions(+), 4 deletions(-)
Merging remoteproc/for-next (7a6271a80cae remoteproc/wkup_m3: Use MODULE_DEVICE_TABLE to export alias)
$ git merge remoteproc/for-next
Resolved 'drivers/remoteproc/remoteproc_core.c' using previous resolution.
Auto-merging drivers/remoteproc/remoteproc_core.c
CONFLICT (content): Merge conflict in drivers/remoteproc/remoteproc_core.c
Automatic merge failed; fix conflicts and then commit the result.
$ git commit -v -a
[master 5c0349cdf875] Merge remote-tracking branch 'remoteproc/for-next'
$ git diff -M --stat --summary HEAD^..
Merging rpmsg/for-next (20b1f39a51dc Merge branches 'hwspinlock-next', 'rpmsg-next' and 'rproc-next' into for-next)
$ git merge rpmsg/for-next
Merge made by the 'recursive' strategy.
 drivers/remoteproc/qcom_q6v5_pil.c   |  1 +
 drivers/remoteproc/qcom_wcnss.c      |  1 +
 drivers/remoteproc/qcom_wcnss_iris.c |  1 +
 drivers/remoteproc/remoteproc_core.c | 31 ++++++++++++++++---------------
 include/linux/remoteproc.h           |  2 +-
 5 files changed, 20 insertions(+), 16 deletions(-)
Merging gpio/for-next (a5ea9f982d2b gpio: mxs: Unmap region obtained by of_iomap)
$ git merge gpio/for-next
Merge made by the 'recursive' strategy.
 Documentation/gpio/board.txt | 11 +++++++----
 drivers/gpio/gpio-mxs.c      |  8 ++++++--
 2 files changed, 13 insertions(+), 6 deletions(-)
Merging dma-mapping/dma-mapping-next (d770e558e219 Linux 4.2-rc1)
$ git merge dma-mapping/dma-mapping-next
Already up-to-date.
Merging pwm/for-next (dc8e6e1e8f2d Merge branch 'for-4.9/drivers' into for-next)
$ git merge pwm/for-next
Already up-to-date.
Merging dma-buf/for-next (194cad44c4e1 dma-buf/sync_file: improve Kconfig description for Sync Files)
$ git merge dma-buf/for-next
Resolved 'drivers/dma-buf/Kconfig' using previous resolution.
Auto-merging drivers/dma-buf/Kconfig
CONFLICT (content): Merge conflict in drivers/dma-buf/Kconfig
Automatic merge failed; fix conflicts and then commit the result.
$ git commit -v -a
[master 4aa79c0ab72a] Merge remote-tracking branch 'dma-buf/for-next'
$ git diff -M --stat --summary HEAD^..
Merging userns/for-next (ce99dd5fd5f6 mm: Add a user_ns owner to mm_struct and fix ptrace_may_access)
$ git merge userns/for-next
Auto-merging kernel/ptrace.c
Merge made by the 'recursive' strategy.
 include/linux/mm_types.h |  1 +
 kernel/fork.c            |  9 ++++++---
 kernel/ptrace.c          | 17 ++++++-----------
 mm/init-mm.c             |  2 ++
 4 files changed, 15 insertions(+), 14 deletions(-)
Merging ktest/for-next (2dcd0af568b0 Linux 4.6)
$ git merge ktest/for-next
Already up-to-date.
Merging clk/clk-next (d3397484bb5b clk: hi6220: use CLK_OF_DECLARE_DRIVER for sysctrl and mediactrl clock init)
$ git merge clk/clk-next
Merge made by the 'recursive' strategy.
 drivers/clk/bcm/clk-bcm2835.c            | 11 ++++-------
 drivers/clk/clk-max77686.c               |  1 +
 drivers/clk/hisilicon/clk-hi6220.c       |  4 ++--
 drivers/clk/mediatek/Kconfig             |  2 ++
 drivers/clk/mvebu/armada-37xx-periph.c   | 11 ++++++-----
 drivers/clk/samsung/clk-exynos-audss.c   |  1 +
 drivers/clk/uniphier/clk-uniphier-core.c |  4 ++++
 drivers/clk/uniphier/clk-uniphier-mux.c  |  2 +-
 include/linux/clk-provider.h             |  2 +-
 9 files changed, 22 insertions(+), 16 deletions(-)
Merging random/dev (59b8d4f1f5d2 random: use for_each_online_node() to iterate over NUMA nodes)
$ git merge random/dev
Already up-to-date.
Merging aio/master (b562e44f507e Linux 4.5)
$ git merge aio/master
Already up-to-date.
Merging kselftest/next (fecf861e765b selftests/futex: Check ANSI terminal color support)
$ git merge kselftest/next
Already up-to-date.
Merging y2038/y2038 (549eb7b22e24 AFS: Correctly use 64-bit time for UUID)
$ git merge y2038/y2038
Resolved 'fs/afs/main.c' using previous resolution.
Auto-merging fs/afs/main.c
CONFLICT (content): Merge conflict in fs/afs/main.c
Automatic merge failed; fix conflicts and then commit the result.
$ git commit -v -a
[master 42e3bd21d061] Merge remote-tracking branch 'y2038/y2038'
$ git diff -M --stat --summary HEAD^..
 fs/afs/main.c | 6 ++----
 1 file changed, 2 insertions(+), 4 deletions(-)
Merging luto-misc/next (2dcd0af568b0 Linux 4.6)
$ git merge luto-misc/next
Already up-to-date.
Merging borntraeger/linux-next (b562e44f507e Linux 4.5)
$ git merge borntraeger/linux-next
Already up-to-date.
Merging livepatching/for-next (2992ef29ae01 livepatch/module: make TAINT_LIVEPATCH module-specific)
$ git merge livepatching/for-next
Already up-to-date.
Merging coresight/next (e87d6305b858 coresight: reset "enable_sink" flag when need be)
$ git merge coresight/next
Merge made by the 'recursive' strategy.
 drivers/hwtracing/coresight/coresight-etm-perf.c   | 31 ++++-----
 drivers/hwtracing/coresight/coresight-etm.h        |  5 ++
 .../hwtracing/coresight/coresight-etm3x-sysfs.c    | 12 +++-
 drivers/hwtracing/coresight/coresight-priv.h       |  4 +-
 drivers/hwtracing/coresight/coresight-stm.c        |  4 +-
 drivers/hwtracing/coresight/coresight.c            | 74 ++++++++++++++++++++--
 6 files changed, 105 insertions(+), 25 deletions(-)
Merging rtc/rtc-next (290cd0f07f0c rtc: cmos: don't refer to asm-generic/rtc.h)
$ git merge rtc/rtc-next
Merge made by the 'recursive' strategy.
 drivers/rtc/Kconfig    |  4 +--
 drivers/rtc/rtc-cmos.c | 75 ++++++++++++++++++++++++++++++++++++++++++++++++--
 2 files changed, 74 insertions(+), 5 deletions(-)
Merging hwspinlock/for-next (bd5717a4632c hwspinlock: qcom: Correct msb in regmap_field)
$ git merge hwspinlock/for-next
Already up-to-date.
Merging nvdimm/libnvdimm-for-next (e476f94482fc Merge branch 'for-4.9/dax' into libnvdimm-for-next)
$ git merge nvdimm/libnvdimm-for-next
Already up-to-date.
Merging dax-misc/dax-misc (4d9a2c874667 dax: Remove i_mmap_lock protection)
$ git merge dax-misc/dax-misc
Already up-to-date.
Merging akpm-current/current (000cf9328226 kdump, vmcoreinfo: report actual value of phys_base)
$ git merge --no-ff akpm-current/current
Auto-merging mm/slab.c
Auto-merging include/linux/kernel.h
Auto-merging arch/powerpc/platforms/85xx/corenet_generic.c
Auto-merging arch/powerpc/kernel/traps.c
Auto-merging arch/powerpc/kernel/misc_64.S
Auto-merging arch/powerpc/kernel/misc_32.S
Auto-merging arch/powerpc/kernel/head_64.S
Auto-merging arch/powerpc/kernel/Makefile
Auto-merging arch/powerpc/include/asm/unistd.h
Auto-merging arch/powerpc/Makefile
Auto-merging arch/Kconfig
Auto-merging Documentation/kernel-parameters.txt
Merge made by the 'recursive' strategy.
 Documentation/kernel-parameters.txt           |   4 +
 Kbuild                                        |  12 +-
 arch/Kconfig                                  |   3 +
 arch/arm/include/asm/page.h                   |   2 +
 arch/ia64/kernel/Makefile                     |   8 +-
 arch/powerpc/Kconfig                          |  16 +-
 arch/powerpc/Makefile                         |   1 +
 arch/powerpc/boot/string.S                    |  67 ++--
 arch/powerpc/configs/powernv_defconfig        |   2 +
 arch/powerpc/configs/ppc64_defconfig          |   2 +
 arch/powerpc/configs/pseries_defconfig        |   2 +
 arch/powerpc/include/asm/debug.h              |   2 +-
 arch/powerpc/include/asm/elf_util.h           |  92 +++++
 arch/powerpc/include/asm/ima.h                |  29 ++
 arch/powerpc/include/asm/kexec.h              |  28 +-
 arch/powerpc/include/asm/kexec_elf_64.h       |  10 +
 arch/powerpc/include/asm/machdep.h            |   4 +-
 arch/powerpc/include/asm/module.h             |  14 +-
 arch/powerpc/include/asm/smp.h                |   2 +-
 arch/powerpc/include/asm/systbl.h             |   1 +
 arch/powerpc/include/asm/unistd.h             |   2 +-
 arch/powerpc/include/uapi/asm/unistd.h        |   1 +
 arch/powerpc/kernel/Makefile                  |   8 +-
 arch/powerpc/kernel/elf_util.c                | 476 ++++++++++++++++++++++++++
 arch/powerpc/kernel/elf_util_64.c             | 376 ++++++++++++++++++++
 arch/powerpc/kernel/head_64.S                 |   2 +-
 arch/powerpc/kernel/ima_kexec.c               | 223 ++++++++++++
 arch/powerpc/kernel/kexec_elf_64.c            | 282 +++++++++++++++
 arch/powerpc/kernel/machine_kexec_64.c        | 474 +++++++++++++++++++++++++
 arch/powerpc/kernel/misc_32.S                 |   2 +-
 arch/powerpc/kernel/misc_64.S                 |   6 +-
 arch/powerpc/kernel/module_64.c               | 329 +++---------------
 arch/powerpc/kernel/prom.c                    |   2 +-
 arch/powerpc/kernel/setup_64.c                |   4 +-
 arch/powerpc/kernel/smp.c                     |   6 +-
 arch/powerpc/kernel/traps.c                   |   2 +-
 arch/powerpc/platforms/85xx/corenet_generic.c |   2 +-
 arch/powerpc/platforms/85xx/smp.c             |   8 +-
 arch/powerpc/platforms/cell/spu_base.c        |   2 +-
 arch/powerpc/platforms/powernv/setup.c        |   6 +-
 arch/powerpc/platforms/ps3/setup.c            |   4 +-
 arch/powerpc/platforms/pseries/Makefile       |   2 +-
 arch/powerpc/platforms/pseries/setup.c        |   4 +-
 arch/powerpc/purgatory/.gitignore             |   2 +
 arch/powerpc/purgatory/Makefile               |  48 +++
 arch/powerpc/purgatory/console-ppc64.c        |  38 ++
 arch/powerpc/purgatory/crashdump-ppc64.h      |  42 +++
 arch/powerpc/purgatory/crashdump_backup.c     |  36 ++
 arch/powerpc/purgatory/crtsavres.S            |   5 +
 arch/powerpc/purgatory/hvCall.S               |  27 ++
 arch/powerpc/purgatory/hvCall.h               |   8 +
 arch/powerpc/purgatory/kexec-sha256.h         |  11 +
 arch/powerpc/purgatory/ppc64_asm.h            |  20 ++
 arch/powerpc/purgatory/printf.c               | 164 +++++++++
 arch/powerpc/purgatory/purgatory-ppc64.c      |  41 +++
 arch/powerpc/purgatory/purgatory-ppc64.h      |   6 +
 arch/powerpc/purgatory/purgatory.c            |  62 ++++
 arch/powerpc/purgatory/purgatory.h            |  11 +
 arch/powerpc/purgatory/sha256.c               |   6 +
 arch/powerpc/purgatory/sha256.h               |   1 +
 arch/powerpc/purgatory/string.S               |   2 +
 arch/powerpc/purgatory/v2wrap.S               | 134 ++++++++
 arch/um/Makefile                              |   2 +-
 arch/x86/kernel/crash.c                       |  37 +-
 arch/x86/kernel/kexec-bzimage64.c             |  48 +--
 arch/x86/kernel/machine_kexec_64.c            |   1 +
 arch/x86/um/shared/sysdep/kernel-offsets.h    |   2 +-
 arch/x86/um/user-offsets.c                    |   4 +-
 block/genhd.c                                 |   2 +-
 include/linux/crc64_ecma.h                    |  56 +++
 include/linux/ima.h                           |  12 +
 include/linux/kbuild.h                        |   2 +-
 include/linux/kernel.h                        |  15 +
 include/linux/kexec.h                         |  38 +-
 include/linux/llist.h                         |  26 +-
 include/trace/events/zsmalloc.h               |  76 ++++
 kernel/kcov.c                                 |   9 +-
 kernel/kexec_file.c                           | 145 ++++----
 kernel/kexec_internal.h                       |  16 -
 kernel/watchdog.c                             |   1 -
 lib/Kconfig                                   |   7 +
 lib/Makefile                                  |   1 +
 lib/crc64_ecma.c                              | 341 ++++++++++++++++++
 mm/page_owner.c                               |   4 +-
 mm/slab.c                                     |   2 +-
 mm/zsmalloc.c                                 |  27 +-
 scripts/mod/Makefile                          |  11 +-
 security/integrity/ima/Kconfig                |  12 +
 security/integrity/ima/Makefile               |   1 +
 security/integrity/ima/ima.h                  |  31 ++
 security/integrity/ima/ima_crypto.c           |   6 +-
 security/integrity/ima/ima_fs.c               |  30 +-
 security/integrity/ima/ima_init.c             |   2 +
 security/integrity/ima/ima_kexec.c            | 168 +++++++++
 security/integrity/ima/ima_main.c             |   1 +
 security/integrity/ima/ima_queue.c            |  76 +++-
 security/integrity/ima/ima_template.c         | 293 +++++++++++++++-
 security/integrity/ima/ima_template_lib.c     |   7 +-
 98 files changed, 4147 insertions(+), 553 deletions(-)
 create mode 100644 arch/powerpc/include/asm/elf_util.h
 create mode 100644 arch/powerpc/include/asm/ima.h
 create mode 100644 arch/powerpc/include/asm/kexec_elf_64.h
 create mode 100644 arch/powerpc/kernel/elf_util.c
 create mode 100644 arch/powerpc/kernel/elf_util_64.c
 create mode 100644 arch/powerpc/kernel/ima_kexec.c
 create mode 100644 arch/powerpc/kernel/kexec_elf_64.c
 create mode 100644 arch/powerpc/purgatory/.gitignore
 create mode 100644 arch/powerpc/purgatory/Makefile
 create mode 100644 arch/powerpc/purgatory/console-ppc64.c
 create mode 100644 arch/powerpc/purgatory/crashdump-ppc64.h
 create mode 100644 arch/powerpc/purgatory/crashdump_backup.c
 create mode 100644 arch/powerpc/purgatory/crtsavres.S
 create mode 100644 arch/powerpc/purgatory/hvCall.S
 create mode 100644 arch/powerpc/purgatory/hvCall.h
 create mode 100644 arch/powerpc/purgatory/kexec-sha256.h
 create mode 100644 arch/powerpc/purgatory/ppc64_asm.h
 create mode 100644 arch/powerpc/purgatory/printf.c
 create mode 100644 arch/powerpc/purgatory/purgatory-ppc64.c
 create mode 100644 arch/powerpc/purgatory/purgatory-ppc64.h
 create mode 100644 arch/powerpc/purgatory/purgatory.c
 create mode 100644 arch/powerpc/purgatory/purgatory.h
 create mode 100644 arch/powerpc/purgatory/sha256.c
 create mode 100644 arch/powerpc/purgatory/sha256.h
 create mode 100644 arch/powerpc/purgatory/string.S
 create mode 100644 arch/powerpc/purgatory/v2wrap.S
 create mode 100644 include/linux/crc64_ecma.h
 create mode 100644 include/trace/events/zsmalloc.h
 create mode 100644 lib/crc64_ecma.c
 create mode 100644 security/integrity/ima/ima_kexec.c
$ git am -3 ../patches/0001-powerpc-merge-fix-for-CONFIG_WORD_SIZE-BITS-rename.patch
Applying: powerpc: merge fix for CONFIG_WORD_SIZE -> BITS rename
$ git reset HEAD^
Unstaged changes after reset:
M	arch/powerpc/kernel/Makefile
M	arch/powerpc/purgatory/Makefile
$ git add -A .
$ git commit -v -a --amend
[master 2d6534f5dd2a] Merge branch 'akpm-current/current'
 Date: Thu Oct 20 13:50:33 2016 +1100
$ git am -3 ../patches/0001-powerpc-include-asm-ima.h-for-setup_ima_buffer.patch
Applying: powerpc: include asm/ima.h for setup_ima_buffer
$ git reset HEAD^
Unstaged changes after reset:
M	arch/powerpc/kernel/machine_kexec_64.c
$ git add -A .
$ git commit -v -a --amend
[master 127325f7a7ff] Merge branch 'akpm-current/current'
 Date: Thu Oct 20 13:50:33 2016 +1100
$ git am -3 ../patches/0001-powerpc-disable-KEXEC_FILE-for-now.patch
Applying: powerpc: disable KEXEC_FILE for now
$ git reset HEAD^
Unstaged changes after reset:
M	arch/powerpc/Kconfig
$ git add -A .
$ git commit -v -a --amend
[master d47a41dab0bf] Merge branch 'akpm-current/current'
 Date: Thu Oct 20 13:50:33 2016 +1100
$ git clone -s -l -n -q . ../rebase-tmp
$ cd ../rebase-tmp
$ git checkout -b akpm remotes/origin/akpm/master
Switched to a new branch 'akpm'
$ git rebase --onto master remotes/origin/akpm/master-base
First, rewinding head to replay your work on top of it...
Applying: drivers/net/wireless/intel/iwlwifi/dvm/calib.c: simplfy min() expression
$ cd ../next
$ git fetch -f ../rebase-tmp akpm:akpm/master
From ../rebase-tmp
 + 2ecf24a63bfa...48ab12bc90f8 akpm       -> akpm/master  (forced update)
$ rm -rf ../rebase-tmp
Merging akpm/master (48ab12bc90f8 drivers/net/wireless/intel/iwlwifi/dvm/calib.c: simplfy min() expression)
$ git merge --no-ff akpm/master
Merge made by the 'recursive' strategy.
 drivers/net/wireless/intel/iwlwifi/dvm/calib.c | 3 +--
 1 file changed, 1 insertion(+), 2 deletions(-)
